Archive member included to satisfy reference by file (symbol)

C:\Program Files (x86)\Cypress\PSoC Creator\4.4\PSoC Creator\psoc\content\CyComponentLibrary\CyComponentLibrary.cylib\CapSense_TMG_v2_0\Library\Gestures_GCC_M4.a(Gesture.o)
                              .\CortexM4\ARM_GCC_541\Debug\CapSense_TMG.o (Gesture_DecodeFlickGestures)
C:\Program Files (x86)\Cypress\PSoC Creator\4.4\PSoC Creator\psoc\content\CyComponentLibrary\CyComponentLibrary.cylib\CapSense_v3_0\Library\CapSense_Library_GCC_M4.a(CapSense_SmartSense_LL.o)
                              .\CortexM4\ARM_GCC_541\Debug\CapSense_Sensing.o (SmartSense_TunePrescalers)
C:\Program Files (x86)\Cypress\PSoC Creator\4.4\PSoC Creator\psoc\content\CyComponentLibrary\CyComponentLibrary.cylib\CapSense_v3_0\Library\CapSense_Library_GCC_M4.a(CapSense_SmartSense_SL.o)
                              .\CortexM4\ARM_GCC_541\Debug\CapSense_Processing.o (SmartSense_UpdateThresholds)
Generated_Source\PSoC6\pdl\middleware\ble\lib\cy_ble_stack_gcc_host_ipc_cm4.a(CyBleStackMgrIP_Interface.o)
                              .\CortexM4\ARM_GCC_541\Debug\cy_ble.o (Cy_BLE_EnablePrivacyFeature)
Generated_Source\PSoC6\pdl\middleware\ble\lib\cy_ble_stack_gcc_host_ipc_cm4.a(BT_os.o)
                              Generated_Source\PSoC6\pdl\middleware\ble\lib\cy_ble_stack_gcc_host_ipc_cm4.a(CyBleStackMgrIP_Interface.o) (cyBleStackMemoryConfig)
Generated_Source\PSoC6\pdl\middleware\ble\lib\cy_ble_stack_gcc_host_ipc_cm4.a(CyBleStackMgr_StackTaskHandler.o)
                              Generated_Source\PSoC6\pdl\middleware\ble\lib\cy_ble_stack_gcc_host_ipc_cm4.a(CyBleStackMgrIP_Interface.o) (CyBle_CreateBleStackTask)
Generated_Source\PSoC6\pdl\middleware\ble\lib\cy_ble_stack_gcc_host_ipc_cm4.a(storage_pl.o)
                              Generated_Source\PSoC6\pdl\middleware\ble\lib\cy_ble_stack_gcc_host_ipc_cm4.a(CyBleStackMgrIP_Interface.o) (storage_manager_init)
Generated_Source\PSoC6\pdl\middleware\ble\lib\cy_ble_stack_gcc_host_ipc_cm4.a(mint_os.o)
                              Generated_Source\PSoC6\pdl\middleware\ble\lib\cy_ble_stack_gcc_host_ipc_cm4.a(CyBleStackMgrIP_Interface.o) (OS_init)
Generated_Source\PSoC6\pdl\middleware\ble\lib\cy_ble_stack_gcc_host_ipc_cm4.a(mint_os_queue.o)
                              Generated_Source\PSoC6\pdl\middleware\ble\lib\cy_ble_stack_gcc_host_ipc_cm4.a(mint_os.o) (OS_TOTAL_QUEUES)
Generated_Source\PSoC6\pdl\middleware\ble\lib\cy_ble_stack_gcc_host_ipc_cm4.a(mint_os_task.o)
                              Generated_Source\PSoC6\pdl\middleware\ble\lib\cy_ble_stack_gcc_host_ipc_cm4.a(mint_os.o) (idle_func_handler)
Generated_Source\PSoC6\pdl\middleware\ble\lib\cy_ble_stack_gcc_host_ipc_cm4.a(mint_buf_mgmt.o)
                              Generated_Source\PSoC6\pdl\middleware\ble\lib\cy_ble_stack_gcc_host_ipc_cm4.a(BT_os.o) (mint_buf_mgmt_allocate_buffer)
Generated_Source\PSoC6\pdl\middleware\ble\lib\cy_ble_stack_gcc_host_ipc_cm4.a(transport_ipc.o)
                              Generated_Source\PSoC6\pdl\middleware\ble\lib\cy_ble_stack_gcc_host_ipc_cm4.a(CyBleStackMgr_StackTaskHandler.o) (CyBleHost_HciIpcFreePktBuffer)
Generated_Source\PSoC6\pdl\middleware\ble\lib\cy_ble_stack_gcc_host_ipc_cm4.a(CyBleStackMgr_PSoCIPCHal.o)
                              Generated_Source\PSoC6\pdl\middleware\ble\lib\cy_ble_stack_gcc_host_ipc_cm4.a(transport_ipc.o) (CyBleHost_IPC_HAL_InitWithStaticMem)
Generated_Source\PSoC6\pdl\middleware\ble\lib\cy_ble_stack_gcc_host_ipc_cm4.a(host_main.o)
                              Generated_Source\PSoC6\pdl\middleware\ble\lib\cy_ble_stack_gcc_host_ipc_cm4.a(CyBleStackMgrIP_Interface.o) (CyBle_HostInit)
Generated_Source\PSoC6\pdl\middleware\ble\lib\cy_ble_stack_gcc_host_ipc_cm4.a(att_api.o)
                              Generated_Source\PSoC6\pdl\middleware\ble\lib\cy_ble_stack_gcc_host_ipc_cm4.a(host_main.o) (BT_att_register)
Generated_Source\PSoC6\pdl\middleware\ble\lib\cy_ble_stack_gcc_host_ipc_cm4.a(att_init.o)
                              Generated_Source\PSoC6\pdl\middleware\ble\lib\cy_ble_stack_gcc_host_ipc_cm4.a(att_api.o) (att_connections)
Generated_Source\PSoC6\pdl\middleware\ble\lib\cy_ble_stack_gcc_host_ipc_cm4.a(att_internal.o)
                              Generated_Source\PSoC6\pdl\middleware\ble\lib\cy_ble_stack_gcc_host_ipc_cm4.a(att_api.o) (att_get_fsm_event)
Generated_Source\PSoC6\pdl\middleware\ble\lib\cy_ble_stack_gcc_host_ipc_cm4.a(BT_common.o)
                              Generated_Source\PSoC6\pdl\middleware\ble\lib\cy_ble_stack_gcc_host_ipc_cm4.a(host_main.o) (BT_bluetooth_off)
Generated_Source\PSoC6\pdl\middleware\ble\lib\cy_ble_stack_gcc_host_ipc_cm4.a(device_queue.o)
                              Generated_Source\PSoC6\pdl\middleware\ble\lib\cy_ble_stack_gcc_host_ipc_cm4.a(host_main.o) (CyBle_DeviceQueueHeapDeInit)
Generated_Source\PSoC6\pdl\middleware\ble\lib\cy_ble_stack_gcc_host_ipc_cm4.a(l2cap.o)
[...]
Memory Configuration

Name             Origin             Length             Attributes
ram              0x08024000         0x00023800         xrw
flash            0x10080000         0x00080000         xr
em_eeprom        0x14000000         0x00008000         xr
sflash_user_data 0x16000800         0x00000800         xr
sflash_nar       0x16001a00         0x00000200         xr
sflash_public_key 0x16005a00         0x00000c00         xr
sflash_toc_2     0x16007c00         0x00000200         xr
sflash_rtoc_2    0x16007e00         0x00000200         xr
xip              0x18000000         0x08000000         xr
efuse            0x90700000         0x00100000         r
*default*        0x00000000         0xffffffff

Linker script and memory map

LOAD c:/program files (x86)/cypress/psoc creator/4.4/psoc creator/import/gnu/arm/5.4.1/bin/../lib/gcc/arm-none-eabi/5.4.1/armv7e-m/softfp/crti.o
LOAD c:/program files (x86)/cypress/psoc creator/4.4/psoc creator/import/gnu/arm/5.4.1/bin/../lib/gcc/arm-none-eabi/5.4.1/armv7e-m/softfp/crtbegin.o
LOAD c:/program files (x86)/cypress/psoc creator/4.4/psoc creator/import/gnu/arm/5.4.1/bin/../lib/gcc/arm-none-eabi/5.4.1/../../../../arm-none-eabi/lib/armv7e-m/softfp/crt0.o
START GROUP
LOAD Generated_Source\PSoC6\pdl\middleware\ble\lib\cy_ble_stack_gcc_host_ipc_cm4.a
LOAD .\CortexM4\ARM_GCC_541\Debug\startup_psoc6_01_cm4.o
LOAD .\CortexM4\ARM_GCC_541\Debug\main_cm4.o
LOAD .\CortexM4\ARM_GCC_541\Debug\uartTask.o
LOAD .\CortexM4\ARM_GCC_541\Debug\pwmTask.o
LOAD .\CortexM4\ARM_GCC_541\Debug\motorTask.o
LOAD .\CortexM4\ARM_GCC_541\Debug\ezI2CTask.o
LOAD .\CortexM4\ARM_GCC_541\Debug\capSenseTask.o
LOAD .\CortexM4\ARM_GCC_541\Debug\servoSlaveCommTask.o
LOAD .\CortexM4\ARM_GCC_541\Debug\system_psoc6_cm4.o
LOAD .\CortexM4\ARM_GCC_541\Debug\BLETask.o
LOAD .\CortexM4\ARM_GCC_541\Debug\stdio_user.o
LOAD .\CortexM4\ARM_GCC_541\Debug\cyfitter_sysint_cfg.o
LOAD .\CortexM4\ARM_GCC_541\Debug\cymetadata.o
LOAD .\CortexM4\ARM_GCC_541\Debug\UART.o
LOAD .\CortexM4\ARM_GCC_541\Debug\PWM_1.o
LOAD .\CortexM4\ARM_GCC_541\Debug\PWM_RED.o
LOAD .\CortexM4\ARM_GCC_541\Debug\EZI2C.o
LOAD .\CortexM4\ARM_GCC_541\Debug\LEDBlink.o
LOAD .\CortexM4\ARM_GCC_541\Debug\PWM_2.o
LOAD .\CortexM4\ARM_GCC_541\Debug\cy_sysint.o
LOAD .\CortexM4\ARM_GCC_541\Debug\cy_ipc_drv.o
LOAD .\CortexM4\ARM_GCC_541\Debug\cy_ipc_sema.o
LOAD .\CortexM4\ARM_GCC_541\Debug\cy_ipc_pipe.o
LOAD .\CortexM4\ARM_GCC_541\Debug\cy_sysclk.o
LOAD .\CortexM4\ARM_GCC_541\Debug\cy_wdt.o
LOAD .\CortexM4\ARM_GCC_541\Debug\cy_tcpwm_counter.o
LOAD .\CortexM4\ARM_GCC_541\Debug\cy_tcpwm_pwm.o
LOAD .\CortexM4\ARM_GCC_541\Debug\cy_tcpwm_quaddec.o
LOAD .\CortexM4\ARM_GCC_541\Debug\cy_scb_common.o
LOAD .\CortexM4\ARM_GCC_541\Debug\cy_scb_i2c.o
LOAD .\CortexM4\ARM_GCC_541\Debug\cy_scb_ezi2c.o
LOAD .\CortexM4\ARM_GCC_541\Debug\cy_scb_spi.o
LOAD .\CortexM4\ARM_GCC_541\Debug\cy_scb_uart.o
LOAD .\CortexM4\ARM_GCC_541\Debug\cy_efuse.o
LOAD .\CortexM4\ARM_GCC_541\Debug\cy_flash.o
LOAD .\CortexM4\ARM_GCC_541\Debug\cy_gpio.o
LOAD .\CortexM4\ARM_GCC_541\Debug\cy_sysanalog.o
LOAD .\CortexM4\ARM_GCC_541\Debug\cy_syspm.o
LOAD .\CortexM4\ARM_GCC_541\Debug\cy_syslib.o
LOAD .\CortexM4\ARM_GCC_541\Debug\cy_syslib_gcc.o
LOAD .\CortexM4\ARM_GCC_541\Debug\cy_trigmux.o
LOAD .\CortexM4\ARM_GCC_541\Debug\cy_systick.o
LOAD .\CortexM4\ARM_GCC_541\Debug\cy_profile.o
LOAD .\CortexM4\ARM_GCC_541\Debug\cy_prot.o
LOAD .\CortexM4\ARM_GCC_541\Debug\cy_lvd.o
LOAD .\CortexM4\ARM_GCC_541\Debug\cy_device.o
LOAD .\CortexM4\ARM_GCC_541\Debug\cy_ble_clk.o
LOAD .\CortexM4\ARM_GCC_541\Debug\cy_ble.o
LOAD .\CortexM4\ARM_GCC_541\Debug\cy_ble_hal_int.o
LOAD .\CortexM4\ARM_GCC_541\Debug\cy_ble_hal_pvt.o
LOAD .\CortexM4\ARM_GCC_541\Debug\cy_ble_gap.o
LOAD .\CortexM4\ARM_GCC_541\Debug\cy_ble_gatt.o
LOAD .\CortexM4\ARM_GCC_541\Debug\cy_ble_event_handler.o
LOAD .\CortexM4\ARM_GCC_541\Debug\cy_ble_ancs.o
LOAD .\CortexM4\ARM_GCC_541\Debug\cy_ble_ans.o
LOAD .\CortexM4\ARM_GCC_541\Debug\cy_ble_aios.o
LOAD .\CortexM4\ARM_GCC_541\Debug\cy_ble_bas.o
LOAD .\CortexM4\ARM_GCC_541\Debug\cy_ble_bcs.o
LOAD .\CortexM4\ARM_GCC_541\Debug\cy_ble_bls.o
LOAD .\CortexM4\ARM_GCC_541\Debug\cy_ble_bms.o
LOAD .\CortexM4\ARM_GCC_541\Debug\cy_ble_bts.o
LOAD .\CortexM4\ARM_GCC_541\Debug\cy_ble_cgms.o
LOAD .\CortexM4\ARM_GCC_541\Debug\cy_ble_cps.o
LOAD .\CortexM4\ARM_GCC_541\Debug\cy_ble_cscs.o
LOAD .\CortexM4\ARM_GCC_541\Debug\cy_ble_cts.o
LOAD .\CortexM4\ARM_GCC_541\Debug\cy_ble_custom.o
LOAD .\CortexM4\ARM_GCC_541\Debug\cy_ble_dis.o
LOAD .\CortexM4\ARM_GCC_541\Debug\cy_ble_ess.o
LOAD .\CortexM4\ARM_GCC_541\Debug\cy_ble_gls.o
LOAD .\CortexM4\ARM_GCC_541\Debug\cy_ble_hids.o
LOAD .\CortexM4\ARM_GCC_541\Debug\cy_ble_hps.o
LOAD .\CortexM4\ARM_GCC_541\Debug\cy_ble_hrs.o
LOAD .\CortexM4\ARM_GCC_541\Debug\cy_ble_hts.o
LOAD .\CortexM4\ARM_GCC_541\Debug\cy_ble_ias.o
LOAD .\CortexM4\ARM_GCC_541\Debug\cy_ble_ips.o
LOAD .\CortexM4\ARM_GCC_541\Debug\cy_ble_lls.o
LOAD .\CortexM4\ARM_GCC_541\Debug\cy_ble_lns.o
LOAD .\CortexM4\ARM_GCC_541\Debug\cy_ble_ndcs.o
LOAD .\CortexM4\ARM_GCC_541\Debug\cy_ble_plxs.o
LOAD .\CortexM4\ARM_GCC_541\Debug\cy_ble_pass.o
LOAD .\CortexM4\ARM_GCC_541\Debug\cy_ble_rscs.o
LOAD .\CortexM4\ARM_GCC_541\Debug\cy_ble_rtus.o
LOAD .\CortexM4\ARM_GCC_541\Debug\cy_ble_scps.o
LOAD .\CortexM4\ARM_GCC_541\Debug\cy_ble_tps.o
LOAD .\CortexM4\ARM_GCC_541\Debug\cy_ble_uds.o
LOAD .\CortexM4\ARM_GCC_541\Debug\cy_ble_wpts.o
LOAD .\CortexM4\ARM_GCC_541\Debug\cy_ble_wss.o
LOAD .\CortexM4\ARM_GCC_541\Debug\croutine.o
LOAD .\CortexM4\ARM_GCC_541\Debug\event_groups.o
LOAD .\CortexM4\ARM_GCC_541\Debug\list.o
LOAD .\CortexM4\ARM_GCC_541\Debug\queue.o
LOAD .\CortexM4\ARM_GCC_541\Debug\tasks.o
LOAD .\CortexM4\ARM_GCC_541\Debug\timers.o
LOAD .\CortexM4\ARM_GCC_541\Debug\stream_buffer.o
LOAD .\CortexM4\ARM_GCC_541\Debug\port.o
LOAD .\CortexM4\ARM_GCC_541\Debug\heap_1.o
LOAD .\CortexM4\ARM_GCC_541\Debug\retarget.o
LOAD .\CortexM4\ARM_GCC_541\Debug\CapSense_Control.o
LOAD .\CortexM4\ARM_GCC_541\Debug\CapSense_Processing.o
LOAD .\CortexM4\ARM_GCC_541\Debug\CapSense_Structure.o
LOAD .\CortexM4\ARM_GCC_541\Debug\CapSense_Tuner.o
LOAD .\CortexM4\ARM_GCC_541\Debug\CapSense_Filter.o
LOAD .\CortexM4\ARM_GCC_541\Debug\CapSense_Sensing.o
LOAD .\CortexM4\ARM_GCC_541\Debug\CapSense_INT.o
LOAD .\CortexM4\ARM_GCC_541\Debug\CapSense_SensingCSD_LL.o
LOAD .\CortexM4\ARM_GCC_541\Debug\CapSense_SensingCSX_LL.o
LOAD .\CortexM4\ARM_GCC_541\Debug\CapSense_Centroid_LL.o
LOAD .\CortexM4\ARM_GCC_541\Debug\CapSense_Gesture.o
LOAD .\CortexM4\ARM_GCC_541\Debug\CapSense_TMG.o
LOAD .\CortexM4\ARM_GCC_541\Debug\Dimmer.o
LOAD .\CortexM4\ARM_GCC_541\Debug\I2C_ARD.o
LOAD .\CortexM4\ARM_GCC_541\Debug\BLE.o
LOAD .\CortexM4\ARM_GCC_541\Debug\BLE_config.o
LOAD .\CortexM4\ARM_GCC_541\Debug\BLE_custom_config.o
LOAD C:\Program Files (x86)\Cypress\PSoC Creator\4.4\PSoC Creator\psoc\content\CyComponentLibrary\CyComponentLibrary.cylib\CapSense_TMG_v2_0\Library\Ballistic_GCC_M4.a
LOAD C:\Program Files (x86)\Cypress\PSoC Creator\4.4\PSoC Creator\psoc\content\CyComponentLibrary\CyComponentLibrary.cylib\CapSense_TMG_v2_0\Library\Gestures_GCC_M4.a
LOAD C:\Program Files (x86)\Cypress\PSoC Creator\4.4\PSoC Creator\psoc\content\CyComponentLibrary\CyComponentLibrary.cylib\CapSense_v3_0\Library\CapSense_Library_GCC_M4.a
END GROUP
START GROUP
LOAD c:/program files (x86)/cypress/psoc creator/4.4/psoc creator/import/gnu/arm/5.4.1/bin/../lib/gcc/arm-none-eabi/5.4.1/armv7e-m/softfp\libgcc.a
LOAD c:/program files (x86)/cypress/psoc creator/4.4/psoc creator/import/gnu/arm/5.4.1/bin/../lib/gcc/arm-none-eabi/5.4.1/../../../../arm-none-eabi/lib/armv7e-m/softfp\libg_nano.a
LOAD c:/program files (x86)/cypress/psoc creator/4.4/psoc creator/import/gnu/arm/5.4.1/bin/../lib/gcc/arm-none-eabi/5.4.1/../../../../arm-none-eabi/lib/armv7e-m/softfp\libc_nano.a
END GROUP
START GROUP
LOAD c:/program files (x86)/cypress/psoc creator/4.4/psoc creator/import/gnu/arm/5.4.1/bin/../lib/gcc/arm-none-eabi/5.4.1/armv7e-m/softfp\libgcc.a
LOAD c:/program files (x86)/cypress/psoc creator/4.4/psoc creator/import/gnu/arm/5.4.1/bin/../lib/gcc/arm-none-eabi/5.4.1/../../../../arm-none-eabi/lib/armv7e-m/softfp\libc_nano.a
END GROUP
LOAD c:/program files (x86)/cypress/psoc creator/4.4/psoc creator/import/gnu/arm/5.4.1/bin/../lib/gcc/arm-none-eabi/5.4.1/armv7e-m/softfp/crtend.o
LOAD c:/program files (x86)/cypress/psoc creator/4.4/psoc creator/import/gnu/arm/5.4.1/bin/../lib/gcc/arm-none-eabi/5.4.1/armv7e-m/softfp/crtn.o
START GROUP
LOAD c:/program files (x86)/cypress/psoc creator/4.4/psoc creator/import/gnu/arm/5.4.1/bin/../lib/gcc/arm-none-eabi/5.4.1/armv7e-m/softfp\libgcc.a
LOAD c:/program files (x86)/cypress/psoc creator/4.4/psoc creator/import/gnu/arm/5.4.1/bin/../lib/gcc/arm-none-eabi/5.4.1/../../../../arm-none-eabi/lib/armv7e-m/softfp\libc.a
LOAD c:/program files (x86)/cypress/psoc creator/4.4/psoc creator/import/gnu/arm/5.4.1/bin/../lib/gcc/arm-none-eabi/5.4.1/../../../../arm-none-eabi/lib/armv7e-m/softfp\libnosys.a
END GROUP
START GROUP
LOAD c:/program files (x86)/cypress/psoc creator/4.4/psoc creator/import/gnu/arm/5.4.1/bin/../lib/gcc/arm-none-eabi/5.4.1/armv7e-m/softfp\libgcc.a
LOAD c:/program files (x86)/cypress/psoc creator/4.4/psoc creator/import/gnu/arm/5.4.1/bin/../lib/gcc/arm-none-eabi/5.4.1/../../../../arm-none-eabi/lib/armv7e-m/softfp\libc.a
LOAD c:/program files (x86)/cypress/psoc creator/4.4/psoc creator/import/gnu/arm/5.4.1/bin/../lib/gcc/arm-none-eabi/5.4.1/../../../../arm-none-eabi/lib/armv7e-m/softfp\libm.a
LOAD c:/program files (x86)/cypress/psoc creator/4.4/psoc creator/import/gnu/arm/5.4.1/bin/../lib/gcc/arm-none-eabi/5.4.1/../../../../arm-none-eabi/lib/armv7e-m/softfp\libnosys.a
END GROUP

.text           0x10080000     0xe238
                0x10080000                . = ALIGN (0x4)
                0x10080000                __Vectors = .
 *(.vectors)
 .vectors       0x10080000      0x28c .\CortexM4\ARM_GCC_541\Debug\startup_psoc6_01_cm4.o
                0x1008028c                . = ALIGN (0x4)
                0x1008028c                __Vectors_End = .
                0x0000028c                __Vectors_Size = (__Vectors_End - __Vectors)
                0x1008028c                __end__ = .
                0x1008028c                . = ALIGN (0x4)
 *(.text*)
 .text          0x1008028c       0x5c c:/program files (x86)/cypress/psoc creator/4.4/psoc creator/import/gnu/arm/5.4.1/bin/../lib/gcc/arm-none-eabi/5.4.1/armv7e-m/softfp/crtbegin.o
 .text          0x100802e8       0x84 .\CortexM4\ARM_GCC_541\Debug\startup_psoc6_01_cm4.o
                0x100802e8                Cy_OnResetUser
                0x100802ea                Reset_Handler
                0x1008034c                cpuss_interrupts_ipc_6_IRQHandler
                0x1008034c                DebugMon_Handler
                0x1008034c                tcpwm_1_interrupts_11_IRQHandler
                0x1008034c                cpuss_interrupts_ipc_0_IRQHandler
                0x1008034c                tcpwm_1_interrupts_15_IRQHandler
                0x1008034c                ioss_interrupts_gpio_13_IRQHandler
                0x1008034c                tcpwm_1_interrupts_13_IRQHandler
                0x1008034c                cpuss_interrupts_dw1_8_IRQHandler
                0x1008034c                tcpwm_0_interrupts_0_IRQHandler
                0x1008034c                cpuss_interrupt_fm_IRQHandler
                0x1008034c                cpuss_interrupts_ipc_7_IRQHandler
                0x1008034c                tcpwm_1_interrupts_14_IRQHandler
                0x1008034c                cpuss_interrupts_dw0_5_IRQHandler
                0x1008034c                tcpwm_1_interrupts_9_IRQHandler
                0x1008034c                cpuss_interrupts_cm0_cti_1_IRQHandler
                0x1008034c                tcpwm_1_interrupts_22_IRQHandler
                0x1008034c                cpuss_interrupts_dw0_4_IRQHandler
                0x1008034c                NMI_Handler
                0x1008034c                cpuss_interrupts_dw1_12_IRQHandler
                0x1008034c                tcpwm_1_interrupts_12_IRQHandler
                0x1008034c                smif_interrupt_IRQHandler
                0x1008034c                tcpwm_1_interrupts_2_IRQHandler
                0x1008034c                cpuss_interrupts_ipc_13_IRQHandler
                0x1008034c                udb_interrupts_11_IRQHandler
                0x1008034c                tcpwm_1_interrupts_18_IRQHandler
                0x1008034c                cpuss_interrupts_dw0_11_IRQHandler
                0x1008034c                tcpwm_0_interrupts_2_IRQHandler
                0x1008034c                cpuss_interrupts_dw0_13_IRQHandler
                0x1008034c                udb_interrupts_2_IRQHandler
                0x1008034c                cpuss_interrupts_dw1_7_IRQHandler
                0x1008034c                ioss_interrupts_gpio_1_IRQHandler
                0x1008034c                ioss_interrupts_gpio_7_IRQHandler
                0x1008034c                scb_5_interrupt_IRQHandler
                0x1008034c                udb_interrupts_6_IRQHandler
                0x1008034c                cpuss_interrupts_fault_1_IRQHandler
                0x1008034c                cpuss_interrupts_ipc_4_IRQHandler
                0x1008034c                cpuss_interrupts_ipc_5_IRQHandler
                0x1008034c                cpuss_interrupts_dw1_10_IRQHandler
                0x1008034c                udb_interrupts_0_IRQHandler
                0x1008034c                tcpwm_1_interrupts_6_IRQHandler
                0x1008034c                scb_4_interrupt_IRQHandler
                0x1008034c                pass_interrupt_dacs_IRQHandler
                0x1008034c                ioss_interrupts_gpio_2_IRQHandler
                0x1008034c                cpuss_interrupts_dw1_9_IRQHandler
                0x1008034c                cpuss_interrupts_dw1_13_IRQHandler
                0x1008034c                scb_2_interrupt_IRQHandler
                0x1008034c                cpuss_interrupts_cm0_cti_0_IRQHandler
                0x1008034c                udb_interrupts_5_IRQHandler
                0x1008034c                srss_interrupt_IRQHandler
                0x1008034c                udb_interrupts_12_IRQHandler
                0x1008034c                scb_0_interrupt_IRQHandler
                0x1008034c                csd_interrupt_IRQHandler
                0x1008034c                udb_interrupts_1_IRQHandler
                0x1008034c                profile_interrupt_IRQHandler
                0x1008034c                tcpwm_1_interrupts_1_IRQHandler
                0x1008034c                cpuss_interrupts_ipc_12_IRQHandler
                0x1008034c                tcpwm_1_interrupts_3_IRQHandler
                0x1008034c                tcpwm_0_interrupts_7_IRQHandler
                0x1008034c                cpuss_interrupts_dw1_1_IRQHandler
                0x1008034c                cpuss_interrupts_dw1_0_IRQHandler
                0x1008034c                cpuss_interrupts_dw0_9_IRQHandler
                0x1008034c                lpcomp_interrupt_IRQHandler
                0x1008034c                tcpwm_1_interrupts_23_IRQHandler
                0x1008034c                udb_interrupts_4_IRQHandler
                0x1008034c                tcpwm_1_interrupts_20_IRQHandler
                0x1008034c                ioss_interrupt_gpio_IRQHandler
                0x1008034c                tcpwm_0_interrupts_1_IRQHandler
                0x1008034c                ioss_interrupts_gpio_8_IRQHandler
                0x1008034c                tcpwm_0_interrupts_6_IRQHandler
                0x1008034c                scb_7_interrupt_IRQHandler
                0x1008034c                tcpwm_1_interrupts_7_IRQHandler
                0x1008034c                cpuss_interrupts_ipc_11_IRQHandler
                0x1008034c                udb_interrupts_13_IRQHandler
                0x1008034c                cpuss_interrupts_dw0_15_IRQHandler
                0x1008034c                udb_interrupts_7_IRQHandler
                0x1008034c                cpuss_interrupts_dw1_6_IRQHandler
                0x1008034c                cpuss_interrupt_crypto_IRQHandler
                0x1008034c                scb_1_interrupt_IRQHandler
                0x1008034c                Default_Handler
                0x1008034c                usb_interrupt_hi_IRQHandler
                0x1008034c                tcpwm_1_interrupts_0_IRQHandler
                0x1008034c                udb_interrupts_9_IRQHandler
                0x1008034c                audioss_interrupt_pdm_IRQHandler
                0x1008034c                srss_interrupt_mcwdt_0_IRQHandler
                0x1008034c                scb_3_interrupt_IRQHandler
                0x1008034c                pass_interrupt_ctbs_IRQHandler
                0x1008034c                udb_interrupts_8_IRQHandler
                0x1008034c                ioss_interrupts_gpio_3_IRQHandler
                0x1008034c                scb_6_interrupt_IRQHandler
                0x1008034c                cpuss_interrupts_cm4_cti_0_IRQHandler
                0x1008034c                cpuss_interrupts_dw1_3_IRQHandler
                0x1008034c                pass_interrupt_sar_IRQHandler
                0x1008034c                ioss_interrupts_gpio_0_IRQHandler
                0x1008034c                ioss_interrupts_gpio_14_IRQHandler
                0x1008034c                tcpwm_0_interrupts_4_IRQHandler
                0x1008034c                udb_interrupts_3_IRQHandler
                0x1008034c                tcpwm_0_interrupts_5_IRQHandler
                0x1008034c                cpuss_interrupts_ipc_15_IRQHandler
                0x1008034c                cpuss_interrupts_cm4_cti_1_IRQHandler
                0x1008034c                scb_8_interrupt_IRQHandler
                0x1008034c                srss_interrupt_mcwdt_1_IRQHandler
                0x1008034c                cpuss_interrupts_dw1_2_IRQHandler
                0x1008034c                cpuss_interrupts_dw1_5_IRQHandler
                0x1008034c                cpuss_interrupts_ipc_1_IRQHandler
                0x1008034c                cpuss_interrupts_dw0_0_IRQHandler
                0x1008034c                ioss_interrupts_gpio_12_IRQHandler
                0x1008034c                cpuss_interrupts_ipc_3_IRQHandler
                0x1008034c                tcpwm_1_interrupts_17_IRQHandler
                0x1008034c                srss_interrupt_backup_IRQHandler
                0x1008034c                bless_interrupt_IRQHandler
                0x1008034c                cpuss_interrupts_ipc_10_IRQHandler
                0x1008034c                cpuss_interrupts_ipc_9_IRQHandler
                0x1008034c                cpuss_interrupts_dw0_14_IRQHandler
                0x1008034c                tcpwm_1_interrupts_4_IRQHandler
                0x1008034c                tcpwm_0_interrupts_3_IRQHandler
                0x1008034c                cpuss_interrupts_dw1_15_IRQHandler
                0x1008034c                ioss_interrupts_gpio_10_IRQHandler
                0x1008034c                udb_interrupts_10_IRQHandler
                0x1008034c                cpuss_interrupts_dw0_8_IRQHandler
                0x1008034c                ioss_interrupts_gpio_11_IRQHandler
                0x1008034c                cpuss_interrupts_ipc_14_IRQHandler
                0x1008034c                ioss_interrupts_gpio_5_IRQHandler
                0x1008034c                ioss_interrupts_gpio_4_IRQHandler
                0x1008034c                tcpwm_1_interrupts_8_IRQHandler
                0x1008034c                cpuss_interrupts_dw1_14_IRQHandler
                0x1008034c                usb_interrupt_med_IRQHandler
                0x1008034c                cpuss_interrupts_dw0_2_IRQHandler
                0x1008034c                tcpwm_1_interrupts_10_IRQHandler
                0x1008034c                cpuss_interrupts_fault_0_IRQHandler
                0x1008034c                cpuss_interrupts_dw0_12_IRQHandler
                0x1008034c                ioss_interrupts_gpio_6_IRQHandler
                0x1008034c                tcpwm_1_interrupts_21_IRQHandler
                0x1008034c                tcpwm_1_interrupts_16_IRQHandler
                0x1008034c                cpuss_interrupts_dw1_4_IRQHandler
                0x1008034c                udb_interrupts_15_IRQHandler
                0x1008034c                cpuss_interrupts_dw1_11_IRQHandler
                0x1008034c                cpuss_interrupts_dw0_6_IRQHandler
                0x1008034c                ioss_interrupt_vdd_IRQHandler
                0x1008034c                cpuss_interrupts_dw0_7_IRQHandler
                0x1008034c                audioss_interrupt_i2s_IRQHandler
                0x1008034c                tcpwm_1_interrupts_5_IRQHandler
                0x1008034c                cpuss_interrupts_ipc_2_IRQHandler
                0x1008034c                cpuss_interrupts_dw0_10_IRQHandler
                0x1008034c                tcpwm_1_interrupts_19_IRQHandler
                0x1008034c                cpuss_interrupts_dw0_1_IRQHandler
                0x1008034c                ioss_interrupts_gpio_9_IRQHandler
                0x1008034c                usb_interrupt_lo_IRQHandler
                0x1008034c                cpuss_interrupts_ipc_8_IRQHandler
                0x1008034c                udb_interrupts_14_IRQHandler
                0x1008034c                cpuss_interrupts_dw0_3_IRQHandler
                0x10080350                UsageFault_Handler
                0x10080350                HardFault_Handler
                0x10080350                MemManage_Handler
                0x10080350                BusFault_Handler
 .text.main     0x1008036c       0xfc .\CortexM4\ARM_GCC_541\Debug\main_cm4.o
                0x1008036c                main
 .text.UARTIsr  0x10080468       0x74 .\CortexM4\ARM_GCC_541\Debug\uartTask.o
 .text.UartTask
                0x100804dc      0x294 .\CortexM4\ARM_GCC_541\Debug\uartTask.o
                0x100804dc                UartTask
 .text.pwmTask  0x10080770       0xe0 .\CortexM4\ARM_GCC_541\Debug\pwmTask.o
                0x10080770                pwmTask
 .text.compareToPercent
                0x10080850       0x1c .\CortexM4\ARM_GCC_541\Debug\motorTask.o
                0x10080850                compareToPercent
 .text.getMotorPercent
                0x1008086c       0x20 .\CortexM4\ARM_GCC_541\Debug\motorTask.o
                0x1008086c                getMotorPercent
 .text.motorTask
                0x1008088c       0xe8 .\CortexM4\ARM_GCC_541\Debug\motorTask.o
                0x1008088c                motorTask
 .text.ezI2CTask
                0x10080974       0x74 .\CortexM4\ARM_GCC_541\Debug\ezI2CTask.o
                0x10080974                ezI2CTask
 .text.capsenseTask
                0x100809e8       0xcc .\CortexM4\ARM_GCC_541\Debug\capSenseTask.o
                0x100809e8                capsenseTask
 .text.i2cCallback
                0x10080ab4       0x10 .\CortexM4\ARM_GCC_541\Debug\servoSlaveCommTask.o
                0x10080ab4                i2cCallback
 .text.i2cStatusDecode
                0x10080ac4       0x44 .\CortexM4\ARM_GCC_541\Debug\servoSlaveCommTask.o
                0x10080ac4                i2cStatusDecode
 .text.ardTransmitPWMPercent
                0x10080b08       0x80 .\CortexM4\ARM_GCC_541\Debug\servoSlaveCommTask.o
                0x10080b08                ardTransmitPWMPercent
 .text.servoSlaveCommTask
                0x10080b88       0xcc .\CortexM4\ARM_GCC_541\Debug\servoSlaveCommTask.o
                0x10080b88                servoSlaveCommTask
 .text.Cy_SysIpcPipeIsrCm4
                0x10080c54        0xc .\CortexM4\ARM_GCC_541\Debug\system_psoc6_cm4.o
                0x10080c54                Cy_SysIpcPipeIsrCm4
 .text.Cy_SystemInit
                0x10080c60        0x4 .\CortexM4\ARM_GCC_541\Debug\system_psoc6_cm4.o
                0x10080c60                Cy_SystemInit
 .text.SystemCoreClockUpdate
                0x10080c64      0x190 .\CortexM4\ARM_GCC_541\Debug\system_psoc6_cm4.o
                0x10080c64                SystemCoreClockUpdate
 .text.SystemInit
                0x10080df4       0x48 .\CortexM4\ARM_GCC_541\Debug\system_psoc6_cm4.o
                0x10080df4                SystemInit
 .text.Cy_SystemInitFpuEnable
                0x10080e3c       0x28 .\CortexM4\ARM_GCC_541\Debug\system_psoc6_cm4.o
                0x10080e3c                Cy_SystemInitFpuEnable
 .text.bleInterruptNotify
                0x10080e64       0x38 .\CortexM4\ARM_GCC_541\Debug\BLETask.o
                0x10080e64                bleInterruptNotify
 .text.updateMotorsGatt
                0x10080e9c       0x80 .\CortexM4\ARM_GCC_541\Debug\BLETask.o
                0x10080e9c                updateMotorsGatt
 .text.genericEventHandler
                0x10080f1c      0x128 .\CortexM4\ARM_GCC_541\Debug\BLETask.o
                0x10080f1c                genericEventHandler
 .text.bleTask  0x10081044       0xc8 .\CortexM4\ARM_GCC_541\Debug\BLETask.o
                0x10081044                bleTask
 .text.STDIO_PutChar
                0x1008110c       0x18 .\CortexM4\ARM_GCC_541\Debug\stdio_user.o
                0x1008110c                STDIO_PutChar
 .text.STDIO_GetChar
                0x10081124       0x1c .\CortexM4\ARM_GCC_541\Debug\stdio_user.o
                0x10081124                STDIO_GetChar
 .text.UART_Interrupt
                0x10081140       0x14 .\CortexM4\ARM_GCC_541\Debug\UART.o
 .text.UART_Start
                0x10081154       0x64 .\CortexM4\ARM_GCC_541\Debug\UART.o
                0x10081154                UART_Start
 .text.PWM_1_Start
                0x100811b8       0x2c .\CortexM4\ARM_GCC_541\Debug\PWM_1.o
                0x100811b8                PWM_1_Start
 .text.PWM_RED_Start
                0x100811e4       0x30 .\CortexM4\ARM_GCC_541\Debug\PWM_RED.o
                0x100811e4                PWM_RED_Start
 .text.EZI2C_Interrupt
                0x10081214       0x14 .\CortexM4\ARM_GCC_541\Debug\EZI2C.o
 .text.EZI2C_Start
                0x10081228       0x64 .\CortexM4\ARM_GCC_541\Debug\EZI2C.o
                0x10081228                EZI2C_Start
 .text.LEDBlink_Start
                0x1008128c       0x30 .\CortexM4\ARM_GCC_541\Debug\LEDBlink.o
                0x1008128c                LEDBlink_Start
 .text.PWM_2_Start
                0x100812bc       0x30 .\CortexM4\ARM_GCC_541\Debug\PWM_2.o
                0x100812bc                PWM_2_Start
 .text.Cy_SysInt_SetVector
                0x100812ec       0x48 .\CortexM4\ARM_GCC_541\Debug\cy_sysint.o
                0x100812ec                Cy_SysInt_SetVector
 .text.Cy_SysInt_Init
                0x10081334       0x74 .\CortexM4\ARM_GCC_541\Debug\cy_sysint.o
                0x10081334                Cy_SysInt_Init
 .text.Cy_IPC_Drv_LockRelease
                0x100813a8       0x3c .\CortexM4\ARM_GCC_541\Debug\cy_ipc_drv.o
                0x100813a8                Cy_IPC_Drv_LockRelease
 .text.Cy_IPC_Drv_SendMsgWord
                0x100813e4       0x3c .\CortexM4\ARM_GCC_541\Debug\cy_ipc_drv.o
                0x100813e4                Cy_IPC_Drv_SendMsgWord
 .text.Cy_IPC_Drv_ReadMsgWord
                0x10081420       0x38 .\CortexM4\ARM_GCC_541\Debug\cy_ipc_drv.o
                0x10081420                Cy_IPC_Drv_ReadMsgWord
 .text.Cy_IPC_Sema_InitExt
                0x10081458       0xac .\CortexM4\ARM_GCC_541\Debug\cy_ipc_sema.o
                0x10081458                Cy_IPC_Sema_InitExt
 .text.Cy_IPC_Sema_Init
                0x10081504       0x64 .\CortexM4\ARM_GCC_541\Debug\cy_ipc_sema.o
                0x10081504                Cy_IPC_Sema_Init
 .text.Cy_IPC_Sema_Clear
                0x10081568       0x88 .\CortexM4\ARM_GCC_541\Debug\cy_ipc_sema.o
                0x10081568                Cy_IPC_Sema_Clear
 .text.Cy_IPC_Sema_Status
                0x100815f0       0x40 .\CortexM4\ARM_GCC_541\Debug\cy_ipc_sema.o
                0x100815f0                Cy_IPC_Sema_Status
 .text.Cy_IPC_Pipe_Config
                0x10081630       0x10 .\CortexM4\ARM_GCC_541\Debug\cy_ipc_pipe.o
                0x10081630                Cy_IPC_Pipe_Config
 .text.Cy_IPC_Pipe_EndpointInit
                0x10081640       0xd0 .\CortexM4\ARM_GCC_541\Debug\cy_ipc_pipe.o
                0x10081640                Cy_IPC_Pipe_EndpointInit
 .text.Cy_IPC_Pipe_Init
                0x10081710       0xb4 .\CortexM4\ARM_GCC_541\Debug\cy_ipc_pipe.o
                0x10081710                Cy_IPC_Pipe_Init
 .text.Cy_IPC_Pipe_SendMessage
                0x100817c4       0xa4 .\CortexM4\ARM_GCC_541\Debug\cy_ipc_pipe.o
                0x100817c4                Cy_IPC_Pipe_SendMessage
 .text.Cy_IPC_Pipe_RegisterCallback
                0x10081868       0x50 .\CortexM4\ARM_GCC_541\Debug\cy_ipc_pipe.o
                0x10081868                Cy_IPC_Pipe_RegisterCallback
 .text.Cy_IPC_Pipe_RegisterCallbackRel
                0x100818b8       0x2c .\CortexM4\ARM_GCC_541\Debug\cy_ipc_pipe.o
                0x100818b8                Cy_IPC_Pipe_RegisterCallbackRel
 .text.Cy_IPC_Pipe_ExecCallback
                0x100818e4       0xbc .\CortexM4\ARM_GCC_541\Debug\cy_ipc_pipe.o
                0x100818e4                Cy_IPC_Pipe_ExecCallback
 .text.Cy_IPC_Pipe_ExecuteCallback
                0x100819a0       0x2c .\CortexM4\ARM_GCC_541\Debug\cy_ipc_pipe.o
                0x100819a0                Cy_IPC_Pipe_ExecuteCallback
 .text.Cy_IPC_Pipe_EndpointPause
                0x100819cc       0x54 .\CortexM4\ARM_GCC_541\Debug\cy_ipc_pipe.o
                0x100819cc                Cy_IPC_Pipe_EndpointPause
 .text.Cy_IPC_Pipe_EndpointResume
                0x10081a20       0x48 .\CortexM4\ARM_GCC_541\Debug\cy_ipc_pipe.o
                0x10081a20                Cy_IPC_Pipe_EndpointResume
 .text.Cy_TCPWM_PWM_Init
                0x10081a68      0x16c .\CortexM4\ARM_GCC_541\Debug\cy_tcpwm_pwm.o
                0x10081a68                Cy_TCPWM_PWM_Init
 .text.Cy_SCB_ReadArrayNoCheck
                0x10081bd4       0x38 .\CortexM4\ARM_GCC_541\Debug\cy_scb_common.o
                0x10081bd4                Cy_SCB_ReadArrayNoCheck
 .text.Cy_SCB_ReadArray
                0x10081c0c       0x1c .\CortexM4\ARM_GCC_541\Debug\cy_scb_common.o
                0x10081c0c                Cy_SCB_ReadArray
 .text.Cy_SCB_Write
                0x10081c28       0x28 .\CortexM4\ARM_GCC_541\Debug\cy_scb_common.o
                0x10081c28                Cy_SCB_Write
 .text.Cy_SCB_WriteArrayNoCheck
                0x10081c50       0x38 .\CortexM4\ARM_GCC_541\Debug\cy_scb_common.o
                0x10081c50                Cy_SCB_WriteArrayNoCheck
 .text.Cy_SCB_WriteArray
                0x10081c88       0x2c .\CortexM4\ARM_GCC_541\Debug\cy_scb_common.o
                0x10081c88                Cy_SCB_WriteArray
 .text.Cy_SCB_WriteDefaultArrayNoCheck
                0x10081cb4       0x10 .\CortexM4\ARM_GCC_541\Debug\cy_scb_common.o
                0x10081cb4                Cy_SCB_WriteDefaultArrayNoCheck
 .text.Cy_SCB_WriteDefaultArray
                0x10081cc4       0x2c .\CortexM4\ARM_GCC_541\Debug\cy_scb_common.o
                0x10081cc4                Cy_SCB_WriteDefaultArray
 .text.SlaveHandleStop
                0x10081cf0       0xf8 .\CortexM4\ARM_GCC_541\Debug\cy_scb_i2c.o
 .text.MasterHandleEvents
                0x10081de8       0x74 .\CortexM4\ARM_GCC_541\Debug\cy_scb_i2c.o
 .text.MasterHandleStop
                0x10081e5c       0x2c .\CortexM4\ARM_GCC_541\Debug\cy_scb_i2c.o
 .text.MasterHandleComplete
                0x10081e88       0xf4 .\CortexM4\ARM_GCC_541\Debug\cy_scb_i2c.o
 .text.SlaveHandleDataTransmit
                0x10081f7c       0xe8 .\CortexM4\ARM_GCC_541\Debug\cy_scb_i2c.o
 .text.MasterHandleDataTransmit
                0x10082064       0xb8 .\CortexM4\ARM_GCC_541\Debug\cy_scb_i2c.o
 .text.SlaveHandleAddress
                0x1008211c      0x158 .\CortexM4\ARM_GCC_541\Debug\cy_scb_i2c.o
 .text.MasterHandleDataReceive
                0x10082274       0xf0 .\CortexM4\ARM_GCC_541\Debug\cy_scb_i2c.o
 .text.SlaveHandleDataReceive
                0x10082364       0xbc .\CortexM4\ARM_GCC_541\Debug\cy_scb_i2c.o
 .text.Cy_SCB_I2C_Init
                0x10082420      0x18c .\CortexM4\ARM_GCC_541\Debug\cy_scb_i2c.o
                0x10082420                Cy_SCB_I2C_Init
 .text.Cy_SCB_I2C_GetDataRate
                0x100825ac       0x90 .\CortexM4\ARM_GCC_541\Debug\cy_scb_i2c.o
                0x100825ac                Cy_SCB_I2C_GetDataRate
 .text.Cy_SCB_I2C_SetDataRate
                0x1008263c      0x1d0 .\CortexM4\ARM_GCC_541\Debug\cy_scb_i2c.o
                0x1008263c                Cy_SCB_I2C_SetDataRate
 .text.Cy_SCB_I2C_MasterGetStatus
                0x1008280c        0x4 .\CortexM4\ARM_GCC_541\Debug\cy_scb_i2c.o
                0x1008280c                Cy_SCB_I2C_MasterGetStatus
 .text.Cy_SCB_I2C_MasterWrite
                0x10082810      0x148 .\CortexM4\ARM_GCC_541\Debug\cy_scb_i2c.o
                0x10082810                Cy_SCB_I2C_MasterWrite
 .text.Cy_SCB_I2C_SlaveInterrupt
                0x10082958      0x104 .\CortexM4\ARM_GCC_541\Debug\cy_scb_i2c.o
                0x10082958                Cy_SCB_I2C_SlaveInterrupt
 .text.Cy_SCB_I2C_MasterInterrupt
                0x10082a5c       0x8c .\CortexM4\ARM_GCC_541\Debug\cy_scb_i2c.o
                0x10082a5c                Cy_SCB_I2C_MasterInterrupt
 .text.Cy_SCB_I2C_Interrupt
                0x10082ae8       0x18 .\CortexM4\ARM_GCC_541\Debug\cy_scb_i2c.o
                0x10082ae8                Cy_SCB_I2C_Interrupt
 .text.HandleErrors
                0x10082b00       0x30 .\CortexM4\ARM_GCC_541\Debug\cy_scb_ezi2c.o
 .text.HandleStop
                0x10082b30       0x94 .\CortexM4\ARM_GCC_541\Debug\cy_scb_ezi2c.o
 .text.UpdateAddressMask
                0x10082bc4       0x24 .\CortexM4\ARM_GCC_541\Debug\cy_scb_ezi2c.o
 .text.HandleAddress
                0x10082be8      0x104 .\CortexM4\ARM_GCC_541\Debug\cy_scb_ezi2c.o
 .text.HandleDataTransmit
                0x10082cec       0x2c .\CortexM4\ARM_GCC_541\Debug\cy_scb_ezi2c.o
 .text.UpdateRxFifoLevel
                0x10082d18       0x64 .\CortexM4\ARM_GCC_541\Debug\cy_scb_ezi2c.o
 .text.HandleDataReceive
                0x10082d7c      0x124 .\CortexM4\ARM_GCC_541\Debug\cy_scb_ezi2c.o
 .text.Cy_SCB_EZI2C_SetAddress1
                0x10082ea0       0x4c .\CortexM4\ARM_GCC_541\Debug\cy_scb_ezi2c.o
                0x10082ea0                Cy_SCB_EZI2C_SetAddress1
 .text.Cy_SCB_EZI2C_SetBuffer1
                0x10082eec       0x34 .\CortexM4\ARM_GCC_541\Debug\cy_scb_ezi2c.o
                0x10082eec                Cy_SCB_EZI2C_SetBuffer1
 .text.Cy_SCB_EZI2C_SetAddress2
                0x10082f20       0x38 .\CortexM4\ARM_GCC_541\Debug\cy_scb_ezi2c.o
                0x10082f20                Cy_SCB_EZI2C_SetAddress2
 .text.Cy_SCB_EZI2C_Init
                0x10082f58      0x114 .\CortexM4\ARM_GCC_541\Debug\cy_scb_ezi2c.o
                0x10082f58                Cy_SCB_EZI2C_Init
 .text.Cy_SCB_EZI2C_Interrupt
                0x1008306c       0xd4 .\CortexM4\ARM_GCC_541\Debug\cy_scb_ezi2c.o
                0x1008306c                Cy_SCB_EZI2C_Interrupt
 .text.HandleDataTransmit
                0x10083140       0xdc .\CortexM4\ARM_GCC_541\Debug\cy_scb_uart.o
 .text.HandleDataReceive
                0x1008321c       0xf8 .\CortexM4\ARM_GCC_541\Debug\cy_scb_uart.o
 .text.Cy_SCB_UART_Init
                0x10083314      0x364 .\CortexM4\ARM_GCC_541\Debug\cy_scb_uart.o
                0x10083314                Cy_SCB_UART_Init
 .text.Cy_SCB_UART_GetNumInRingBuffer
                0x10083678       0x18 .\CortexM4\ARM_GCC_541\Debug\cy_scb_uart.o
                0x10083678                Cy_SCB_UART_GetNumInRingBuffer
 .text.HandleRingBuffer
                0x10083690       0xcc .\CortexM4\ARM_GCC_541\Debug\cy_scb_uart.o
 .text.Cy_SCB_UART_Interrupt
                0x1008375c       0xe8 .\CortexM4\ARM_GCC_541\Debug\cy_scb_uart.o
                0x1008375c                Cy_SCB_UART_Interrupt
 .text.Cy_Flash_ProcessOpcode
                0x10083844       0xac .\CortexM4\ARM_GCC_541\Debug\cy_flash.o
 .text.Cy_Flash_OperationStatus
                0x100838f0       0x5c .\CortexM4\ARM_GCC_541\Debug\cy_flash.o
 .text.Cy_Flash_InitExt
                0x1008394c       0x80 .\CortexM4\ARM_GCC_541\Debug\cy_flash.o
                0x1008394c                Cy_Flash_InitExt
 .text.Cy_Flash_Init
                0x100839cc       0x10 .\CortexM4\ARM_GCC_541\Debug\cy_flash.o
                0x100839cc                Cy_Flash_Init
 .text.Cy_GPIO_Pin_FastInit
                0x100839dc       0xf8 .\CortexM4\ARM_GCC_541\Debug\cy_gpio.o
                0x100839dc                Cy_GPIO_Pin_FastInit
 .text.Cy_SysPm_RegisterCallback
                0x10083ad4       0x5c .\CortexM4\ARM_GCC_541\Debug\cy_syspm.o
                0x10083ad4                Cy_SysPm_RegisterCallback
 .text.Cy_SysPm_UnregisterCallback
                0x10083b30       0x68 .\CortexM4\ARM_GCC_541\Debug\cy_syspm.o
                0x10083b30                Cy_SysPm_UnregisterCallback
 .text.Cy_SysLib_Delay
                0x10083b98       0x30 .\CortexM4\ARM_GCC_541\Debug\cy_syslib.o
                0x10083b98                Cy_SysLib_Delay
 .text.Cy_SysLib_DelayUs
                0x10083bc8       0x14 .\CortexM4\ARM_GCC_541\Debug\cy_syslib.o
                0x10083bc8                Cy_SysLib_DelayUs
 .text.Cy_SysLib_Halt
                0x10083bdc        0x4 .\CortexM4\ARM_GCC_541\Debug\cy_syslib.o
                0x10083bdc                Cy_SysLib_Halt
 .text.Cy_SysLib_AssertFailed
                0x10083be0       0x1c .\CortexM4\ARM_GCC_541\Debug\cy_syslib.o
                0x10083be0                Cy_SysLib_AssertFailed
 .text.Cy_SysLib_ProcessingFault
                0x10083bfc        0x4 .\CortexM4\ARM_GCC_541\Debug\cy_syslib.o
                0x10083bfc                Cy_SysLib_ProcessingFault
 .text.Cy_SysLib_FaultHandler
                0x10083c00       0xa4 .\CortexM4\ARM_GCC_541\Debug\cy_syslib.o
                0x10083c00                Cy_SysLib_FaultHandler
 *fill*         0x10083ca4        0x4 
 .text          0x10083ca8       0x20 .\CortexM4\ARM_GCC_541\Debug\cy_syslib_gcc.o
                0x10083ca8                Cy_SysLib_DelayCycles
                0x10083cba                Cy_SysLib_EnterCriticalSection
                0x10083cc2                Cy_SysLib_ExitCriticalSection
 .text.Cy_PDL_Init
                0x10083cc8        0xc .\CortexM4\ARM_GCC_541\Debug\cy_device.o
                0x10083cc8                Cy_PDL_Init
 .text.Cy_BLE_DeepSleepCallback
                0x10083cd4       0x88 .\CortexM4\ARM_GCC_541\Debug\cy_ble.o
                0x10083cd4                Cy_BLE_DeepSleepCallback
 .text.Cy_BLE_SleepCallback
                0x10083d5c       0x64 .\CortexM4\ARM_GCC_541\Debug\cy_ble.o
                0x10083d5c                Cy_BLE_SleepCallback
 .text.Cy_BLE_UnregisterHostPMCallbacks
                0x10083dc0       0x18 .\CortexM4\ARM_GCC_541\Debug\cy_ble.o
                0x10083dc0                Cy_BLE_UnregisterHostPMCallbacks
 .text.Cy_BLE_Init
                0x10083dd8       0x54 .\CortexM4\ARM_GCC_541\Debug\cy_ble.o
                0x10083dd8                Cy_BLE_Init
 .text.Cy_BLE_Enable
                0x10083e2c      0x134 .\CortexM4\ARM_GCC_541\Debug\cy_ble.o
                0x10083e2c                Cy_BLE_Enable
 .text.Cy_BLE_RegisterAppHostCallback
                0x10083f60       0x18 .\CortexM4\ARM_GCC_541\Debug\cy_ble.o
                0x10083f60                Cy_BLE_RegisterAppHostCallback
 .text.Cy_BLE_IPC_HostMsgFlushRecvCallBack
                0x10083f78       0x1c .\CortexM4\ARM_GCC_541\Debug\cy_ble_hal_pvt.o
 .text.Cy_BLE_IPC_HostMsgRecvCallBack
                0x10083f94       0x1c .\CortexM4\ARM_GCC_541\Debug\cy_ble_hal_pvt.o
 .text.Cy_BLE_HAL_BlockCalcCRC8
                0x10083fb0       0x34 .\CortexM4\ARM_GCC_541\Debug\cy_ble_hal_pvt.o
                0x10083fb0                Cy_BLE_HAL_BlockCalcCRC8
 .text.Cy_BLE_HAL_CalcCRC8
                0x10083fe4        0xc .\CortexM4\ARM_GCC_541\Debug\cy_ble_hal_pvt.o
                0x10083fe4                Cy_BLE_HAL_CalcCRC8
 .text.Cy_BLE_HAL_EnterCriticalSection
                0x10083ff0        0x8 .\CortexM4\ARM_GCC_541\Debug\cy_ble_hal_pvt.o
                0x10083ff0                Cy_BLE_HAL_EnterCriticalSection
 .text.Cy_BLE_HAL_ExitCriticalSection
                0x10083ff8        0x8 .\CortexM4\ARM_GCC_541\Debug\cy_ble_hal_pvt.o
                0x10083ff8                Cy_BLE_HAL_ExitCriticalSection
 .text.Cy_BLE_HAL_EnableHostIpcPipeInterrupt
                0x10084000        0xc .\CortexM4\ARM_GCC_541\Debug\cy_ble_hal_pvt.o
                0x10084000                Cy_BLE_HAL_EnableHostIpcPipeInterrupt
 .text.Cy_BLE_HAL_DisableHostIpcPipeInterrupt
                0x1008400c        0xc .\CortexM4\ARM_GCC_541\Debug\cy_ble_hal_pvt.o
                0x1008400c                Cy_BLE_HAL_DisableHostIpcPipeInterrupt
 .text.Cy_BLE_IPC_HostRegisterClientCallbacks
                0x10084018       0x34 .\CortexM4\ARM_GCC_541\Debug\cy_ble_hal_pvt.o
                0x10084018                Cy_BLE_IPC_HostRegisterClientCallbacks
 .text.Cy_BLE_IPC_SendMessageToController
                0x1008404c       0x20 .\CortexM4\ARM_GCC_541\Debug\cy_ble_hal_pvt.o
                0x1008404c                Cy_BLE_IPC_SendMessageToController
 .text.Cy_BLE_HAL_EccHeapInit
                0x1008406c        0x4 .\CortexM4\ARM_GCC_541\Debug\cy_ble_hal_pvt.o
                0x1008406c                Cy_BLE_HAL_EccHeapInit
 .text.Cy_BLE_HAL_EccHeapDeInit
                0x10084070        0x4 .\CortexM4\ARM_GCC_541\Debug\cy_ble_hal_pvt.o
                0x10084070                Cy_BLE_HAL_EccHeapDeInit
 .text.Cy_BLE_HAL_EccGetFeatureHeapReq
                0x10084074        0x4 .\CortexM4\ARM_GCC_541\Debug\cy_ble_hal_pvt.o
                0x10084074                Cy_BLE_HAL_EccGetFeatureHeapReq
 .text.Cy_BLE_HAL_PairingLocalPublicKeyHandler
                0x10084078        0x8 .\CortexM4\ARM_GCC_541\Debug\cy_ble_hal_pvt.o
                0x10084078                Cy_BLE_HAL_PairingLocalPublicKeyHandler
 .text.Cy_BLE_HAL_PairingRemoteKeyHandler
                0x10084080        0x8 .\CortexM4\ARM_GCC_541\Debug\cy_ble_hal_pvt.o
                0x10084080                Cy_BLE_HAL_PairingRemoteKeyHandler
 .text.Cy_BLE_HAL_PairingDhkeyHandler
                0x10084088        0x8 .\CortexM4\ARM_GCC_541\Debug\cy_ble_hal_pvt.o
                0x10084088                Cy_BLE_HAL_PairingDhkeyHandler
 .text.Cy_BLE_HAL_PairingDhkeyCheckHandler
                0x10084090        0x8 .\CortexM4\ARM_GCC_541\Debug\cy_ble_hal_pvt.o
                0x10084090                Cy_BLE_HAL_PairingDhkeyCheckHandler
 .text.Cy_BLE_HAL_PairingKeypressNotificationHandler
                0x10084098        0x8 .\CortexM4\ARM_GCC_541\Debug\cy_ble_hal_pvt.o
                0x10084098                Cy_BLE_HAL_PairingKeypressNotificationHandler
 .text.Cy_BLE_HAL_PairingRandHandler
                0x100840a0        0x8 .\CortexM4\ARM_GCC_541\Debug\cy_ble_hal_pvt.o
                0x100840a0                Cy_BLE_HAL_PairingRandHandler
 .text.Cy_BLE_HAL_PairingConfirmHandler
                0x100840a8        0x8 .\CortexM4\ARM_GCC_541\Debug\cy_ble_hal_pvt.o
                0x100840a8                Cy_BLE_HAL_PairingConfirmHandler
 .text.Cy_BLE_HAL_PairingLrConfirmingHandler
                0x100840b0        0x8 .\CortexM4\ARM_GCC_541\Debug\cy_ble_hal_pvt.o
                0x100840b0                Cy_BLE_HAL_PairingLrConfirmingHandler
 .text.Cy_BLE_HAL_PairingScTbxLocalPubkeyGenerateComplete
                0x100840b8        0x8 .\CortexM4\ARM_GCC_541\Debug\cy_ble_hal_pvt.o
                0x100840b8                Cy_BLE_HAL_PairingScTbxLocalPubkeyGenerateComplete
 .text.Cy_BLE_HAL_PairingScTbxGenerateLocalP256PublicKey
                0x100840c0        0x8 .\CortexM4\ARM_GCC_541\Debug\cy_ble_hal_pvt.o
                0x100840c0                Cy_BLE_HAL_PairingScTbxGenerateLocalP256PublicKey
 .text.Cy_BLE_HAL_SeSmpScUserPasskeyHandler
                0x100840c8        0x8 .\CortexM4\ARM_GCC_541\Debug\cy_ble_hal_pvt.o
                0x100840c8                Cy_BLE_HAL_SeSmpScUserPasskeyHandler
 .text.Cy_BLE_HAL_EccPointMult
                0x100840d0        0x4 .\CortexM4\ARM_GCC_541\Debug\cy_ble_hal_pvt.o
                0x100840d0                Cy_BLE_HAL_EccPointMult
 .text.Cy_BLE_ServiceInit
                0x100840d4       0x10 .\CortexM4\ARM_GCC_541\Debug\cy_ble_gap.o
                0x100840d4                Cy_BLE_ServiceInit
 .text.Cy_BLE_GAPP_StartAdvertisement
                0x100840e4      0x120 .\CortexM4\ARM_GCC_541\Debug\cy_ble_gap.o
                0x100840e4                Cy_BLE_GAPP_StartAdvertisement
 .text.Cy_BLE_ChangeAdDeviceAddress
                0x10084204       0x5c .\CortexM4\ARM_GCC_541\Debug\cy_ble_gap.o
                0x10084204                Cy_BLE_ChangeAdDeviceAddress
 .text.Cy_BLE_GATTS_WriteAttributeValueCCCD
                0x10084260       0x70 .\CortexM4\ARM_GCC_541\Debug\cy_ble_gatt.o
                0x10084260                Cy_BLE_GATTS_WriteAttributeValueCCCD
 .text.Cy_BLE_GATTS_WriteEventHandler
                0x100842d0       0x84 .\CortexM4\ARM_GCC_541\Debug\cy_ble_gatt.o
                0x100842d0                Cy_BLE_GATTS_WriteEventHandler
 .text.Cy_BLE_GATTS_ReadAttributeValueCCCDReqHandler
                0x10084354       0x5c .\CortexM4\ARM_GCC_541\Debug\cy_ble_gatt.o
                0x10084354                Cy_BLE_GATTS_ReadAttributeValueCCCDReqHandler
 .text.Cy_BLE_GATTS_WriteAttributeValueLocal
                0x100843b0       0x48 .\CortexM4\ARM_GCC_541\Debug\cy_ble_gatt.o
                0x100843b0                Cy_BLE_GATTS_WriteAttributeValueLocal
 .text.Cy_BLE_GATTS_WriteAttributeValuePeer
                0x100843f8       0x38 .\CortexM4\ARM_GCC_541\Debug\cy_ble_gatt.o
                0x100843f8                Cy_BLE_GATTS_WriteAttributeValuePeer
 .text.Cy_BLE_GATTS_ReadCccd
                0x10084430       0xbc .\CortexM4\ARM_GCC_541\Debug\cy_ble_gatt.o
                0x10084430                Cy_BLE_GATTS_ReadCccd
 .text.Cy_BLE_GATTS_IsNotificationEnabled
                0x100844ec       0x20 .\CortexM4\ARM_GCC_541\Debug\cy_ble_gatt.o
                0x100844ec                Cy_BLE_GATTS_IsNotificationEnabled
 .text.Cy_BLE_GATTS_SendNotification
                0x1008450c       0x7c .\CortexM4\ARM_GCC_541\Debug\cy_ble_gatt.o
                0x1008450c                Cy_BLE_GATTS_SendNotification
 .text.Cy_BLE_SendWriteResponse
                0x10084588       0x44 .\CortexM4\ARM_GCC_541\Debug\cy_ble_event_handler.o
 .text.Cy_BLE_RegisterServiceEventHandler
                0x100845cc       0x5c .\CortexM4\ARM_GCC_541\Debug\cy_ble_event_handler.o
                0x100845cc                Cy_BLE_RegisterServiceEventHandler
 .text.Cy_BLE_InvokeServiceEventHandler
                0x10084628       0x38 .\CortexM4\ARM_GCC_541\Debug\cy_ble_event_handler.o
                0x10084628                Cy_BLE_InvokeServiceEventHandler
 .text.Cy_BLE_IsDeviceAddressValid
                0x10084660       0x20 .\CortexM4\ARM_GCC_541\Debug\cy_ble_event_handler.o
                0x10084660                Cy_BLE_IsDeviceAddressValid
 .text.Cy_BLE_EventHandler
                0x10084680      0x74c .\CortexM4\ARM_GCC_541\Debug\cy_ble_event_handler.o
                0x10084680                Cy_BLE_EventHandler
 .text.Cy_BLE_CUSTOM_EventHandler
                0x10084dcc        0x4 .\CortexM4\ARM_GCC_541\Debug\cy_ble_custom.o
 .text.Cy_BLE_CUSTOM_Init
                0x10084dd0       0x20 .\CortexM4\ARM_GCC_541\Debug\cy_ble_custom.o
                0x10084dd0                Cy_BLE_CUSTOM_Init
 .text.prvTestWaitCondition
                0x10084df0       0x1c .\CortexM4\ARM_GCC_541\Debug\event_groups.o
 .text.xEventGroupCreate
                0x10084e0c       0x1c .\CortexM4\ARM_GCC_541\Debug\event_groups.o
                0x10084e0c                xEventGroupCreate
 .text.xEventGroupWaitBits
                0x10084e28      0x114 .\CortexM4\ARM_GCC_541\Debug\event_groups.o
                0x10084e28                xEventGroupWaitBits
 .text.xEventGroupClearBits
                0x10084f3c       0x48 .\CortexM4\ARM_GCC_541\Debug\event_groups.o
                0x10084f3c                xEventGroupClearBits
 .text.xEventGroupSetBits
                0x10084f84       0x9c .\CortexM4\ARM_GCC_541\Debug\event_groups.o
                0x10084f84                xEventGroupSetBits
 .text.vListInitialise
                0x10085020       0x18 .\CortexM4\ARM_GCC_541\Debug\list.o
                0x10085020                vListInitialise
 .text.vListInitialiseItem
                0x10085038        0x8 .\CortexM4\ARM_GCC_541\Debug\list.o
                0x10085038                vListInitialiseItem
 .text.vListInsertEnd
                0x10085040       0x18 .\CortexM4\ARM_GCC_541\Debug\list.o
                0x10085040                vListInsertEnd
 .text.vListInsert
                0x10085058       0x34 .\CortexM4\ARM_GCC_541\Debug\list.o
                0x10085058                vListInsert
 .text.uxListRemove
                0x1008508c       0x28 .\CortexM4\ARM_GCC_541\Debug\list.o
                0x1008508c                uxListRemove
 .text.prvGetDisinheritPriorityAfterTimeout
                0x100850b4       0x14 .\CortexM4\ARM_GCC_541\Debug\queue.o
 .text.prvIsQueueFull
                0x100850c8       0x20 .\CortexM4\ARM_GCC_541\Debug\queue.o
 .text.prvIsQueueEmpty
                0x100850e8       0x1c .\CortexM4\ARM_GCC_541\Debug\queue.o
 .text.prvCopyDataToQueue
                0x10085104       0x78 .\CortexM4\ARM_GCC_541\Debug\queue.o
 .text.prvCopyDataFromQueue
                0x1008517c       0x24 .\CortexM4\ARM_GCC_541\Debug\queue.o
 .text.prvUnlockQueue
                0x100851a0       0x68 .\CortexM4\ARM_GCC_541\Debug\queue.o
 .text.xQueueGenericReset
                0x10085208       0x80 .\CortexM4\ARM_GCC_541\Debug\queue.o
                0x10085208                xQueueGenericReset
 .text.prvInitialiseNewQueue
                0x10085288       0x1c .\CortexM4\ARM_GCC_541\Debug\queue.o
 .text.xQueueGenericCreate
                0x100852a4       0x4c .\CortexM4\ARM_GCC_541\Debug\queue.o
                0x100852a4                xQueueGenericCreate
 .text.xQueueGenericSend
                0x100852f0      0x190 .\CortexM4\ARM_GCC_541\Debug\queue.o
                0x100852f0                xQueueGenericSend
 .text.xQueueGenericSendFromISR
                0x10085480       0xe4 .\CortexM4\ARM_GCC_541\Debug\queue.o
                0x10085480                xQueueGenericSendFromISR
 .text.xQueueGiveFromISR
                0x10085564       0xbc .\CortexM4\ARM_GCC_541\Debug\queue.o
                0x10085564                xQueueGiveFromISR
 .text.xQueueReceive
                0x10085620      0x158 .\CortexM4\ARM_GCC_541\Debug\queue.o
                0x10085620                xQueueReceive
 .text.xQueueSemaphoreTake
                0x10085778      0x190 .\CortexM4\ARM_GCC_541\Debug\queue.o
                0x10085778                xQueueSemaphoreTake
 .text.vQueueAddToRegistry
                0x10085908       0x28 .\CortexM4\ARM_GCC_541\Debug\queue.o
                0x10085908                vQueueAddToRegistry
 .text.vQueueWaitForMessageRestricted
                0x10085930       0x4c .\CortexM4\ARM_GCC_541\Debug\queue.o
                0x10085930                vQueueWaitForMessageRestricted
 .text.prvResetNextTaskUnblockTime
                0x1008597c       0x2c .\CortexM4\ARM_GCC_541\Debug\tasks.o
 .text.prvDeleteTCB
                0x100859a8       0x14 .\CortexM4\ARM_GCC_541\Debug\tasks.o
 .text.prvInitialiseNewTask
                0x100859bc       0xac .\CortexM4\ARM_GCC_541\Debug\tasks.o
 .text.prvInitialiseTaskLists
                0x10085a68       0x58 .\CortexM4\ARM_GCC_541\Debug\tasks.o
 .text.prvAddNewTaskToReadyList
                0x10085ac0       0xac .\CortexM4\ARM_GCC_541\Debug\tasks.o
 .text.prvCheckTasksWaitingTermination
                0x10085b6c       0x44 .\CortexM4\ARM_GCC_541\Debug\tasks.o
 .text.prvIdleTask
                0x10085bb0       0x28 .\CortexM4\ARM_GCC_541\Debug\tasks.o
 .text.prvAddCurrentTaskToDelayedList
                0x10085bd8       0x68 .\CortexM4\ARM_GCC_541\Debug\tasks.o
 .text.xTaskCreate
                0x10085c40       0x64 .\CortexM4\ARM_GCC_541\Debug\tasks.o
                0x10085c40                xTaskCreate
 .text.vTaskStartScheduler
                0x10085ca4       0x7c .\CortexM4\ARM_GCC_541\Debug\tasks.o
                0x10085ca4                vTaskStartScheduler
 .text.vTaskSuspendAll
                0x10085d20       0x14 .\CortexM4\ARM_GCC_541\Debug\tasks.o
                0x10085d20                vTaskSuspendAll
 .text.xTaskGetTickCount
                0x10085d34        0xc .\CortexM4\ARM_GCC_541\Debug\tasks.o
                0x10085d34                xTaskGetTickCount
 .text.xTaskIncrementTick
                0x10085d40       0xfc .\CortexM4\ARM_GCC_541\Debug\tasks.o
                0x10085d40                xTaskIncrementTick
 .text.xTaskResumeAll
                0x10085e3c       0xf0 .\CortexM4\ARM_GCC_541\Debug\tasks.o
                0x10085e3c                xTaskResumeAll
 .text.vTaskDelay
                0x10085f2c       0x50 .\CortexM4\ARM_GCC_541\Debug\tasks.o
                0x10085f2c                vTaskDelay
 .text.vTaskSwitchContext
                0x10085f7c       0xc8 .\CortexM4\ARM_GCC_541\Debug\tasks.o
                0x10085f7c                vTaskSwitchContext
 .text.vTaskPlaceOnEventList
                0x10086044       0x34 .\CortexM4\ARM_GCC_541\Debug\tasks.o
                0x10086044                vTaskPlaceOnEventList
 .text.vTaskPlaceOnUnorderedEventList
                0x10086078       0x5c .\CortexM4\ARM_GCC_541\Debug\tasks.o
                0x10086078                vTaskPlaceOnUnorderedEventList
 .text.vTaskPlaceOnEventListRestricted
                0x100860d4       0x3c .\CortexM4\ARM_GCC_541\Debug\tasks.o
                0x100860d4                vTaskPlaceOnEventListRestricted
 .text.xTaskRemoveFromEventList
                0x10086110       0x88 .\CortexM4\ARM_GCC_541\Debug\tasks.o
                0x10086110                xTaskRemoveFromEventList
 .text.vTaskRemoveFromUnorderedEventList
                0x10086198       0x84 .\CortexM4\ARM_GCC_541\Debug\tasks.o
                0x10086198                vTaskRemoveFromUnorderedEventList
 .text.vTaskInternalSetTimeOutState
                0x1008621c       0x14 .\CortexM4\ARM_GCC_541\Debug\tasks.o
                0x1008621c                vTaskInternalSetTimeOutState
 .text.xTaskCheckForTimeOut
                0x10086230       0x80 .\CortexM4\ARM_GCC_541\Debug\tasks.o
                0x10086230                xTaskCheckForTimeOut
 .text.vTaskMissedYield
                0x100862b0       0x10 .\CortexM4\ARM_GCC_541\Debug\tasks.o
                0x100862b0                vTaskMissedYield
 .text.xTaskGetSchedulerState
                0x100862c0       0x20 .\CortexM4\ARM_GCC_541\Debug\tasks.o
                0x100862c0                xTaskGetSchedulerState
 .text.xTaskPriorityInherit
                0x100862e0       0xa8 .\CortexM4\ARM_GCC_541\Debug\tasks.o
                0x100862e0                xTaskPriorityInherit
 .text.xTaskPriorityDisinherit
                0x10086388       0x94 .\CortexM4\ARM_GCC_541\Debug\tasks.o
                0x10086388                xTaskPriorityDisinherit
 .text.vTaskPriorityDisinheritAfterTimeout
                0x1008641c       0xac .\CortexM4\ARM_GCC_541\Debug\tasks.o
                0x1008641c                vTaskPriorityDisinheritAfterTimeout
 .text.uxTaskResetEventItemValue
                0x100864c8       0x20 .\CortexM4\ARM_GCC_541\Debug\tasks.o
                0x100864c8                uxTaskResetEventItemValue
 .text.pvTaskIncrementMutexHeldCount
                0x100864e8       0x20 .\CortexM4\ARM_GCC_541\Debug\tasks.o
                0x100864e8                pvTaskIncrementMutexHeldCount
 .text.prvGetNextExpireTime
                0x10086508       0x20 .\CortexM4\ARM_GCC_541\Debug\timers.o
 .text.prvInsertTimerInActiveList
                0x10086528       0x44 .\CortexM4\ARM_GCC_541\Debug\timers.o
 .text.prvCheckForValidListAndQueue
                0x1008656c       0x48 .\CortexM4\ARM_GCC_541\Debug\timers.o
 .text.xTimerCreateTimerTask
                0x100865b4       0x50 .\CortexM4\ARM_GCC_541\Debug\timers.o
                0x100865b4                xTimerCreateTimerTask
 .text.xTimerGenericCommand
                0x10086604       0x6c .\CortexM4\ARM_GCC_541\Debug\timers.o
                0x10086604                xTimerGenericCommand
 .text.prvSwitchTimerLists
                0x10086670       0x74 .\CortexM4\ARM_GCC_541\Debug\timers.o
 .text.prvSampleTimeNow
                0x100866e4       0x2c .\CortexM4\ARM_GCC_541\Debug\timers.o
 .text.prvProcessExpiredTimer
                0x10086710       0x5c .\CortexM4\ARM_GCC_541\Debug\timers.o
 .text.prvProcessTimerOrBlockTask
                0x1008676c       0x70 .\CortexM4\ARM_GCC_541\Debug\timers.o
 .text.prvProcessReceivedCommands
                0x100867dc       0xbc .\CortexM4\ARM_GCC_541\Debug\timers.o
 .text.prvTimerTask
                0x10086898       0x18 .\CortexM4\ARM_GCC_541\Debug\timers.o
 .text.prvTaskExitError
                0x100868b0       0x40 .\CortexM4\ARM_GCC_541\Debug\port.o
 .text.prvPortStartFirstTask
                0x100868f0       0x28 .\CortexM4\ARM_GCC_541\Debug\port.o
 .text.vPortEnableVFP
                0x10086918       0x14 .\CortexM4\ARM_GCC_541\Debug\port.o
 .text.pxPortInitialiseStack
                0x1008692c       0x2c .\CortexM4\ARM_GCC_541\Debug\port.o
                0x1008692c                pxPortInitialiseStack
 *fill*         0x10086958        0x8 
 .text.SVC_Handler
                0x10086960       0x24 .\CortexM4\ARM_GCC_541\Debug\port.o
                0x10086960                SVC_Handler
 .text.vPortEnterCritical
                0x10086984       0x44 .\CortexM4\ARM_GCC_541\Debug\port.o
                0x10086984                vPortEnterCritical
 .text.vPortExitCritical
                0x100869c8       0x2c .\CortexM4\ARM_GCC_541\Debug\port.o
                0x100869c8                vPortExitCritical
 *fill*         0x100869f4        0xc 
 .text.PendSV_Handler
                0x10086a00       0x64 .\CortexM4\ARM_GCC_541\Debug\port.o
                0x10086a00                PendSV_Handler
 .text.SysTick_Handler
                0x10086a64       0x2c .\CortexM4\ARM_GCC_541\Debug\port.o
                0x10086a64                SysTick_Handler
 .text.vPortSetupTimerInterrupt
                0x10086a90       0x38 .\CortexM4\ARM_GCC_541\Debug\port.o
                0x10086a90                vPortSetupTimerInterrupt
 .text.xPortStartScheduler
                0x10086ac8       0xe0 .\CortexM4\ARM_GCC_541\Debug\port.o
                0x10086ac8                xPortStartScheduler
 .text.vPortValidateInterruptPriority
                0x10086ba8       0x58 .\CortexM4\ARM_GCC_541\Debug\port.o
                0x10086ba8                vPortValidateInterruptPriority
 .text.vApplicationStackOverflowHook
                0x10086c00       0x24 .\CortexM4\ARM_GCC_541\Debug\port.o
                0x10086c00                vApplicationStackOverflowHook
 .text.pvPortMalloc
                0x10086c24       0x60 .\CortexM4\ARM_GCC_541\Debug\heap_1.o
                0x10086c24                pvPortMalloc
 .text.vPortFree
                0x10086c84       0x18 .\CortexM4\ARM_GCC_541\Debug\heap_1.o
                0x10086c84                vPortFree
 .text._write   0x10086c9c       0x24 .\CortexM4\ARM_GCC_541\Debug\retarget.o
                0x10086c9c                _write
 .text._read    0x10086cc0       0x2c .\CortexM4\ARM_GCC_541\Debug\retarget.o
                0x10086cc0                _read
 .text.CapSense_Initialize
                0x10086cec       0x24 .\CortexM4\ARM_GCC_541\Debug\CapSense_Control.o
                0x10086cec                CapSense_Initialize
 .text.CapSense_Start
                0x10086d10       0x3c .\CortexM4\ARM_GCC_541\Debug\CapSense_Control.o
                0x10086d10                CapSense_Start
 .text.CapSense_ProcessAllWidgets
                0x10086d4c       0x74 .\CortexM4\ARM_GCC_541\Debug\CapSense_Control.o
                0x10086d4c                CapSense_ProcessAllWidgets
 .text.CapSense_DpInitialize
                0x10086dc0       0x84 .\CortexM4\ARM_GCC_541\Debug\CapSense_Processing.o
                0x10086dc0                CapSense_DpInitialize
 .text.CapSense_DpUpdateThresholds
                0x10086e44       0x34 .\CortexM4\ARM_GCC_541\Debug\CapSense_Processing.o
                0x10086e44                CapSense_DpUpdateThresholds
 .text.CapSense_DpUpdateDifferences
                0x10086e78       0x18 .\CortexM4\ARM_GCC_541\Debug\CapSense_Processing.o
                0x10086e78                CapSense_DpUpdateDifferences
 .text.CapSense_DpProcessCsxWidgetRawCounts
                0x10086e90       0x38 .\CortexM4\ARM_GCC_541\Debug\CapSense_Processing.o
                0x10086e90                CapSense_DpProcessCsxWidgetRawCounts
 .text.CapSense_DpProcessCsdWidgetRawCounts
                0x10086ec8       0x54 .\CortexM4\ARM_GCC_541\Debug\CapSense_Processing.o
                0x10086ec8                CapSense_DpProcessCsdWidgetRawCounts
 .text.CapSense_DpProcessButton
                0x10086f1c       0x64 .\CortexM4\ARM_GCC_541\Debug\CapSense_Processing.o
                0x10086f1c                CapSense_DpProcessButton
 .text.CapSense_DpProcessCsxWidgetStatus
                0x10086f80       0x64 .\CortexM4\ARM_GCC_541\Debug\CapSense_Processing.o
                0x10086f80                CapSense_DpProcessCsxWidgetStatus
 .text.CapSense_DpProcessSlider
                0x10086fe4       0xcc .\CortexM4\ARM_GCC_541\Debug\CapSense_Processing.o
                0x10086fe4                CapSense_DpProcessSlider
 .text.CapSense_DpProcessCsdWidgetStatus
                0x100870b0       0x74 .\CortexM4\ARM_GCC_541\Debug\CapSense_Processing.o
                0x100870b0                CapSense_DpProcessCsdWidgetStatus
 .text.CapSense_DsInitialize
                0x10087124       0x98 .\CortexM4\ARM_GCC_541\Debug\CapSense_Structure.o
                0x10087124                CapSense_DsInitialize
 .text.CapSense_IsWidgetActive
                0x100871bc       0x28 .\CortexM4\ARM_GCC_541\Debug\CapSense_Structure.o
                0x100871bc                CapSense_IsWidgetActive
 .text.CapSense_GetCentroidPos
                0x100871e4       0x38 .\CortexM4\ARM_GCC_541\Debug\CapSense_Structure.o
                0x100871e4                CapSense_GetCentroidPos
 .text.CapSense_TuInitialize
                0x1008721c       0x14 .\CortexM4\ARM_GCC_541\Debug\CapSense_Tuner.o
                0x1008721c                CapSense_TuInitialize
 .text.CapSense_FtInitializeBaselineChannel
                0x10087230       0x20 .\CortexM4\ARM_GCC_541\Debug\CapSense_Filter.o
                0x10087230                CapSense_FtInitializeBaselineChannel
 .text.CapSense_FtInitializeBaseline
                0x10087250       0x20 .\CortexM4\ARM_GCC_541\Debug\CapSense_Filter.o
                0x10087250                CapSense_FtInitializeBaseline
 .text.CapSense_InitializeSensorBaseline
                0x10087270       0x20 .\CortexM4\ARM_GCC_541\Debug\CapSense_Filter.o
                0x10087270                CapSense_InitializeSensorBaseline
 .text.CapSense_InitializeWidgetBaseline
                0x10087290       0x28 .\CortexM4\ARM_GCC_541\Debug\CapSense_Filter.o
                0x10087290                CapSense_InitializeWidgetBaseline
 .text.CapSense_InitializeAllBaselines
                0x100872b8       0x18 .\CortexM4\ARM_GCC_541\Debug\CapSense_Filter.o
                0x100872b8                CapSense_InitializeAllBaselines
 .text.CapSense_InitializeWidgetFilter
                0x100872d0       0x48 .\CortexM4\ARM_GCC_541\Debug\CapSense_Filter.o
                0x100872d0                CapSense_InitializeWidgetFilter
 .text.CapSense_InitializeAllFilters
                0x10087318       0x18 .\CortexM4\ARM_GCC_541\Debug\CapSense_Filter.o
                0x10087318                CapSense_InitializeAllFilters
 .text.CapSense_FtInitialize
                0x10087330        0x8 .\CortexM4\ARM_GCC_541\Debug\CapSense_Filter.o
                0x10087330                CapSense_FtInitialize
 .text.CapSense_FtIIR1stOrder
                0x10087338       0x14 .\CortexM4\ARM_GCC_541\Debug\CapSense_Filter.o
                0x10087338                CapSense_FtIIR1stOrder
 .text.CapSense_FtUpdateBaseline
                0x1008734c       0xa0 .\CortexM4\ARM_GCC_541\Debug\CapSense_Filter.o
                0x1008734c                CapSense_FtUpdateBaseline
 .text.CapSense_UpdateSensorBaseline
                0x100873ec       0x24 .\CortexM4\ARM_GCC_541\Debug\CapSense_Filter.o
                0x100873ec                CapSense_UpdateSensorBaseline
 .text.CapSense_UpdateWidgetBaseline
                0x10087410       0x2c .\CortexM4\ARM_GCC_541\Debug\CapSense_Filter.o
                0x10087410                CapSense_UpdateWidgetBaseline
 .text.CapSense_UpdateAllBaselines
                0x1008743c       0x1c .\CortexM4\ARM_GCC_541\Debug\CapSense_Filter.o
                0x1008743c                CapSense_UpdateAllBaselines
 .text.CapSense_SsCalcLfsrSize
                0x10087458       0xb0 .\CortexM4\ARM_GCC_541\Debug\CapSense_Sensing.o
 .text.CapSense_SsCalcLfsrScale
                0x10087508       0x38 .\CortexM4\ARM_GCC_541\Debug\CapSense_Sensing.o
 .text.CapSense_SsDisableCSXMode
                0x10087540        0x8 .\CortexM4\ARM_GCC_541\Debug\CapSense_Sensing.o
 .text.CapSense_SsCSDDisableMode
                0x10087548       0x38 .\CortexM4\ARM_GCC_541\Debug\CapSense_Sensing.o
 .text.CapSense_IsBusy
                0x10087580       0x10 .\CortexM4\ARM_GCC_541\Debug\CapSense_Sensing.o
                0x10087580                CapSense_IsBusy
 .text.CapSense_SetBusyFlags
                0x10087590       0x18 .\CortexM4\ARM_GCC_541\Debug\CapSense_Sensing.o
                0x10087590                CapSense_SetBusyFlags
 .text.CapSense_ClrBusyFlags
                0x100875a8       0x18 .\CortexM4\ARM_GCC_541\Debug\CapSense_Sensing.o
                0x100875a8                CapSense_ClrBusyFlags
 .text.CapSense_SetupWidget
                0x100875c0       0x64 .\CortexM4\ARM_GCC_541\Debug\CapSense_Sensing.o
                0x100875c0                CapSense_SetupWidget
 .text.CapSense_Scan
                0x10087624       0x3c .\CortexM4\ARM_GCC_541\Debug\CapSense_Sensing.o
                0x10087624                CapSense_Scan
 .text.CapSense_ScanAllWidgets
                0x10087660       0x54 .\CortexM4\ARM_GCC_541\Debug\CapSense_Sensing.o
                0x10087660                CapSense_ScanAllWidgets
 .text.CapSense_SsSwitchSensingMode
                0x100876b4       0x50 .\CortexM4\ARM_GCC_541\Debug\CapSense_Sensing.o
                0x100876b4                CapSense_SsSwitchSensingMode
 .text.CapSense_SsSetIOsInDefaultState
                0x10087704       0x28 .\CortexM4\ARM_GCC_541\Debug\CapSense_Sensing.o
                0x10087704                CapSense_SsSetIOsInDefaultState
 .text.CapSense_SsPostAllWidgetsScan
                0x1008772c       0x78 .\CortexM4\ARM_GCC_541\Debug\CapSense_Sensing.o
                0x1008772c                CapSense_SsPostAllWidgetsScan
 .text.CapSense_SsIsrInitialize
                0x100877a4       0x58 .\CortexM4\ARM_GCC_541\Debug\CapSense_Sensing.o
                0x100877a4                CapSense_SsIsrInitialize
 .text.CapSense_CalibrateWidget
                0x100877fc       0x3c .\CortexM4\ARM_GCC_541\Debug\CapSense_Sensing.o
                0x100877fc                CapSense_CalibrateWidget
 .text.CapSense_CalibrateAllWidgets
                0x10087838       0x1c .\CortexM4\ARM_GCC_541\Debug\CapSense_Sensing.o
                0x10087838                CapSense_CalibrateAllWidgets
 .text.CapSense_SsClearCSDSensors
                0x10087854       0x44 .\CortexM4\ARM_GCC_541\Debug\CapSense_Sensing.o
                0x10087854                CapSense_SsClearCSDSensors
 .text.CapSense_SsCSDGetColSnsClkDivider
                0x10087898       0x14 .\CortexM4\ARM_GCC_541\Debug\CapSense_Sensing.o
                0x10087898                CapSense_SsCSDGetColSnsClkDivider
 .text.CapSense_SsCSDSetColSnsClkDivider
                0x100878ac       0x14 .\CortexM4\ARM_GCC_541\Debug\CapSense_Sensing.o
                0x100878ac                CapSense_SsCSDSetColSnsClkDivider
 .text.CapSense_SsCSDCalcPrsSize
                0x100878c0       0x24 .\CortexM4\ARM_GCC_541\Debug\CapSense_Sensing.o
                0x100878c0                CapSense_SsCSDCalcPrsSize
 .text.CapSense_SsSetWidgetSenseClkSrc
                0x100878e4       0x54 .\CortexM4\ARM_GCC_541\Debug\CapSense_Sensing.o
 .text.CapSense_SsAutoTune
                0x10087938      0x18c .\CortexM4\ARM_GCC_541\Debug\CapSense_Sensing.o
                0x10087938                CapSense_SsAutoTune
 .text.CapSense_SsInitializeSourceSenseClk
                0x10087ac4       0x64 .\CortexM4\ARM_GCC_541\Debug\CapSense_Sensing.o
                0x10087ac4                CapSense_SsInitializeSourceSenseClk
 .text.CapSense_SsInitialize
                0x10087b28       0x14 .\CortexM4\ARM_GCC_541\Debug\CapSense_Sensing.o
                0x10087b28                CapSense_SsInitialize
 .text.CapSense_BistDischargeExtCapacitors
                0x10087b3c       0xc0 .\CortexM4\ARM_GCC_541\Debug\CapSense_Sensing.o
                0x10087b3c                CapSense_BistDischargeExtCapacitors
 .text.CapSense_SsCSDPostScan
                0x10087bfc       0x54 .\CortexM4\ARM_GCC_541\Debug\CapSense_INT.o
 .text.CapSense_SsCSDInitNextScan
                0x10087c50       0xa0 .\CortexM4\ARM_GCC_541\Debug\CapSense_INT.o
 .text.CapSense_CSDPostSingleScan
                0x10087cf0       0x2c .\CortexM4\ARM_GCC_541\Debug\CapSense_INT.o
                0x10087cf0                CapSense_CSDPostSingleScan
 .text.CapSense_CSDPostMultiScan
                0x10087d1c       0x44 .\CortexM4\ARM_GCC_541\Debug\CapSense_INT.o
                0x10087d1c                CapSense_CSDPostMultiScan
 .text.CapSense_SsCSDSetModeSnsClockDivider
                0x10087d60       0x10 .\CortexM4\ARM_GCC_541\Debug\CapSense_SensingCSD_LL.o
 .text.CapSense_SsCSDSetFilterDelay
                0x10087d70       0x50 .\CortexM4\ARM_GCC_541\Debug\CapSense_SensingCSD_LL.o
 .text.CapSense_SsCSDConfigIDACs
                0x10087dc0       0x1c .\CortexM4\ARM_GCC_541\Debug\CapSense_SensingCSD_LL.o
 .text.CapSense_SsCSDSetSingleIdacMode
                0x10087ddc       0x28 .\CortexM4\ARM_GCC_541\Debug\CapSense_SensingCSD_LL.o
 .text.CapSense_SsCSDRestoreIdacMode
                0x10087e04       0x2c .\CortexM4\ARM_GCC_541\Debug\CapSense_SensingCSD_LL.o
 .text.CapSense_SsCSDCalibrateCheck
                0x10087e30       0x4c .\CortexM4\ARM_GCC_541\Debug\CapSense_SensingCSD_LL.o
 .text.CapSense_SsCSDCmodPrecharge
                0x10087e7c       0x6c .\CortexM4\ARM_GCC_541\Debug\CapSense_SensingCSD_LL.o
 .text.CapSense_SsCSDTriggerScan
                0x10087ee8       0x98 .\CortexM4\ARM_GCC_541\Debug\CapSense_SensingCSD_LL.o
 .text.CapSense_SsCSDInitialize
                0x10087f80      0x144 .\CortexM4\ARM_GCC_541\Debug\CapSense_SensingCSD_LL.o
                0x10087f80                CapSense_SsCSDInitialize
 .text.CapSense_SsCSDSetUpIdacs
                0x100880c4       0x50 .\CortexM4\ARM_GCC_541\Debug\CapSense_SensingCSD_LL.o
                0x100880c4                CapSense_SsCSDSetUpIdacs
 .text.CapSense_SsCSDGetNumberOfConversions
                0x10088114       0x30 .\CortexM4\ARM_GCC_541\Debug\CapSense_SensingCSD_LL.o
                0x10088114                CapSense_SsCSDGetNumberOfConversions
 .text.CapSense_SsCSDConfigClock
                0x10088144       0x3c .\CortexM4\ARM_GCC_541\Debug\CapSense_SensingCSD_LL.o
                0x10088144                CapSense_SsCSDConfigClock
 .text.CapSense_SsCSDCalculateScanDuration
                0x10088180       0x18 .\CortexM4\ARM_GCC_541\Debug\CapSense_SensingCSD_LL.o
                0x10088180                CapSense_SsCSDCalculateScanDuration
 .text.CapSense_SsCSDStartSample
                0x10088198       0x44 .\CortexM4\ARM_GCC_541\Debug\CapSense_SensingCSD_LL.o
                0x10088198                CapSense_SsCSDStartSample
 .text.CapSense_CSDScanExt
                0x100881dc       0x18 .\CortexM4\ARM_GCC_541\Debug\CapSense_SensingCSD_LL.o
                0x100881dc                CapSense_CSDScanExt
 .text.CapSense_CSDConnectSns
                0x100881f4       0xa0 .\CortexM4\ARM_GCC_541\Debug\CapSense_SensingCSD_LL.o
                0x100881f4                CapSense_CSDConnectSns
 .text.CapSense_CSDScan
                0x10088294       0x6c .\CortexM4\ARM_GCC_541\Debug\CapSense_SensingCSD_LL.o
                0x10088294                CapSense_CSDScan
 .text.CapSense_SsCSDConnectSensorExt
                0x10088300       0x24 .\CortexM4\ARM_GCC_541\Debug\CapSense_SensingCSD_LL.o
                0x10088300                CapSense_SsCSDConnectSensorExt
 .text.CapSense_CSDDisconnectSns
                0x10088324       0xac .\CortexM4\ARM_GCC_541\Debug\CapSense_SensingCSD_LL.o
                0x10088324                CapSense_CSDDisconnectSns
 .text.CapSense_SsCSDElectrodeCheck
                0x100883d0       0x24 .\CortexM4\ARM_GCC_541\Debug\CapSense_SensingCSD_LL.o
                0x100883d0                CapSense_SsCSDElectrodeCheck
 .text.CapSense_CSDSetupWidget
                0x100883f4       0x58 .\CortexM4\ARM_GCC_541\Debug\CapSense_SensingCSD_LL.o
                0x100883f4                CapSense_CSDSetupWidget
 .text.CapSense_CSDSetupWidgetExt
                0x1008844c       0x64 .\CortexM4\ARM_GCC_541\Debug\CapSense_SensingCSD_LL.o
                0x1008844c                CapSense_CSDSetupWidgetExt
 .text.CapSense_SsCSDCalibrateOneSensor
                0x100884b0       0xe4 .\CortexM4\ARM_GCC_541\Debug\CapSense_SensingCSD_LL.o
 .text.CapSense_CSDCalibrateWidget
                0x10088594      0x114 .\CortexM4\ARM_GCC_541\Debug\CapSense_SensingCSD_LL.o
                0x10088594                CapSense_CSDCalibrateWidget
 .text.CapSense_SsCalcCsxScanPeriod
                0x100886a8       0x10 .\CortexM4\ARM_GCC_541\Debug\CapSense_SensingCSX_LL.o
 .text.CapSense_CSXScanISR
                0x100886b8       0xd0 .\CortexM4\ARM_GCC_541\Debug\CapSense_SensingCSX_LL.o
                0x100886b8                CapSense_CSXScanISR
 .text.CapSense_SsCSXStartSample
                0x10088788      0x14c .\CortexM4\ARM_GCC_541\Debug\CapSense_SensingCSX_LL.o
 .text.CapSense_CSXInitialize
                0x100888d4      0x160 .\CortexM4\ARM_GCC_541\Debug\CapSense_SensingCSX_LL.o
                0x100888d4                CapSense_CSXInitialize
 .text.CapSense_CSXCalibrateWidget
                0x10088a34       0xcc .\CortexM4\ARM_GCC_541\Debug\CapSense_SensingCSX_LL.o
                0x10088a34                CapSense_CSXCalibrateWidget
 .text.CapSense_CSXConnectTx
                0x10088b00       0xa0 .\CortexM4\ARM_GCC_541\Debug\CapSense_SensingCSX_LL.o
                0x10088b00                CapSense_CSXConnectTx
 .text.CapSense_CSXConnectRx
                0x10088ba0       0x9c .\CortexM4\ARM_GCC_541\Debug\CapSense_SensingCSX_LL.o
                0x10088ba0                CapSense_CSXConnectRx
 .text.CapSense_CSXScan
                0x10088c3c       0x60 .\CortexM4\ARM_GCC_541\Debug\CapSense_SensingCSX_LL.o
                0x10088c3c                CapSense_CSXScan
 .text.CapSense_CSXDisconnectTx
                0x10088c9c       0x64 .\CortexM4\ARM_GCC_541\Debug\CapSense_SensingCSX_LL.o
                0x10088c9c                CapSense_CSXDisconnectTx
 .text.CapSense_CSXDisconnectRx
                0x10088d00       0xac .\CortexM4\ARM_GCC_541\Debug\CapSense_SensingCSX_LL.o
                0x10088d00                CapSense_CSXDisconnectRx
 .text.CapSense_SsCSXPostMultiScan
                0x10088dac       0xd0 .\CortexM4\ARM_GCC_541\Debug\CapSense_SensingCSX_LL.o
 .text.CapSense_CSXElectrodeCheck
                0x10088e7c       0x24 .\CortexM4\ARM_GCC_541\Debug\CapSense_SensingCSX_LL.o
                0x10088e7c                CapSense_CSXElectrodeCheck
 .text.CapSense_CSXSetupWidget
                0x10088ea0       0x8c .\CortexM4\ARM_GCC_541\Debug\CapSense_SensingCSX_LL.o
                0x10088ea0                CapSense_CSXSetupWidget
 .text.CapSense_SsCSXGetTxClkDivider
                0x10088f2c       0x14 .\CortexM4\ARM_GCC_541\Debug\CapSense_SensingCSX_LL.o
                0x10088f2c                CapSense_SsCSXGetTxClkDivider
 .text.CapSense_DpFindLocalMaxSd
                0x10088f40       0xd8 .\CortexM4\ARM_GCC_541\Debug\CapSense_Centroid_LL.o
                0x10088f40                CapSense_DpFindLocalMaxSd
 .text.CapSense_DpCalcLinearCentroid
                0x10089018       0x84 .\CortexM4\ARM_GCC_541\Debug\CapSense_Centroid_LL.o
                0x10089018                CapSense_DpCalcLinearCentroid
 .text.CapSense_InitializeGestures
                0x1008909c       0x30 .\CortexM4\ARM_GCC_541\Debug\CapSense_Gesture.o
                0x1008909c                CapSense_InitializeGestures
 .text.Dimmer_Start
                0x100890cc       0x30 .\CortexM4\ARM_GCC_541\Debug\Dimmer.o
                0x100890cc                Dimmer_Start
 .text.I2C_ARD_Interrupt
                0x100890fc       0x14 .\CortexM4\ARM_GCC_541\Debug\I2C_ARD.o
 .text.I2C_ARD_Start
                0x10089110       0x78 .\CortexM4\ARM_GCC_541\Debug\I2C_ARD.o
                0x10089110                I2C_ARD_Start
 .text.Cy_BLE_Start
                0x10089188       0x38 .\CortexM4\ARM_GCC_541\Debug\BLE.o
                0x10089188                Cy_BLE_Start
 .text.Gesture_Init
                0x100891c0       0x80 C:\Program Files (x86)\Cypress\PSoC Creator\4.4\PSoC Creator\psoc\content\CyComponentLibrary\CyComponentLibrary.cylib\CapSense_TMG_v2_0\Library\Gestures_GCC_M4.a(Gesture.o)
                0x100891c0                Gesture_Init
 .text.SmartSense_TunePrescalers
                0x10089240       0x4c C:\Program Files (x86)\Cypress\PSoC Creator\4.4\PSoC Creator\psoc\content\CyComponentLibrary\CyComponentLibrary.cylib\CapSense_v3_0\Library\CapSense_Library_GCC_M4.a(CapSense_SmartSense_LL.o)
                0x10089240                SmartSense_TunePrescalers
 .text.SmartSense_TuneSensitivity
                0x1008928c       0x64 C:\Program Files (x86)\Cypress\PSoC Creator\4.4\PSoC Creator\psoc\content\CyComponentLibrary\CyComponentLibrary.cylib\CapSense_v3_0\Library\CapSense_Library_GCC_M4.a(CapSense_SmartSense_LL.o)
                0x1008928c                SmartSense_TuneSensitivity
 .text.SmartSense_UpdateThresholds
                0x100892f0       0x38 C:\Program Files (x86)\Cypress\PSoC Creator\4.4\PSoC Creator\psoc\content\CyComponentLibrary\CyComponentLibrary.cylib\CapSense_v3_0\Library\CapSense_Library_GCC_M4.a(CapSense_SmartSense_SL.o)
                0x100892f0                SmartSense_UpdateThresholds
 .text.SmartSense_InitializeNoiseEnvelope
                0x10089328       0x18 C:\Program Files (x86)\Cypress\PSoC Creator\4.4\PSoC Creator\psoc\content\CyComponentLibrary\CyComponentLibrary.cylib\CapSense_v3_0\Library\CapSense_Library_GCC_M4.a(CapSense_SmartSense_SL.o)
                0x10089328                SmartSense_InitializeNoiseEnvelope
 .text.SmartSense_RunNoiseEnvelope
                0x10089340       0x8a C:\Program Files (x86)\Cypress\PSoC Creator\4.4\PSoC Creator\psoc\content\CyComponentLibrary\CyComponentLibrary.cylib\CapSense_v3_0\Library\CapSense_Library_GCC_M4.a(CapSense_SmartSense_SL.o)
                0x10089340                SmartSense_RunNoiseEnvelope
 *fill*         0x100893ca        0x2 
 .text          0x100893cc      0x370 c:/program files (x86)/cypress/psoc creator/4.4/psoc creator/import/gnu/arm/5.4.1/bin/../lib/gcc/arm-none-eabi/5.4.1/armv7e-m/softfp\libgcc.a(_arm_addsubdf3.o)
                0x100893cc                __aeabi_drsub
                0x100893d4                __aeabi_dsub
                0x100893d4                __subdf3
                0x100893d8                __aeabi_dadd
                0x100893d8                __adddf3
                0x10089650                __floatunsidf
                0x10089650                __aeabi_ui2d
                0x10089670                __floatsidf
                0x10089670                __aeabi_i2d
                0x10089694                __aeabi_f2d
                0x10089694                __extendsfdf2
                0x100896d0                __floatundidf
                0x100896d0                __aeabi_ul2d
                0x100896e0                __floatdidf
                0x100896e0                __aeabi_l2d
 .text          0x1008973c      0x424 c:/program files (x86)/cypress/psoc creator/4.4/psoc creator/import/gnu/arm/5.4.1/bin/../lib/gcc/arm-none-eabi/5.4.1/armv7e-m/softfp\libgcc.a(_arm_muldivdf3.o)
                0x1008973c                __aeabi_dmul
                0x1008973c                __muldf3
                0x10089990                __divdf3
                0x10089990                __aeabi_ddiv
 .text.memcmp   0x10089b60       0x1e c:/program files (x86)/cypress/psoc creator/4.4/psoc creator/import/gnu/arm/5.4.1/bin/../lib/gcc/arm-none-eabi/5.4.1/../../../../arm-none-eabi/lib/armv7e-m/softfp\libg_nano.a(lib_a-memcmp.o)
                0x10089b60                memcmp
 .text.memcpy   0x10089b7e       0x16 c:/program files (x86)/cypress/psoc creator/4.4/psoc creator/import/gnu/arm/5.4.1/bin/../lib/gcc/arm-none-eabi/5.4.1/../../../../arm-none-eabi/lib/armv7e-m/softfp\libg_nano.a(lib_a-memcpy-stub.o)
                0x10089b7e                memcpy
 .text.memset   0x10089b94       0x10 c:/program files (x86)/cypress/psoc creator/4.4/psoc creator/import/gnu/arm/5.4.1/bin/../lib/gcc/arm-none-eabi/5.4.1/../../../../arm-none-eabi/lib/armv7e-m/softfp\libg_nano.a(lib_a-memset.o)
                0x10089b94                memset
 .text.__cvt    0x10089ba4       0xc2 c:/program files (x86)/cypress/psoc creator/4.4/psoc creator/import/gnu/arm/5.4.1/bin/../lib/gcc/arm-none-eabi/5.4.1/../../../../arm-none-eabi/lib/armv7e-m/softfp\libg_nano.a(lib_a-nano-vfprintf_float.o)
                0x10089ba4                __cvt
 .text.__exponent
                0x10089c66       0x60 c:/program files (x86)/cypress/psoc creator/4.4/psoc creator/import/gnu/arm/5.4.1/bin/../lib/gcc/arm-none-eabi/5.4.1/../../../../arm-none-eabi/lib/armv7e-m/softfp\libg_nano.a(lib_a-nano-vfprintf_float.o)
                0x10089c66                __exponent
 *fill*         0x10089cc6        0x2 
 .text._printf_float
                0x10089cc8      0x488 c:/program files (x86)/cypress/psoc creator/4.4/psoc creator/import/gnu/arm/5.4.1/bin/../lib/gcc/arm-none-eabi/5.4.1/../../../../arm-none-eabi/lib/armv7e-m/softfp\libg_nano.a(lib_a-nano-vfprintf_float.o)
                0x10089cc8                _printf_float
 .text._printf_common
                0x1008a150       0xec c:/program files (x86)/cypress/psoc creator/4.4/psoc creator/import/gnu/arm/5.4.1/bin/../lib/gcc/arm-none-eabi/5.4.1/../../../../arm-none-eabi/lib/armv7e-m/softfp\libg_nano.a(lib_a-nano-vfprintf_i.o)
                0x1008a150                _printf_common
 .text._printf_i
                0x1008a23c      0x24c c:/program files (x86)/cypress/psoc creator/4.4/psoc creator/import/gnu/arm/5.4.1/bin/../lib/gcc/arm-none-eabi/5.4.1/../../../../arm-none-eabi/lib/armv7e-m/softfp\libg_nano.a(lib_a-nano-vfprintf_i.o)
                0x1008a23c                _printf_i
 .text.printf   0x1008a488       0x30 c:/program files (x86)/cypress/psoc creator/4.4/psoc creator/import/gnu/arm/5.4.1/bin/../lib/gcc/arm-none-eabi/5.4.1/../../../../arm-none-eabi/lib/armv7e-m/softfp\libg_nano.a(lib_a-printf.o)
                0x1008a488                iprintf
                0x1008a488                printf
 .text._puts_r  0x1008a4b8       0xb4 c:/program files (x86)/cypress/psoc creator/4.4/psoc creator/import/gnu/arm/5.4.1/bin/../lib/gcc/arm-none-eabi/5.4.1/../../../../arm-none-eabi/lib/armv7e-m/softfp\libg_nano.a(lib_a-puts.o)
                0x1008a4b8                _puts_r
 .text.puts     0x1008a56c       0x10 c:/program files (x86)/cypress/psoc creator/4.4/psoc creator/import/gnu/arm/5.4.1/bin/../lib/gcc/arm-none-eabi/5.4.1/../../../../arm-none-eabi/lib/armv7e-m/softfp\libg_nano.a(lib_a-puts.o)
                0x1008a56c                puts
 .text.__srget_r
                0x1008a57c       0x58 c:/program files (x86)/cypress/psoc creator/4.4/psoc creator/import/gnu/arm/5.4.1/bin/../lib/gcc/arm-none-eabi/5.4.1/../../../../arm-none-eabi/lib/armv7e-m/softfp\libg_nano.a(lib_a-rget.o)
                0x1008a57c                __srget_r
 .text.setvbuf  0x1008a5d4      0x154 c:/program files (x86)/cypress/psoc creator/4.4/psoc creator/import/gnu/arm/5.4.1/bin/../lib/gcc/arm-none-eabi/5.4.1/../../../../arm-none-eabi/lib/armv7e-m/softfp\libg_nano.a(lib_a-setvbuf.o)
                0x1008a5d4                setvbuf
 .text          0x1008a728       0x10 c:/program files (x86)/cypress/psoc creator/4.4/psoc creator/import/gnu/arm/5.4.1/bin/../lib/gcc/arm-none-eabi/5.4.1/../../../../arm-none-eabi/lib/armv7e-m/softfp\libg_nano.a(lib_a-strlen.o)
                0x1008a728                strlen
 .text.strncpy  0x1008a738       0x26 c:/program files (x86)/cypress/psoc creator/4.4/psoc creator/import/gnu/arm/5.4.1/bin/../lib/gcc/arm-none-eabi/5.4.1/../../../../arm-none-eabi/lib/armv7e-m/softfp\libg_nano.a(lib_a-strncpy.o)
                0x1008a738                strncpy
 *fill*         0x1008a75e        0x2 
 .text.__swbuf_r
                0x1008a760       0xa8 c:/program files (x86)/cypress/psoc creator/4.4/psoc creator/import/gnu/arm/5.4.1/bin/../lib/gcc/arm-none-eabi/5.4.1/../../../../arm-none-eabi/lib/armv7e-m/softfp\libg_nano.a(lib_a-wbuf.o)
                0x1008a760                __swbuf_r
 .text.__swsetup_r
                0x1008a808       0xdc c:/program files (x86)/cypress/psoc creator/4.4/psoc creator/import/gnu/arm/5.4.1/bin/../lib/gcc/arm-none-eabi/5.4.1/../../../../arm-none-eabi/lib/armv7e-m/softfp\libg_nano.a(lib_a-wsetup.o)
                0x1008a808                __swsetup_r
 .text.quorem   0x1008a8e4      0x11e c:/program files (x86)/cypress/psoc creator/4.4/psoc creator/import/gnu/arm/5.4.1/bin/../lib/gcc/arm-none-eabi/5.4.1/../../../../arm-none-eabi/lib/armv7e-m/softfp\libg_nano.a(lib_a-dtoa.o)
 *fill*         0x1008aa02        0x6 
 .text._dtoa_r  0x1008aa08      0xb38 c:/program files (x86)/cypress/psoc creator/4.4/psoc creator/import/gnu/arm/5.4.1/bin/../lib/gcc/arm-none-eabi/5.4.1/../../../../arm-none-eabi/lib/armv7e-m/softfp\libg_nano.a(lib_a-dtoa.o)
                0x1008aa08                _dtoa_r
 .text.__sflush_r
                0x1008b540      0x110 c:/program files (x86)/cypress/psoc creator/4.4/psoc creator/import/gnu/arm/5.4.1/bin/../lib/gcc/arm-none-eabi/5.4.1/../../../../arm-none-eabi/lib/armv7e-m/softfp\libg_nano.a(lib_a-fflush.o)
                0x1008b540                __sflush_r
 .text._fflush_r
                0x1008b650       0x54 c:/program files (x86)/cypress/psoc creator/4.4/psoc creator/import/gnu/arm/5.4.1/bin/../lib/gcc/arm-none-eabi/5.4.1/../../../../arm-none-eabi/lib/armv7e-m/softfp\libg_nano.a(lib_a-fflush.o)
                0x1008b650                _fflush_r
 .text.fflush   0x1008b6a4       0x24 c:/program files (x86)/cypress/psoc creator/4.4/psoc creator/import/gnu/arm/5.4.1/bin/../lib/gcc/arm-none-eabi/5.4.1/../../../../arm-none-eabi/lib/armv7e-m/softfp\libg_nano.a(lib_a-fflush.o)
                0x1008b6a4                fflush
 .text._cleanup_r
                0x1008b6c8        0xc c:/program files (x86)/cypress/psoc creator/4.4/psoc creator/import/gnu/arm/5.4.1/bin/../lib/gcc/arm-none-eabi/5.4.1/../../../../arm-none-eabi/lib/armv7e-m/softfp\libg_nano.a(lib_a-findfp.o)
                0x1008b6c8                _cleanup_r
 .text.std.isra.0
                0x1008b6d4       0x48 c:/program files (x86)/cypress/psoc creator/4.4/psoc creator/import/gnu/arm/5.4.1/bin/../lib/gcc/arm-none-eabi/5.4.1/../../../../arm-none-eabi/lib/armv7e-m/softfp\libg_nano.a(lib_a-findfp.o)
 .text.__sfmoreglue
                0x1008b71c       0x2c c:/program files (x86)/cypress/psoc creator/4.4/psoc creator/import/gnu/arm/5.4.1/bin/../lib/gcc/arm-none-eabi/5.4.1/../../../../arm-none-eabi/lib/armv7e-m/softfp\libg_nano.a(lib_a-findfp.o)
                0x1008b71c                __sfmoreglue
 .text.__sinit  0x1008b748       0x60 c:/program files (x86)/cypress/psoc creator/4.4/psoc creator/import/gnu/arm/5.4.1/bin/../lib/gcc/arm-none-eabi/5.4.1/../../../../arm-none-eabi/lib/armv7e-m/softfp\libg_nano.a(lib_a-findfp.o)
                0x1008b748                __sinit
 .text.__sfp    0x1008b7a8       0x78 c:/program files (x86)/cypress/psoc creator/4.4/psoc creator/import/gnu/arm/5.4.1/bin/../lib/gcc/arm-none-eabi/5.4.1/../../../../arm-none-eabi/lib/armv7e-m/softfp\libg_nano.a(lib_a-findfp.o)
                0x1008b7a8                __sfp
 .text._fwalk   0x1008b820       0x38 c:/program files (x86)/cypress/psoc creator/4.4/psoc creator/import/gnu/arm/5.4.1/bin/../lib/gcc/arm-none-eabi/5.4.1/../../../../arm-none-eabi/lib/armv7e-m/softfp\libg_nano.a(lib_a-fwalk.o)
                0x1008b820                _fwalk
 .text._fwalk_reent
                0x1008b858       0x3c c:/program files (x86)/cypress/psoc creator/4.4/psoc creator/import/gnu/arm/5.4.1/bin/../lib/gcc/arm-none-eabi/5.4.1/../../../../arm-none-eabi/lib/armv7e-m/softfp\libg_nano.a(lib_a-fwalk.o)
                0x1008b858                _fwalk_reent
 .text._localeconv_r
                0x1008b894        0x8 c:/program files (x86)/cypress/psoc creator/4.4/psoc creator/import/gnu/arm/5.4.1/bin/../lib/gcc/arm-none-eabi/5.4.1/../../../../arm-none-eabi/lib/armv7e-m/softfp\libg_nano.a(lib_a-locale.o)
                0x1008b894                _localeconv_r
 .text.__swhatbuf_r
                0x1008b89c       0x46 c:/program files (x86)/cypress/psoc creator/4.4/psoc creator/import/gnu/arm/5.4.1/bin/../lib/gcc/arm-none-eabi/5.4.1/../../../../arm-none-eabi/lib/armv7e-m/softfp\libg_nano.a(lib_a-makebuf.o)
                0x1008b89c                __swhatbuf_r
 *fill*         0x1008b8e2        0x2 
 .text.__smakebuf_r
                0x1008b8e4       0x78 c:/program files (x86)/cypress/psoc creator/4.4/psoc creator/import/gnu/arm/5.4.1/bin/../lib/gcc/arm-none-eabi/5.4.1/../../../../arm-none-eabi/lib/armv7e-m/softfp\libg_nano.a(lib_a-makebuf.o)
                0x1008b8e4                __smakebuf_r
 .text.malloc   0x1008b95c       0x10 c:/program files (x86)/cypress/psoc creator/4.4/psoc creator/import/gnu/arm/5.4.1/bin/../lib/gcc/arm-none-eabi/5.4.1/../../../../arm-none-eabi/lib/armv7e-m/softfp\libg_nano.a(lib_a-malloc.o)
                0x1008b95c                malloc
 *fill*         0x1008b96c        0x4 
 .text          0x1008b970       0xa0 c:/program files (x86)/cypress/psoc creator/4.4/psoc creator/import/gnu/arm/5.4.1/bin/../lib/gcc/arm-none-eabi/5.4.1/../../../../arm-none-eabi/lib/armv7e-m/softfp\libg_nano.a(lib_a-memchr.o)
                0x1008b970                memchr
 .text._Balloc  0x1008ba10       0x6a c:/program files (x86)/cypress/psoc creator/4.4/psoc creator/import/gnu/arm/5.4.1/bin/../lib/gcc/arm-none-eabi/5.4.1/../../../../arm-none-eabi/lib/armv7e-m/softfp\libg_nano.a(lib_a-mprec.o)
                0x1008ba10                _Balloc
 .text._Bfree   0x1008ba7a       0x2e c:/program files (x86)/cypress/psoc creator/4.4/psoc creator/import/gnu/arm/5.4.1/bin/../lib/gcc/arm-none-eabi/5.4.1/../../../../arm-none-eabi/lib/armv7e-m/softfp\libg_nano.a(lib_a-mprec.o)
                0x1008ba7a                _Bfree
 .text.__multadd
                0x1008baa8       0x76 c:/program files (x86)/cypress/psoc creator/4.4/psoc creator/import/gnu/arm/5.4.1/bin/../lib/gcc/arm-none-eabi/5.4.1/../../../../arm-none-eabi/lib/armv7e-m/softfp\libg_nano.a(lib_a-mprec.o)
                0x1008baa8                __multadd
 .text.__hi0bits
                0x1008bb1e       0x40 c:/program files (x86)/cypress/psoc creator/4.4/psoc creator/import/gnu/arm/5.4.1/bin/../lib/gcc/arm-none-eabi/5.4.1/../../../../arm-none-eabi/lib/armv7e-m/softfp\libg_nano.a(lib_a-mprec.o)
                0x1008bb1e                __hi0bits
 .text.__lo0bits
                0x1008bb5e       0x5a c:/program files (x86)/cypress/psoc creator/4.4/psoc creator/import/gnu/arm/5.4.1/bin/../lib/gcc/arm-none-eabi/5.4.1/../../../../arm-none-eabi/lib/armv7e-m/softfp\libg_nano.a(lib_a-mprec.o)
                0x1008bb5e                __lo0bits
 .text.__i2b    0x1008bbb8       0x12 c:/program files (x86)/cypress/psoc creator/4.4/psoc creator/import/gnu/arm/5.4.1/bin/../lib/gcc/arm-none-eabi/5.4.1/../../../../arm-none-eabi/lib/armv7e-m/softfp\libg_nano.a(lib_a-mprec.o)
                0x1008bbb8                __i2b
 .text.__multiply
                0x1008bbca      0x122 c:/program files (x86)/cypress/psoc creator/4.4/psoc creator/import/gnu/arm/5.4.1/bin/../lib/gcc/arm-none-eabi/5.4.1/../../../../arm-none-eabi/lib/armv7e-m/softfp\libg_nano.a(lib_a-mprec.o)
                0x1008bbca                __multiply
 .text.__pow5mult
                0x1008bcec       0x9c c:/program files (x86)/cypress/psoc creator/4.4/psoc creator/import/gnu/arm/5.4.1/bin/../lib/gcc/arm-none-eabi/5.4.1/../../../../arm-none-eabi/lib/armv7e-m/softfp\libg_nano.a(lib_a-mprec.o)
                0x1008bcec                __pow5mult
 .text.__lshift
                0x1008bd88       0xa2 c:/program files (x86)/cypress/psoc creator/4.4/psoc creator/import/gnu/arm/5.4.1/bin/../lib/gcc/arm-none-eabi/5.4.1/../../../../arm-none-eabi/lib/armv7e-m/softfp\libg_nano.a(lib_a-mprec.o)
                0x1008bd88                __lshift
 .text.__mcmp   0x1008be2a       0x38 c:/program files (x86)/cypress/psoc creator/4.4/psoc creator/import/gnu/arm/5.4.1/bin/../lib/gcc/arm-none-eabi/5.4.1/../../../../arm-none-eabi/lib/armv7e-m/softfp\libg_nano.a(lib_a-mprec.o)
                0x1008be2a                __mcmp