Archive member included to satisfy reference by file (symbol)

C:\Program Files (x86)\Cypress\PSoC Creator\4.2\PSoC Creator\psoc\content\CyComponentLibrary\CyComponentLibrary.cylib\CapSense_TMG_v2_0\Library\Gestures_GCC_M4.a(Gesture.o)
                              .\CortexM4\ARM_GCC_541\Debug\CapSense_TMG.o (Gesture_DecodeFlickGestures)
C:\Program Files (x86)\Cypress\PSoC Creator\4.2\PSoC Creator\psoc\content\CyComponentLibrary\CyComponentLibrary.cylib\CapSense_v2_0\Library\CapSense_Library_GCC_M4.a(CapSense_SmartSense_LL.o)
                              .\CortexM4\ARM_GCC_541\Debug\CapSense_Sensing.o (SmartSense_TunePrescalers)
C:\Program Files (x86)\Cypress\PSoC Creator\4.2\PSoC Creator\psoc\content\CyComponentLibrary\CyComponentLibrary.cylib\CapSense_v2_0\Library\CapSense_Library_GCC_M4.a(CapSense_SmartSense_SL.o)
                              .\CortexM4\ARM_GCC_541\Debug\CapSense_Processing.o (SmartSense_UpdateThresholds)
c:/program files (x86)/cypress/psoc creator/4.2/psoc creator/import/gnu/arm/5.4.1/bin/../lib/gcc/arm-none-eabi/5.4.1/armv7e-m/softfp\libgcc.a(_arm_addsubdf3.o)
                              .\CortexM4\ARM_GCC_541\Debug\cy_sysclk.o (__aeabi_f2d)
c:/program files (x86)/cypress/psoc creator/4.2/psoc creator/import/gnu/arm/5.4.1/bin/../lib/gcc/arm-none-eabi/5.4.1/armv7e-m/softfp\libgcc.a(_arm_muldivdf3.o)
                              .\CortexM4\ARM_GCC_541\Debug\cy_sysclk.o (__aeabi_ddiv)
c:/program files (x86)/cypress/psoc creator/4.2/psoc creator/import/gnu/arm/5.4.1/bin/../lib/gcc/arm-none-eabi/5.4.1/armv7e-m/softfp\libgcc.a(_arm_fixunsdfsi.o)
                              .\CortexM4\ARM_GCC_541\Debug\cy_sysclk.o (__aeabi_d2uiz)
c:/program files (x86)/cypress/psoc creator/4.2/psoc creator/import/gnu/arm/5.4.1/bin/../lib/gcc/arm-none-eabi/5.4.1/armv7e-m/softfp\libgcc.a(_arm_truncdfsf2.o)
                              .\CortexM4\ARM_GCC_541\Debug\cy_sysclk.o (__aeabi_d2f)
c:/program files (x86)/cypress/psoc creator/4.2/psoc creator/import/gnu/arm/5.4.1/bin/../lib/gcc/arm-none-eabi/5.4.1/armv7e-m/softfp\libgcc.a(_aeabi_uldivmod.o)
                              .\CortexM4\ARM_GCC_541\Debug\cy_sysclk.o (__aeabi_uldivmod)
c:/program files (x86)/cypress/psoc creator/4.2/psoc creator/import/gnu/arm/5.4.1/bin/../lib/gcc/arm-none-eabi/5.4.1/armv7e-m/softfp\libgcc.a(_udivmoddi4.o)
                              c:/program files (x86)/cypress/psoc creator/4.2/psoc creator/import/gnu/arm/5.4.1/bin/../lib/gcc/arm-none-eabi/5.4.1/armv7e-m/softfp\libgcc.a(_aeabi_uldivmod.o) (__udivmoddi4)
c:/program files (x86)/cypress/psoc creator/4.2/psoc creator/import/gnu/arm/5.4.1/bin/../lib/gcc/arm-none-eabi/5.4.1/armv7e-m/softfp\libgcc.a(_dvmd_tls.o)
                              c:/program files (x86)/cypress/psoc creator/4.2/psoc creator/import/gnu/arm/5.4.1/bin/../lib/gcc/arm-none-eabi/5.4.1/armv7e-m/softfp\libgcc.a(_aeabi_uldivmod.o) (__aeabi_ldiv0)
c:/program files (x86)/cypress/psoc creator/4.2/psoc creator/import/gnu/arm/5.4.1/bin/../lib/gcc/arm-none-eabi/5.4.1/../../../../arm-none-eabi/lib/armv7e-m/softfp\libg_nano.a(lib_a-exit.o)
                              c:/program files (x86)/cypress/psoc creator/4.2/psoc creator/import/gnu/arm/5.4.1/bin/../lib/gcc/arm-none-eabi/5.4.1/../../../../arm-none-eabi/lib/armv7e-m/softfp/crt0.o (exit)
c:/program files (x86)/cypress/psoc creator/4.2/psoc creator/import/gnu/arm/5.4.1/bin/../lib/gcc/arm-none-eabi/5.4.1/../../../../arm-none-eabi/lib/armv7e-m/softfp\libg_nano.a(lib_a-impure.o)
                              c:/program files (x86)/cypress/psoc creator/4.2/psoc creator/import/gnu/arm/5.4.1/bin/../lib/gcc/arm-none-eabi/5.4.1/../../../../arm-none-eabi/lib/armv7e-m/softfp\libg_nano.a(lib_a-exit.o) (_global_impure_ptr)
c:/program files (x86)/cypress/psoc creator/4.2/psoc creator/import/gnu/arm/5.4.1/bin/../lib/gcc/arm-none-eabi/5.4.1/../../../../arm-none-eabi/lib/armv7e-m/softfp\libg_nano.a(lib_a-init.o)
                              c:/program files (x86)/cypress/psoc creator/4.2/psoc creator/import/gnu/arm/5.4.1/bin/../lib/gcc/arm-none-eabi/5.4.1/../../../../arm-none-eabi/lib/armv7e-m/softfp/crt0.o (__libc_init_array)
c:/program files (x86)/cypress/psoc creator/4.2/psoc creator/import/gnu/arm/5.4.1/bin/../lib/gcc/arm-none-eabi/5.4.1/../../../../arm-none-eabi/lib/armv7e-m/softfp\libg_nano.a(lib_a-memcpy-stub.o)
                              .\CortexM4\ARM_GCC_541\Debug\queue.o (memcpy)
c:/program files (x86)/cypress/psoc creator/4.2/psoc creator/import/gnu/arm/5.4.1/bin/../lib/gcc/arm-none-eabi/5.4.1/../../../../arm-none-eabi/lib/armv7e-m/softfp\libg_nano.a(lib_a-memset.o)
                              c:/program files (x86)/cypress/psoc creator/4.2/psoc creator/import/gnu/arm/5.4.1/bin/../lib/gcc/arm-none-eabi/5.4.1/../../../../arm-none-eabi/lib/armv7e-m/softfp/crt0.o (memset)
[...]
Memory Configuration

Name             Origin             Length             Attributes
ram              0x08024000         0x00023800         xrw
flash            0x10080000         0x00080000         xr
em_eeprom        0x14000000         0x00008000         xr
sflash_user_data 0x16000800         0x00000800         xr
sflash_nar       0x16001a00         0x00000200         xr
sflash_public_key 0x16005a00         0x00000c00         xr
sflash_toc_2     0x16007c00         0x00000200         xr
sflash_rtoc_2    0x16007e00         0x00000200         xr
xip              0x18000000         0x08000000         xr
efuse            0x90700000         0x00100000         r
*default*        0x00000000         0xffffffff

Linker script and memory map

LOAD c:/program files (x86)/cypress/psoc creator/4.2/psoc creator/import/gnu/arm/5.4.1/bin/../lib/gcc/arm-none-eabi/5.4.1/armv7e-m/softfp/crti.o
LOAD c:/program files (x86)/cypress/psoc creator/4.2/psoc creator/import/gnu/arm/5.4.1/bin/../lib/gcc/arm-none-eabi/5.4.1/armv7e-m/softfp/crtbegin.o
LOAD c:/program files (x86)/cypress/psoc creator/4.2/psoc creator/import/gnu/arm/5.4.1/bin/../lib/gcc/arm-none-eabi/5.4.1/../../../../arm-none-eabi/lib/armv7e-m/softfp/crt0.o
START GROUP
LOAD .\CortexM4\ARM_GCC_541\Debug\startup_psoc63_cm4.o
LOAD .\CortexM4\ARM_GCC_541\Debug\main_cm4.o
LOAD .\CortexM4\ARM_GCC_541\Debug\system_psoc63_cm4.o
LOAD .\CortexM4\ARM_GCC_541\Debug\uartTask.o
LOAD .\CortexM4\ARM_GCC_541\Debug\pwmTask.o
LOAD .\CortexM4\ARM_GCC_541\Debug\motorTask.o
LOAD .\CortexM4\ARM_GCC_541\Debug\ezI2CTask.o
LOAD .\CortexM4\ARM_GCC_541\Debug\capSenseTask.o
LOAD .\CortexM4\ARM_GCC_541\Debug\servoSlaveCommTask.o
LOAD .\CortexM4\ARM_GCC_541\Debug\cy_ipc_config.o
LOAD .\CortexM4\ARM_GCC_541\Debug\stdio_user.o
LOAD .\CortexM4\ARM_GCC_541\Debug\cyfitter_sysint_cfg.o
LOAD .\CortexM4\ARM_GCC_541\Debug\cymetadata.o
LOAD .\CortexM4\ARM_GCC_541\Debug\UART.o
LOAD .\CortexM4\ARM_GCC_541\Debug\PWM_1.o
LOAD .\CortexM4\ARM_GCC_541\Debug\PWM_RED.o
LOAD .\CortexM4\ARM_GCC_541\Debug\EZI2C.o
LOAD .\CortexM4\ARM_GCC_541\Debug\LEDBlink.o
LOAD .\CortexM4\ARM_GCC_541\Debug\PWM_2.o
LOAD .\CortexM4\ARM_GCC_541\Debug\cy_sysint.o
LOAD .\CortexM4\ARM_GCC_541\Debug\cy_ipc_drv.o
LOAD .\CortexM4\ARM_GCC_541\Debug\cy_ipc_sema.o
LOAD .\CortexM4\ARM_GCC_541\Debug\cy_ipc_pipe.o
LOAD .\CortexM4\ARM_GCC_541\Debug\cy_sysclk.o
LOAD .\CortexM4\ARM_GCC_541\Debug\cy_wdt.o
LOAD .\CortexM4\ARM_GCC_541\Debug\cy_tcpwm_counter.o
LOAD .\CortexM4\ARM_GCC_541\Debug\cy_tcpwm_pwm.o
LOAD .\CortexM4\ARM_GCC_541\Debug\cy_tcpwm_quaddec.o
LOAD .\CortexM4\ARM_GCC_541\Debug\cy_scb_common.o
LOAD .\CortexM4\ARM_GCC_541\Debug\cy_scb_i2c.o
LOAD .\CortexM4\ARM_GCC_541\Debug\cy_scb_ezi2c.o
LOAD .\CortexM4\ARM_GCC_541\Debug\cy_scb_spi.o
LOAD .\CortexM4\ARM_GCC_541\Debug\cy_scb_uart.o
LOAD .\CortexM4\ARM_GCC_541\Debug\cy_efuse.o
LOAD .\CortexM4\ARM_GCC_541\Debug\cy_flash.o
LOAD .\CortexM4\ARM_GCC_541\Debug\cy_gpio.o
LOAD .\CortexM4\ARM_GCC_541\Debug\cy_sysanalog.o
LOAD .\CortexM4\ARM_GCC_541\Debug\cy_syspm.o
LOAD .\CortexM4\ARM_GCC_541\Debug\cy_syslib.o
LOAD .\CortexM4\ARM_GCC_541\Debug\cy_syslib_gcc.o
LOAD .\CortexM4\ARM_GCC_541\Debug\cy_trigmux.o
LOAD .\CortexM4\ARM_GCC_541\Debug\cy_systick.o
LOAD .\CortexM4\ARM_GCC_541\Debug\cy_profile.o
LOAD .\CortexM4\ARM_GCC_541\Debug\cy_prot.o
LOAD .\CortexM4\ARM_GCC_541\Debug\cy_lvd.o
LOAD .\CortexM4\ARM_GCC_541\Debug\cy_ble_clk.o
LOAD .\CortexM4\ARM_GCC_541\Debug\croutine.o
LOAD .\CortexM4\ARM_GCC_541\Debug\event_groups.o
LOAD .\CortexM4\ARM_GCC_541\Debug\list.o
LOAD .\CortexM4\ARM_GCC_541\Debug\queue.o
LOAD .\CortexM4\ARM_GCC_541\Debug\tasks.o
LOAD .\CortexM4\ARM_GCC_541\Debug\timers.o
LOAD .\CortexM4\ARM_GCC_541\Debug\port.o
LOAD .\CortexM4\ARM_GCC_541\Debug\heap_1.o
LOAD .\CortexM4\ARM_GCC_541\Debug\retarget.o
LOAD .\CortexM4\ARM_GCC_541\Debug\CapSense_Control.o
LOAD .\CortexM4\ARM_GCC_541\Debug\CapSense_Processing.o
LOAD .\CortexM4\ARM_GCC_541\Debug\CapSense_Structure.o
LOAD .\CortexM4\ARM_GCC_541\Debug\CapSense_Tuner.o
LOAD .\CortexM4\ARM_GCC_541\Debug\CapSense_Filter.o
LOAD .\CortexM4\ARM_GCC_541\Debug\CapSense_Sensing.o
LOAD .\CortexM4\ARM_GCC_541\Debug\CapSense_INT.o
LOAD .\CortexM4\ARM_GCC_541\Debug\CapSense_SensingCSD_LL.o
LOAD .\CortexM4\ARM_GCC_541\Debug\CapSense_SensingCSX_LL.o
LOAD .\CortexM4\ARM_GCC_541\Debug\CapSense_Centroid_LL.o
LOAD .\CortexM4\ARM_GCC_541\Debug\CapSense_Gesture.o
LOAD .\CortexM4\ARM_GCC_541\Debug\CapSense_TMG.o
LOAD .\CortexM4\ARM_GCC_541\Debug\Dimmer.o
LOAD .\CortexM4\ARM_GCC_541\Debug\I2C_ARD.o
LOAD C:\Program Files (x86)\Cypress\PSoC Creator\4.2\PSoC Creator\psoc\content\CyComponentLibrary\CyComponentLibrary.cylib\CapSense_TMG_v2_0\Library\Ballistic_GCC_M4.a
LOAD C:\Program Files (x86)\Cypress\PSoC Creator\4.2\PSoC Creator\psoc\content\CyComponentLibrary\CyComponentLibrary.cylib\CapSense_TMG_v2_0\Library\Gestures_GCC_M4.a
LOAD C:\Program Files (x86)\Cypress\PSoC Creator\4.2\PSoC Creator\psoc\content\CyComponentLibrary\CyComponentLibrary.cylib\CapSense_v2_0\Library\CapSense_Library_GCC_M4.a
END GROUP
START GROUP
LOAD c:/program files (x86)/cypress/psoc creator/4.2/psoc creator/import/gnu/arm/5.4.1/bin/../lib/gcc/arm-none-eabi/5.4.1/armv7e-m/softfp\libgcc.a
LOAD c:/program files (x86)/cypress/psoc creator/4.2/psoc creator/import/gnu/arm/5.4.1/bin/../lib/gcc/arm-none-eabi/5.4.1/../../../../arm-none-eabi/lib/armv7e-m/softfp\libg_nano.a
LOAD c:/program files (x86)/cypress/psoc creator/4.2/psoc creator/import/gnu/arm/5.4.1/bin/../lib/gcc/arm-none-eabi/5.4.1/../../../../arm-none-eabi/lib/armv7e-m/softfp\libc_nano.a
END GROUP
START GROUP
LOAD c:/program files (x86)/cypress/psoc creator/4.2/psoc creator/import/gnu/arm/5.4.1/bin/../lib/gcc/arm-none-eabi/5.4.1/armv7e-m/softfp\libgcc.a
LOAD c:/program files (x86)/cypress/psoc creator/4.2/psoc creator/import/gnu/arm/5.4.1/bin/../lib/gcc/arm-none-eabi/5.4.1/../../../../arm-none-eabi/lib/armv7e-m/softfp\libc_nano.a
END GROUP
LOAD c:/program files (x86)/cypress/psoc creator/4.2/psoc creator/import/gnu/arm/5.4.1/bin/../lib/gcc/arm-none-eabi/5.4.1/armv7e-m/softfp/crtend.o
LOAD c:/program files (x86)/cypress/psoc creator/4.2/psoc creator/import/gnu/arm/5.4.1/bin/../lib/gcc/arm-none-eabi/5.4.1/armv7e-m/softfp/crtn.o
START GROUP
LOAD c:/program files (x86)/cypress/psoc creator/4.2/psoc creator/import/gnu/arm/5.4.1/bin/../lib/gcc/arm-none-eabi/5.4.1/armv7e-m/softfp\libgcc.a
LOAD c:/program files (x86)/cypress/psoc creator/4.2/psoc creator/import/gnu/arm/5.4.1/bin/../lib/gcc/arm-none-eabi/5.4.1/../../../../arm-none-eabi/lib/armv7e-m/softfp\libc.a
LOAD c:/program files (x86)/cypress/psoc creator/4.2/psoc creator/import/gnu/arm/5.4.1/bin/../lib/gcc/arm-none-eabi/5.4.1/../../../../arm-none-eabi/lib/armv7e-m/softfp\libnosys.a
END GROUP
START GROUP
LOAD c:/program files (x86)/cypress/psoc creator/4.2/psoc creator/import/gnu/arm/5.4.1/bin/../lib/gcc/arm-none-eabi/5.4.1/armv7e-m/softfp\libgcc.a
LOAD c:/program files (x86)/cypress/psoc creator/4.2/psoc creator/import/gnu/arm/5.4.1/bin/../lib/gcc/arm-none-eabi/5.4.1/../../../../arm-none-eabi/lib/armv7e-m/softfp\libc.a
LOAD c:/program files (x86)/cypress/psoc creator/4.2/psoc creator/import/gnu/arm/5.4.1/bin/../lib/gcc/arm-none-eabi/5.4.1/../../../../arm-none-eabi/lib/armv7e-m/softfp\libm.a
LOAD c:/program files (x86)/cypress/psoc creator/4.2/psoc creator/import/gnu/arm/5.4.1/bin/../lib/gcc/arm-none-eabi/5.4.1/../../../../arm-none-eabi/lib/armv7e-m/softfp\libnosys.a
END GROUP

.text           0x10080000     0xb830
                0x10080000                . = ALIGN (0x4)
                0x10080000                __Vectors = .
 *(.vectors)
 .vectors       0x10080000      0x28c .\CortexM4\ARM_GCC_541\Debug\startup_psoc63_cm4.o
                0x1008028c                . = ALIGN (0x4)
                0x1008028c                __Vectors_End = .
                0x0000028c                __Vectors_Size = (__Vectors_End - __Vectors)
                0x1008028c                __end__ = .
                0x1008028c                . = ALIGN (0x4)
 *(.text*)
 .text          0x1008028c       0x5c c:/program files (x86)/cypress/psoc creator/4.2/psoc creator/import/gnu/arm/5.4.1/bin/../lib/gcc/arm-none-eabi/5.4.1/armv7e-m/softfp/crtbegin.o
 .text          0x100802e8       0x94 .\CortexM4\ARM_GCC_541\Debug\startup_psoc63_cm4.o
                0x100802e8                Cy_OnResetUser
                0x100802ea                Cy_SaveIRQ
                0x100802f2                Cy_RestoreIRQ
                0x100802f8                Reset_Handler
                0x1008035c                tcpwm_1_interrupts_11_IRQHandler
                0x1008035c                cpuss_interrupts_ipc_0_IRQHandler
                0x1008035c                tcpwm_1_interrupts_15_IRQHandler
                0x1008035c                ioss_interrupts_gpio_13_IRQHandler
                0x1008035c                tcpwm_1_interrupts_13_IRQHandler
                0x1008035c                cpuss_interrupts_dw1_8_IRQHandler
                0x1008035c                tcpwm_0_interrupts_0_IRQHandler
                0x1008035c                cpuss_interrupt_fm_IRQHandler
                0x1008035c                cpuss_interrupts_ipc_7_IRQHandler
                0x1008035c                tcpwm_1_interrupts_14_IRQHandler
                0x1008035c                cpuss_interrupts_dw0_11_IRQHandler
                0x1008035c                tcpwm_1_interrupts_9_IRQHandler
                0x1008035c                cpuss_interrupts_cm0_cti_1_IRQHandler
                0x1008035c                tcpwm_1_interrupts_22_IRQHandler
                0x1008035c                cpuss_interrupts_dw0_4_IRQHandler
                0x1008035c                NMI_Handler
                0x1008035c                cpuss_interrupts_dw1_12_IRQHandler
                0x1008035c                tcpwm_1_interrupts_12_IRQHandler
                0x1008035c                smif_interrupt_IRQHandler
                0x1008035c                tcpwm_1_interrupts_2_IRQHandler
                0x1008035c                cpuss_interrupts_ipc_13_IRQHandler
                0x1008035c                udb_interrupts_11_IRQHandler
                0x1008035c                tcpwm_1_interrupts_18_IRQHandler
                0x1008035c                cpuss_interrupts_ipc_6_IRQHandler
                0x1008035c                tcpwm_0_interrupts_2_IRQHandler
                0x1008035c                cpuss_interrupts_dw0_13_IRQHandler
                0x1008035c                udb_interrupts_2_IRQHandler
                0x1008035c                cpuss_interrupts_dw1_7_IRQHandler
                0x1008035c                ioss_interrupts_gpio_1_IRQHandler
                0x1008035c                ioss_interrupts_gpio_7_IRQHandler
                0x1008035c                scb_5_interrupt_IRQHandler
                0x1008035c                udb_interrupts_6_IRQHandler
                0x1008035c                cpuss_interrupts_fault_1_IRQHandler
                0x1008035c                cpuss_interrupts_ipc_5_IRQHandler
                0x1008035c                cpuss_interrupts_dw1_10_IRQHandler
                0x1008035c                udb_interrupts_0_IRQHandler
                0x1008035c                tcpwm_1_interrupts_6_IRQHandler
                0x1008035c                scb_4_interrupt_IRQHandler
                0x1008035c                pass_interrupt_dacs_IRQHandler
                0x1008035c                ioss_interrupts_gpio_2_IRQHandler
                0x1008035c                cpuss_interrupts_dw1_9_IRQHandler
                0x1008035c                cpuss_interrupts_dw1_13_IRQHandler
                0x1008035c                scb_2_interrupt_IRQHandler
                0x1008035c                cpuss_interrupts_cm0_cti_0_IRQHandler
                0x1008035c                udb_interrupts_5_IRQHandler
                0x1008035c                srss_interrupt_IRQHandler
                0x1008035c                udb_interrupts_12_IRQHandler
                0x1008035c                scb_0_interrupt_IRQHandler
                0x1008035c                csd_interrupt_IRQHandler
                0x1008035c                udb_interrupts_1_IRQHandler
                0x1008035c                profile_interrupt_IRQHandler
                0x1008035c                tcpwm_1_interrupts_1_IRQHandler
                0x1008035c                cpuss_interrupts_ipc_12_IRQHandler
                0x1008035c                tcpwm_1_interrupts_3_IRQHandler
                0x1008035c                tcpwm_0_interrupts_7_IRQHandler
                0x1008035c                cpuss_interrupts_dw1_1_IRQHandler
                0x1008035c                cpuss_interrupts_dw1_0_IRQHandler
                0x1008035c                cpuss_interrupts_dw0_9_IRQHandler
                0x1008035c                DebugMon_Handler
                0x1008035c                tcpwm_1_interrupts_23_IRQHandler
                0x1008035c                cpuss_interrupts_dw0_5_IRQHandler
                0x1008035c                tcpwm_1_interrupts_20_IRQHandler
                0x1008035c                ioss_interrupt_gpio_IRQHandler
                0x1008035c                tcpwm_0_interrupts_1_IRQHandler
                0x1008035c                ioss_interrupts_gpio_8_IRQHandler
                0x1008035c                tcpwm_0_interrupts_6_IRQHandler
                0x1008035c                scb_7_interrupt_IRQHandler
                0x1008035c                tcpwm_1_interrupts_7_IRQHandler
                0x1008035c                cpuss_interrupts_ipc_11_IRQHandler
                0x1008035c                udb_interrupts_13_IRQHandler
                0x1008035c                cpuss_interrupts_dw0_15_IRQHandler
                0x1008035c                udb_interrupts_7_IRQHandler
                0x1008035c                cpuss_interrupts_dw1_6_IRQHandler
                0x1008035c                cpuss_interrupt_crypto_IRQHandler
                0x1008035c                scb_1_interrupt_IRQHandler
                0x1008035c                Default_Handler
                0x1008035c                usb_interrupt_hi_IRQHandler
                0x1008035c                tcpwm_1_interrupts_0_IRQHandler
                0x1008035c                udb_interrupts_9_IRQHandler
                0x1008035c                audioss_interrupt_pdm_IRQHandler
                0x1008035c                srss_interrupt_mcwdt_0_IRQHandler
                0x1008035c                scb_3_interrupt_IRQHandler
                0x1008035c                pass_interrupt_ctbs_IRQHandler
                0x1008035c                udb_interrupts_8_IRQHandler
                0x1008035c                ioss_interrupts_gpio_3_IRQHandler
                0x1008035c                scb_6_interrupt_IRQHandler
                0x1008035c                cpuss_interrupts_cm4_cti_0_IRQHandler
                0x1008035c                cpuss_interrupts_dw1_3_IRQHandler
                0x1008035c                pass_interrupt_sar_IRQHandler
                0x1008035c                ioss_interrupts_gpio_0_IRQHandler
                0x1008035c                ioss_interrupts_gpio_14_IRQHandler
                0x1008035c                tcpwm_0_interrupts_4_IRQHandler
                0x1008035c                udb_interrupts_3_IRQHandler
                0x1008035c                tcpwm_0_interrupts_5_IRQHandler
                0x1008035c                cpuss_interrupts_ipc_15_IRQHandler
                0x1008035c                cpuss_interrupts_cm4_cti_1_IRQHandler
                0x1008035c                scb_8_interrupt_IRQHandler
                0x1008035c                srss_interrupt_mcwdt_1_IRQHandler
                0x1008035c                cpuss_interrupts_dw1_2_IRQHandler
                0x1008035c                cpuss_interrupts_dw1_5_IRQHandler
                0x1008035c                cpuss_interrupts_ipc_1_IRQHandler
                0x1008035c                cpuss_interrupts_dw0_0_IRQHandler
                0x1008035c                ioss_interrupts_gpio_12_IRQHandler
                0x1008035c                cpuss_interrupts_ipc_3_IRQHandler
                0x1008035c                tcpwm_1_interrupts_17_IRQHandler
                0x1008035c                srss_interrupt_backup_IRQHandler
                0x1008035c                bless_interrupt_IRQHandler
                0x1008035c                cpuss_interrupts_ipc_10_IRQHandler
                0x1008035c                cpuss_interrupts_ipc_9_IRQHandler
                0x1008035c                cpuss_interrupts_dw0_14_IRQHandler
                0x1008035c                tcpwm_1_interrupts_4_IRQHandler
                0x1008035c                tcpwm_0_interrupts_3_IRQHandler
                0x1008035c                cpuss_interrupts_dw1_15_IRQHandler
                0x1008035c                ioss_interrupts_gpio_10_IRQHandler
                0x1008035c                udb_interrupts_10_IRQHandler
                0x1008035c                cpuss_interrupts_dw0_8_IRQHandler
                0x1008035c                ioss_interrupts_gpio_11_IRQHandler
                0x1008035c                cpuss_interrupts_ipc_14_IRQHandler
                0x1008035c                ioss_interrupts_gpio_5_IRQHandler
                0x1008035c                ioss_interrupts_gpio_4_IRQHandler
                0x1008035c                tcpwm_1_interrupts_8_IRQHandler
                0x1008035c                cpuss_interrupts_dw1_14_IRQHandler
                0x1008035c                usb_interrupt_med_IRQHandler
                0x1008035c                cpuss_interrupts_dw0_2_IRQHandler
                0x1008035c                udb_interrupts_4_IRQHandler
                0x1008035c                tcpwm_1_interrupts_10_IRQHandler
                0x1008035c                cpuss_interrupts_fault_0_IRQHandler
                0x1008035c                cpuss_interrupts_dw0_12_IRQHandler
                0x1008035c                ioss_interrupts_gpio_6_IRQHandler
                0x1008035c                tcpwm_1_interrupts_21_IRQHandler
                0x1008035c                tcpwm_1_interrupts_16_IRQHandler
                0x1008035c                cpuss_interrupts_dw1_4_IRQHandler
                0x1008035c                udb_interrupts_15_IRQHandler
                0x1008035c                cpuss_interrupts_dw1_11_IRQHandler
                0x1008035c                cpuss_interrupts_dw0_6_IRQHandler
                0x1008035c                ioss_interrupt_vdd_IRQHandler
                0x1008035c                cpuss_interrupts_dw0_7_IRQHandler
                0x1008035c                audioss_interrupt_i2s_IRQHandler
                0x1008035c                tcpwm_1_interrupts_5_IRQHandler
                0x1008035c                cpuss_interrupts_ipc_2_IRQHandler
                0x1008035c                cpuss_interrupts_dw0_10_IRQHandler
                0x1008035c                tcpwm_1_interrupts_19_IRQHandler
                0x1008035c                cpuss_interrupts_dw0_1_IRQHandler
                0x1008035c                lpcomp_interrupt_IRQHandler
                0x1008035c                ioss_interrupts_gpio_9_IRQHandler
                0x1008035c                usb_interrupt_lo_IRQHandler
                0x1008035c                cpuss_interrupts_ipc_8_IRQHandler
                0x1008035c                udb_interrupts_14_IRQHandler
                0x1008035c                cpuss_interrupts_dw0_3_IRQHandler
                0x10080360                UsageFault_Handler
                0x10080360                HardFault_Handler
                0x10080360                MemManage_Handler
                0x10080360                BusFault_Handler
 .text.main     0x1008037c       0xe0 .\CortexM4\ARM_GCC_541\Debug\main_cm4.o
                0x1008037c                main
 .text.Cy_SystemInit
                0x1008045c        0x4 .\CortexM4\ARM_GCC_541\Debug\system_psoc63_cm4.o
                0x1008045c                Cy_SystemInit
 .text.SystemCoreClockUpdate
                0x10080460      0x190 .\CortexM4\ARM_GCC_541\Debug\system_psoc63_cm4.o
                0x10080460                SystemCoreClockUpdate
 .text.SystemInit
                0x100805f0       0x48 .\CortexM4\ARM_GCC_541\Debug\system_psoc63_cm4.o
                0x100805f0                SystemInit
 .text.Cy_SystemInitFpuEnable
                0x10080638       0x28 .\CortexM4\ARM_GCC_541\Debug\system_psoc63_cm4.o
                0x10080638                Cy_SystemInitFpuEnable
 .text.UARTIsr  0x10080660       0x74 .\CortexM4\ARM_GCC_541\Debug\uartTask.o
 .text.UartTask
                0x100806d4      0x2ac .\CortexM4\ARM_GCC_541\Debug\uartTask.o
                0x100806d4                UartTask
 .text.pwmTask  0x10080980       0xe0 .\CortexM4\ARM_GCC_541\Debug\pwmTask.o
                0x10080980                pwmTask
 .text.compareToPercent
                0x10080a60       0x1c .\CortexM4\ARM_GCC_541\Debug\motorTask.o
                0x10080a60                compareToPercent
 .text.getMotorPercent
                0x10080a7c       0x20 .\CortexM4\ARM_GCC_541\Debug\motorTask.o
                0x10080a7c                getMotorPercent
 .text.motorTask
                0x10080a9c       0xd4 .\CortexM4\ARM_GCC_541\Debug\motorTask.o
                0x10080a9c                motorTask
 .text.ezI2CTask
                0x10080b70       0x6c .\CortexM4\ARM_GCC_541\Debug\ezI2CTask.o
                0x10080b70                ezI2CTask
 .text.capsenseTask
                0x10080bdc       0xe0 .\CortexM4\ARM_GCC_541\Debug\capSenseTask.o
                0x10080bdc                capsenseTask
 .text.i2cCallback
                0x10080cbc       0x10 .\CortexM4\ARM_GCC_541\Debug\servoSlaveCommTask.o
                0x10080cbc                i2cCallback
 .text.i2cStatusDecode
                0x10080ccc       0x44 .\CortexM4\ARM_GCC_541\Debug\servoSlaveCommTask.o
                0x10080ccc                i2cStatusDecode
 .text.ardTransmitPWMPercent
                0x10080d10       0x80 .\CortexM4\ARM_GCC_541\Debug\servoSlaveCommTask.o
                0x10080d10                ardTransmitPWMPercent
 .text.servoSlaveCommTask
                0x10080d90       0xd0 .\CortexM4\ARM_GCC_541\Debug\servoSlaveCommTask.o
                0x10080d90                servoSlaveCommTask
 .text.cpuss_interrupts_ipc_4_IRQHandler
                0x10080e60       0x10 .\CortexM4\ARM_GCC_541\Debug\cy_ipc_config.o
                0x10080e60                cpuss_interrupts_ipc_4_IRQHandler
 .text.Cy_IPC_SystemSemaInit
                0x10080e70       0x10 .\CortexM4\ARM_GCC_541\Debug\cy_ipc_config.o
                0x10080e70                Cy_IPC_SystemSemaInit
 .text.Cy_IPC_SystemPipeInit
                0x10080e80       0x24 .\CortexM4\ARM_GCC_541\Debug\cy_ipc_config.o
                0x10080e80                Cy_IPC_SystemPipeInit
 .text.STDIO_PutChar
                0x10080ea4       0x18 .\CortexM4\ARM_GCC_541\Debug\stdio_user.o
                0x10080ea4                STDIO_PutChar
 .text.STDIO_GetChar
                0x10080ebc       0x1c .\CortexM4\ARM_GCC_541\Debug\stdio_user.o
                0x10080ebc                STDIO_GetChar
 .text.UART_Interrupt
                0x10080ed8       0x14 .\CortexM4\ARM_GCC_541\Debug\UART.o
 .text.UART_Start
                0x10080eec       0x64 .\CortexM4\ARM_GCC_541\Debug\UART.o
                0x10080eec                UART_Start
 .text.PWM_1_Start
                0x10080f50       0x2c .\CortexM4\ARM_GCC_541\Debug\PWM_1.o
                0x10080f50                PWM_1_Start
 .text.PWM_RED_Start
                0x10080f7c       0x30 .\CortexM4\ARM_GCC_541\Debug\PWM_RED.o
                0x10080f7c                PWM_RED_Start
 .text.EZI2C_Interrupt
                0x10080fac       0x14 .\CortexM4\ARM_GCC_541\Debug\EZI2C.o
 .text.EZI2C_Start
                0x10080fc0       0x64 .\CortexM4\ARM_GCC_541\Debug\EZI2C.o
                0x10080fc0                EZI2C_Start
 .text.LEDBlink_Start
                0x10081024       0x30 .\CortexM4\ARM_GCC_541\Debug\LEDBlink.o
                0x10081024                LEDBlink_Start
 .text.PWM_2_Start
                0x10081054       0x30 .\CortexM4\ARM_GCC_541\Debug\PWM_2.o
                0x10081054                PWM_2_Start
 .text.Cy_SysInt_SetVector
                0x10081084       0x44 .\CortexM4\ARM_GCC_541\Debug\cy_sysint.o
                0x10081084                Cy_SysInt_SetVector
 .text.Cy_SysInt_Init
                0x100810c8       0x7c .\CortexM4\ARM_GCC_541\Debug\cy_sysint.o
                0x100810c8                Cy_SysInt_Init
 .text.Cy_IPC_Drv_LockRelease
                0x10081144       0x30 .\CortexM4\ARM_GCC_541\Debug\cy_ipc_drv.o
                0x10081144                Cy_IPC_Drv_LockRelease
 .text.Cy_IPC_Drv_SendMsgWord
                0x10081174       0x3c .\CortexM4\ARM_GCC_541\Debug\cy_ipc_drv.o
                0x10081174                Cy_IPC_Drv_SendMsgWord
 .text.Cy_IPC_Drv_ReadMsgWord
                0x100811b0       0x2c .\CortexM4\ARM_GCC_541\Debug\cy_ipc_drv.o
                0x100811b0                Cy_IPC_Drv_ReadMsgWord
 .text.Cy_IPC_Sema_Init
                0x100811dc       0xb0 .\CortexM4\ARM_GCC_541\Debug\cy_ipc_sema.o
                0x100811dc                Cy_IPC_Sema_Init
 .text.Cy_IPC_Sema_Clear
                0x1008128c       0x88 .\CortexM4\ARM_GCC_541\Debug\cy_ipc_sema.o
                0x1008128c                Cy_IPC_Sema_Clear
 .text.Cy_IPC_Sema_Status
                0x10081314       0x40 .\CortexM4\ARM_GCC_541\Debug\cy_ipc_sema.o
                0x10081314                Cy_IPC_Sema_Status
 .text.Cy_IPC_Pipe_Config
                0x10081354       0x10 .\CortexM4\ARM_GCC_541\Debug\cy_ipc_pipe.o
                0x10081354                Cy_IPC_Pipe_Config
 .text.Cy_IPC_Pipe_EndpointInit
                0x10081364       0xb8 .\CortexM4\ARM_GCC_541\Debug\cy_ipc_pipe.o
                0x10081364                Cy_IPC_Pipe_EndpointInit
 .text.Cy_IPC_Pipe_Init
                0x1008141c       0xc4 .\CortexM4\ARM_GCC_541\Debug\cy_ipc_pipe.o
                0x1008141c                Cy_IPC_Pipe_Init
 .text.Cy_IPC_Pipe_SendMessage
                0x100814e0       0xb0 .\CortexM4\ARM_GCC_541\Debug\cy_ipc_pipe.o
                0x100814e0                Cy_IPC_Pipe_SendMessage
 .text.Cy_IPC_Pipe_RegisterCallback
                0x10081590       0x40 .\CortexM4\ARM_GCC_541\Debug\cy_ipc_pipe.o
                0x10081590                Cy_IPC_Pipe_RegisterCallback
 .text.Cy_IPC_Pipe_ExecCallback
                0x100815d0       0xb0 .\CortexM4\ARM_GCC_541\Debug\cy_ipc_pipe.o
                0x100815d0                Cy_IPC_Pipe_ExecCallback
 .text.Cy_TCPWM_PWM_Init
                0x10081680      0x16c .\CortexM4\ARM_GCC_541\Debug\cy_tcpwm_pwm.o
                0x10081680                Cy_TCPWM_PWM_Init
 .text.Cy_SCB_ReadArrayNoCheck
                0x100817ec       0x38 .\CortexM4\ARM_GCC_541\Debug\cy_scb_common.o
                0x100817ec                Cy_SCB_ReadArrayNoCheck
 .text.Cy_SCB_ReadArray
                0x10081824       0x1c .\CortexM4\ARM_GCC_541\Debug\cy_scb_common.o
                0x10081824                Cy_SCB_ReadArray
 .text.Cy_SCB_Write
                0x10081840       0x28 .\CortexM4\ARM_GCC_541\Debug\cy_scb_common.o
                0x10081840                Cy_SCB_Write
 .text.Cy_SCB_WriteArrayNoCheck
                0x10081868       0x38 .\CortexM4\ARM_GCC_541\Debug\cy_scb_common.o
                0x10081868                Cy_SCB_WriteArrayNoCheck
 .text.Cy_SCB_WriteArray
                0x100818a0       0x2c .\CortexM4\ARM_GCC_541\Debug\cy_scb_common.o
                0x100818a0                Cy_SCB_WriteArray
 .text.Cy_SCB_WriteDefaultArrayNoCheck
                0x100818cc       0x10 .\CortexM4\ARM_GCC_541\Debug\cy_scb_common.o
                0x100818cc                Cy_SCB_WriteDefaultArrayNoCheck
 .text.Cy_SCB_WriteDefaultArray
                0x100818dc       0x2c .\CortexM4\ARM_GCC_541\Debug\cy_scb_common.o
                0x100818dc                Cy_SCB_WriteDefaultArray
 .text.SlaveHandleStop
                0x10081908       0xec .\CortexM4\ARM_GCC_541\Debug\cy_scb_i2c.o
 .text.MasterHandleEvents
                0x100819f4       0x74 .\CortexM4\ARM_GCC_541\Debug\cy_scb_i2c.o
 .text.MasterHandleStop
                0x10081a68       0x2c .\CortexM4\ARM_GCC_541\Debug\cy_scb_i2c.o
 .text.MasterHandleComplete
                0x10081a94       0xf4 .\CortexM4\ARM_GCC_541\Debug\cy_scb_i2c.o
 .text.SlaveHandleDataTransmit
                0x10081b88       0xe8 .\CortexM4\ARM_GCC_541\Debug\cy_scb_i2c.o
 .text.MasterHandleDataTransmit
                0x10081c70       0xb8 .\CortexM4\ARM_GCC_541\Debug\cy_scb_i2c.o
 .text.SlaveHandleAddress
                0x10081d28      0x158 .\CortexM4\ARM_GCC_541\Debug\cy_scb_i2c.o
 .text.MasterHandleDataReceive
                0x10081e80       0xf0 .\CortexM4\ARM_GCC_541\Debug\cy_scb_i2c.o
 .text.SlaveHandleDataReceive
                0x10081f70       0xbc .\CortexM4\ARM_GCC_541\Debug\cy_scb_i2c.o
 .text.Cy_SCB_I2C_Init
                0x1008202c      0x164 .\CortexM4\ARM_GCC_541\Debug\cy_scb_i2c.o
                0x1008202c                Cy_SCB_I2C_Init
 .text.Cy_SCB_I2C_GetDataRate
                0x10082190       0x90 .\CortexM4\ARM_GCC_541\Debug\cy_scb_i2c.o
                0x10082190                Cy_SCB_I2C_GetDataRate
 .text.Cy_SCB_I2C_SetDataRate
                0x10082220      0x188 .\CortexM4\ARM_GCC_541\Debug\cy_scb_i2c.o
                0x10082220                Cy_SCB_I2C_SetDataRate
 .text.Cy_SCB_I2C_MasterGetStatus
                0x100823a8        0x4 .\CortexM4\ARM_GCC_541\Debug\cy_scb_i2c.o
                0x100823a8                Cy_SCB_I2C_MasterGetStatus
 .text.Cy_SCB_I2C_MasterWrite
                0x100823ac      0x148 .\CortexM4\ARM_GCC_541\Debug\cy_scb_i2c.o
                0x100823ac                Cy_SCB_I2C_MasterWrite
 .text.Cy_SCB_I2C_SlaveInterrupt
                0x100824f4       0xe4 .\CortexM4\ARM_GCC_541\Debug\cy_scb_i2c.o
                0x100824f4                Cy_SCB_I2C_SlaveInterrupt
 .text.Cy_SCB_I2C_MasterInterrupt
                0x100825d8       0x8c .\CortexM4\ARM_GCC_541\Debug\cy_scb_i2c.o
                0x100825d8                Cy_SCB_I2C_MasterInterrupt
 .text.Cy_SCB_I2C_Interrupt
                0x10082664       0x18 .\CortexM4\ARM_GCC_541\Debug\cy_scb_i2c.o
                0x10082664                Cy_SCB_I2C_Interrupt
 .text.HandleErrors
                0x1008267c       0x30 .\CortexM4\ARM_GCC_541\Debug\cy_scb_ezi2c.o
 .text.HandleStop
                0x100826ac       0x94 .\CortexM4\ARM_GCC_541\Debug\cy_scb_ezi2c.o
 .text.UpdateAddressMask
                0x10082740       0x24 .\CortexM4\ARM_GCC_541\Debug\cy_scb_ezi2c.o
 .text.HandleAddress
                0x10082764      0x104 .\CortexM4\ARM_GCC_541\Debug\cy_scb_ezi2c.o
 .text.HandleDataTransmit
                0x10082868       0x2c .\CortexM4\ARM_GCC_541\Debug\cy_scb_ezi2c.o
 .text.UpdateRxFifoLevel
                0x10082894       0x64 .\CortexM4\ARM_GCC_541\Debug\cy_scb_ezi2c.o
 .text.HandleDataReceive
                0x100828f8      0x124 .\CortexM4\ARM_GCC_541\Debug\cy_scb_ezi2c.o
 .text.Cy_SCB_EZI2C_SetAddress1
                0x10082a1c       0x4c .\CortexM4\ARM_GCC_541\Debug\cy_scb_ezi2c.o
                0x10082a1c                Cy_SCB_EZI2C_SetAddress1
 .text.Cy_SCB_EZI2C_SetBuffer1
                0x10082a68       0x34 .\CortexM4\ARM_GCC_541\Debug\cy_scb_ezi2c.o
                0x10082a68                Cy_SCB_EZI2C_SetBuffer1
 .text.Cy_SCB_EZI2C_SetAddress2
                0x10082a9c       0x38 .\CortexM4\ARM_GCC_541\Debug\cy_scb_ezi2c.o
                0x10082a9c                Cy_SCB_EZI2C_SetAddress2
 .text.Cy_SCB_EZI2C_Init
                0x10082ad4      0x124 .\CortexM4\ARM_GCC_541\Debug\cy_scb_ezi2c.o
                0x10082ad4                Cy_SCB_EZI2C_Init
 .text.Cy_SCB_EZI2C_Interrupt
                0x10082bf8       0xd4 .\CortexM4\ARM_GCC_541\Debug\cy_scb_ezi2c.o
                0x10082bf8                Cy_SCB_EZI2C_Interrupt
 .text.HandleDataTransmit
                0x10082ccc       0xdc .\CortexM4\ARM_GCC_541\Debug\cy_scb_uart.o
 .text.HandleDataReceive
                0x10082da8       0xf8 .\CortexM4\ARM_GCC_541\Debug\cy_scb_uart.o
 .text.Cy_SCB_UART_Init
                0x10082ea0      0x370 .\CortexM4\ARM_GCC_541\Debug\cy_scb_uart.o
                0x10082ea0                Cy_SCB_UART_Init
 .text.Cy_SCB_UART_GetNumInRingBuffer
                0x10083210       0x18 .\CortexM4\ARM_GCC_541\Debug\cy_scb_uart.o
                0x10083210                Cy_SCB_UART_GetNumInRingBuffer
 .text.HandleRingBuffer
                0x10083228       0xcc .\CortexM4\ARM_GCC_541\Debug\cy_scb_uart.o
 .text.Cy_SCB_UART_Interrupt
                0x100832f4       0xe8 .\CortexM4\ARM_GCC_541\Debug\cy_scb_uart.o
                0x100832f4                Cy_SCB_UART_Interrupt
 .text.Cy_Flash_ProcessOpcode
                0x100833dc       0xac .\CortexM4\ARM_GCC_541\Debug\cy_flash.o
 .text.Cy_Flash_OperationStatus
                0x10083488       0x44 .\CortexM4\ARM_GCC_541\Debug\cy_flash.o
 .text.Cy_Flash_Init
                0x100834cc       0x4c .\CortexM4\ARM_GCC_541\Debug\cy_flash.o
                0x100834cc                Cy_Flash_Init
 .text.Cy_GPIO_Pin_FastInit
                0x10083518       0xf0 .\CortexM4\ARM_GCC_541\Debug\cy_gpio.o
                0x10083518                Cy_GPIO_Pin_FastInit
 .text.Cy_SysLib_DelayUs
                0x10083608       0x14 .\CortexM4\ARM_GCC_541\Debug\cy_syslib.o
                0x10083608                Cy_SysLib_DelayUs
 .text.Cy_SysLib_Halt
                0x1008361c        0x4 .\CortexM4\ARM_GCC_541\Debug\cy_syslib.o
                0x1008361c                Cy_SysLib_Halt
 .text.Cy_SysLib_AssertFailed
                0x10083620       0x1c .\CortexM4\ARM_GCC_541\Debug\cy_syslib.o
                0x10083620                Cy_SysLib_AssertFailed
 .text.Cy_SysLib_ProcessingFault
                0x1008363c        0x4 .\CortexM4\ARM_GCC_541\Debug\cy_syslib.o
                0x1008363c                Cy_SysLib_ProcessingFault
 .text.Cy_SysLib_FaultHandler
                0x10083640       0xa4 .\CortexM4\ARM_GCC_541\Debug\cy_syslib.o
                0x10083640                Cy_SysLib_FaultHandler
 *fill*         0x100836e4        0x4 
 .text          0x100836e8       0x20 .\CortexM4\ARM_GCC_541\Debug\cy_syslib_gcc.o
                0x100836e8                Cy_SysLib_DelayCycles
                0x100836fa                Cy_SysLib_EnterCriticalSection
                0x10083702                Cy_SysLib_ExitCriticalSection
 .text.prvTestWaitCondition
                0x10083708       0x1c .\CortexM4\ARM_GCC_541\Debug\event_groups.o
 .text.xEventGroupCreate
                0x10083724       0x1c .\CortexM4\ARM_GCC_541\Debug\event_groups.o
                0x10083724                xEventGroupCreate
 .text.xEventGroupWaitBits
                0x10083740       0xdc .\CortexM4\ARM_GCC_541\Debug\event_groups.o
                0x10083740                xEventGroupWaitBits
 .text.xEventGroupSetBits
                0x1008381c       0x80 .\CortexM4\ARM_GCC_541\Debug\event_groups.o
                0x1008381c                xEventGroupSetBits
 .text.vListInitialise
                0x1008389c       0x18 .\CortexM4\ARM_GCC_541\Debug\list.o
                0x1008389c                vListInitialise
 .text.vListInitialiseItem
                0x100838b4        0x8 .\CortexM4\ARM_GCC_541\Debug\list.o
                0x100838b4                vListInitialiseItem
 .text.vListInsertEnd
                0x100838bc       0x18 .\CortexM4\ARM_GCC_541\Debug\list.o
                0x100838bc                vListInsertEnd
 .text.vListInsert
                0x100838d4       0x34 .\CortexM4\ARM_GCC_541\Debug\list.o
                0x100838d4                vListInsert
 .text.uxListRemove
                0x10083908       0x24 .\CortexM4\ARM_GCC_541\Debug\list.o
                0x10083908                uxListRemove
 .text.prvIsQueueFull
                0x1008392c       0x20 .\CortexM4\ARM_GCC_541\Debug\queue.o
 .text.prvIsQueueEmpty
                0x1008394c       0x1c .\CortexM4\ARM_GCC_541\Debug\queue.o
 .text.prvCopyDataToQueue
                0x10083968       0x78 .\CortexM4\ARM_GCC_541\Debug\queue.o
 .text.prvCopyDataFromQueue
                0x100839e0       0x24 .\CortexM4\ARM_GCC_541\Debug\queue.o
 .text.prvUnlockQueue
                0x10083a04       0x68 .\CortexM4\ARM_GCC_541\Debug\queue.o
 .text.xQueueGenericReset
                0x10083a6c       0x74 .\CortexM4\ARM_GCC_541\Debug\queue.o
                0x10083a6c                xQueueGenericReset
 .text.prvInitialiseNewQueue
                0x10083ae0       0x1c .\CortexM4\ARM_GCC_541\Debug\queue.o
 .text.xQueueGenericCreate
                0x10083afc       0x3c .\CortexM4\ARM_GCC_541\Debug\queue.o
                0x10083afc                xQueueGenericCreate
 .text.xQueueGenericSend
                0x10083b38      0x158 .\CortexM4\ARM_GCC_541\Debug\queue.o
                0x10083b38                xQueueGenericSend
 .text.xQueueGenericSendFromISR
                0x10083c90       0xb8 .\CortexM4\ARM_GCC_541\Debug\queue.o
                0x10083c90                xQueueGenericSendFromISR
 .text.xQueueGiveFromISR
                0x10083d48       0x94 .\CortexM4\ARM_GCC_541\Debug\queue.o
                0x10083d48                xQueueGiveFromISR
 .text.xQueueGenericReceive
                0x10083ddc      0x178 .\CortexM4\ARM_GCC_541\Debug\queue.o
                0x10083ddc                xQueueGenericReceive
 .text.vQueueAddToRegistry
                0x10083f54       0x28 .\CortexM4\ARM_GCC_541\Debug\queue.o
                0x10083f54                vQueueAddToRegistry
 .text.vQueueWaitForMessageRestricted
                0x10083f7c       0x4c .\CortexM4\ARM_GCC_541\Debug\queue.o
                0x10083f7c                vQueueWaitForMessageRestricted
 .text.prvResetNextTaskUnblockTime
                0x10083fc8       0x2c .\CortexM4\ARM_GCC_541\Debug\tasks.o
 .text.prvDeleteTCB
                0x10083ff4       0x14 .\CortexM4\ARM_GCC_541\Debug\tasks.o
 .text.prvInitialiseNewTask
                0x10084008       0xac .\CortexM4\ARM_GCC_541\Debug\tasks.o
 .text.prvInitialiseTaskLists
                0x100840b4       0x58 .\CortexM4\ARM_GCC_541\Debug\tasks.o
 .text.prvAddNewTaskToReadyList
                0x1008410c       0xac .\CortexM4\ARM_GCC_541\Debug\tasks.o
 .text.prvAddCurrentTaskToDelayedList
                0x100841b8       0x68 .\CortexM4\ARM_GCC_541\Debug\tasks.o
 .text.xTaskCreate
                0x10084220       0x64 .\CortexM4\ARM_GCC_541\Debug\tasks.o
                0x10084220                xTaskCreate
 .text.vTaskStartScheduler
                0x10084284       0x60 .\CortexM4\ARM_GCC_541\Debug\tasks.o
                0x10084284                vTaskStartScheduler
 .text.vTaskSuspendAll
                0x100842e4       0x14 .\CortexM4\ARM_GCC_541\Debug\tasks.o
                0x100842e4                vTaskSuspendAll
 .text.xTaskGetTickCount
                0x100842f8        0xc .\CortexM4\ARM_GCC_541\Debug\tasks.o
                0x100842f8                xTaskGetTickCount
 .text.xTaskIncrementTick
                0x10084304       0xf0 .\CortexM4\ARM_GCC_541\Debug\tasks.o
                0x10084304                xTaskIncrementTick
 .text.xTaskResumeAll
                0x100843f4       0xe4 .\CortexM4\ARM_GCC_541\Debug\tasks.o
                0x100843f4                xTaskResumeAll
 .text.vTaskDelay
                0x100844d8       0x44 .\CortexM4\ARM_GCC_541\Debug\tasks.o
                0x100844d8                vTaskDelay
 .text.prvCheckTasksWaitingTermination
                0x1008451c       0x54 .\CortexM4\ARM_GCC_541\Debug\tasks.o
 .text.prvIdleTask
                0x10084570       0x28 .\CortexM4\ARM_GCC_541\Debug\tasks.o
 .text.vTaskSwitchContext
                0x10084598       0xbc .\CortexM4\ARM_GCC_541\Debug\tasks.o
                0x10084598                vTaskSwitchContext
 .text.vTaskPlaceOnEventList
                0x10084654       0x24 .\CortexM4\ARM_GCC_541\Debug\tasks.o
                0x10084654                vTaskPlaceOnEventList
 .text.vTaskPlaceOnUnorderedEventList
                0x10084678       0x40 .\CortexM4\ARM_GCC_541\Debug\tasks.o
                0x10084678                vTaskPlaceOnUnorderedEventList
 .text.vTaskPlaceOnEventListRestricted
                0x100846b8       0x2c .\CortexM4\ARM_GCC_541\Debug\tasks.o
                0x100846b8                vTaskPlaceOnEventListRestricted
 .text.xTaskRemoveFromEventList
                0x100846e4       0x7c .\CortexM4\ARM_GCC_541\Debug\tasks.o
                0x100846e4                xTaskRemoveFromEventList
 .text.xTaskRemoveFromUnorderedEventList
                0x10084760       0x6c .\CortexM4\ARM_GCC_541\Debug\tasks.o
                0x10084760                xTaskRemoveFromUnorderedEventList
 .text.vTaskSetTimeOutState
                0x100847cc       0x1c .\CortexM4\ARM_GCC_541\Debug\tasks.o
                0x100847cc                vTaskSetTimeOutState
 .text.xTaskCheckForTimeOut
                0x100847e8       0x64 .\CortexM4\ARM_GCC_541\Debug\tasks.o
                0x100847e8                xTaskCheckForTimeOut
 .text.vTaskMissedYield
                0x1008484c       0x10 .\CortexM4\ARM_GCC_541\Debug\tasks.o
                0x1008484c                vTaskMissedYield
 .text.xTaskGetSchedulerState
                0x1008485c       0x20 .\CortexM4\ARM_GCC_541\Debug\tasks.o
                0x1008485c                xTaskGetSchedulerState
 .text.vTaskPriorityInherit
                0x1008487c       0x8c .\CortexM4\ARM_GCC_541\Debug\tasks.o
                0x1008487c                vTaskPriorityInherit
 .text.xTaskPriorityDisinherit
                0x10084908       0x78 .\CortexM4\ARM_GCC_541\Debug\tasks.o
                0x10084908                xTaskPriorityDisinherit
 .text.uxTaskResetEventItemValue
                0x10084980       0x20 .\CortexM4\ARM_GCC_541\Debug\tasks.o
                0x10084980                uxTaskResetEventItemValue
 .text.pvTaskIncrementMutexHeldCount
                0x100849a0       0x20 .\CortexM4\ARM_GCC_541\Debug\tasks.o
                0x100849a0                pvTaskIncrementMutexHeldCount
 .text.prvGetNextExpireTime
                0x100849c0       0x20 .\CortexM4\ARM_GCC_541\Debug\timers.o
 .text.prvInsertTimerInActiveList
                0x100849e0       0x44 .\CortexM4\ARM_GCC_541\Debug\timers.o
 .text.prvCheckForValidListAndQueue
                0x10084a24       0x48 .\CortexM4\ARM_GCC_541\Debug\timers.o
 .text.xTimerCreateTimerTask
                0x10084a6c       0x44 .\CortexM4\ARM_GCC_541\Debug\timers.o
                0x10084a6c                xTimerCreateTimerTask
 .text.xTimerGenericCommand
                0x10084ab0       0x5c .\CortexM4\ARM_GCC_541\Debug\timers.o
                0x10084ab0                xTimerGenericCommand
 .text.prvSwitchTimerLists
                0x10084b0c       0x68 .\CortexM4\ARM_GCC_541\Debug\timers.o
 .text.prvSampleTimeNow
                0x10084b74       0x2c .\CortexM4\ARM_GCC_541\Debug\timers.o
 .text.prvProcessExpiredTimer
                0x10084ba0       0x50 .\CortexM4\ARM_GCC_541\Debug\timers.o
 .text.prvProcessTimerOrBlockTask
                0x10084bf0       0x70 .\CortexM4\ARM_GCC_541\Debug\timers.o
 .text.prvProcessReceivedCommands
                0x10084c60       0xa0 .\CortexM4\ARM_GCC_541\Debug\timers.o
 .text.prvTimerTask
                0x10084d00       0x18 .\CortexM4\ARM_GCC_541\Debug\timers.o
 .text.prvTaskExitError
                0x10084d18       0x18 .\CortexM4\ARM_GCC_541\Debug\port.o
 .text.prvPortStartFirstTask
                0x10084d30       0x20 .\CortexM4\ARM_GCC_541\Debug\port.o
 .text.vPortEnableVFP
                0x10084d50       0x14 .\CortexM4\ARM_GCC_541\Debug\port.o
 .text.pxPortInitialiseStack
                0x10084d64       0x2c .\CortexM4\ARM_GCC_541\Debug\port.o
                0x10084d64                pxPortInitialiseStack
 .text.SVC_Handler
                0x10084d90       0x24 .\CortexM4\ARM_GCC_541\Debug\port.o
                0x10084d90                SVC_Handler
 .text.vPortEnterCritical
                0x10084db4       0x28 .\CortexM4\ARM_GCC_541\Debug\port.o
                0x10084db4                vPortEnterCritical
 .text.vPortExitCritical
                0x10084ddc       0x1c .\CortexM4\ARM_GCC_541\Debug\port.o
                0x10084ddc                vPortExitCritical
 *fill*         0x10084df8        0x8 
 .text.PendSV_Handler
                0x10084e00       0x64 .\CortexM4\ARM_GCC_541\Debug\port.o
                0x10084e00                PendSV_Handler
 .text.SysTick_Handler
                0x10084e64       0x1c .\CortexM4\ARM_GCC_541\Debug\port.o
                0x10084e64                SysTick_Handler
 .text.vPortSetupTimerInterrupt
                0x10084e80       0x2c .\CortexM4\ARM_GCC_541\Debug\port.o
                0x10084e80                vPortSetupTimerInterrupt
 .text.xPortStartScheduler
                0x10084eac       0xa4 .\CortexM4\ARM_GCC_541\Debug\port.o
                0x10084eac                xPortStartScheduler
 .text.vPortValidateInterruptPriority
                0x10084f50       0x3c .\CortexM4\ARM_GCC_541\Debug\port.o
                0x10084f50                vPortValidateInterruptPriority
 .text.vApplicationStackOverflowHook
                0x10084f8c       0x14 .\CortexM4\ARM_GCC_541\Debug\port.o
                0x10084f8c                vApplicationStackOverflowHook
 .text.pvPortMalloc
                0x10084fa0       0x60 .\CortexM4\ARM_GCC_541\Debug\heap_1.o
                0x10084fa0                pvPortMalloc
 .text.vPortFree
                0x10085000        0x8 .\CortexM4\ARM_GCC_541\Debug\heap_1.o
                0x10085000                vPortFree
 .text._write   0x10085008       0x24 .\CortexM4\ARM_GCC_541\Debug\retarget.o
                0x10085008                _write
 .text._read    0x1008502c       0x28 .\CortexM4\ARM_GCC_541\Debug\retarget.o
                0x1008502c                _read
 .text.CapSense_Initialize
                0x10085054       0x24 .\CortexM4\ARM_GCC_541\Debug\CapSense_Control.o
                0x10085054                CapSense_Initialize
 .text.CapSense_Start
                0x10085078       0x3c .\CortexM4\ARM_GCC_541\Debug\CapSense_Control.o
                0x10085078                CapSense_Start
 .text.CapSense_ProcessAllWidgets
                0x100850b4       0x74 .\CortexM4\ARM_GCC_541\Debug\CapSense_Control.o
                0x100850b4                CapSense_ProcessAllWidgets
 .text.CapSense_DpInitialize
                0x10085128       0x84 .\CortexM4\ARM_GCC_541\Debug\CapSense_Processing.o
                0x10085128                CapSense_DpInitialize
 .text.CapSense_DpUpdateThresholds
                0x100851ac       0x34 .\CortexM4\ARM_GCC_541\Debug\CapSense_Processing.o
                0x100851ac                CapSense_DpUpdateThresholds
 .text.CapSense_DpUpdateDifferences
                0x100851e0       0x18 .\CortexM4\ARM_GCC_541\Debug\CapSense_Processing.o
                0x100851e0                CapSense_DpUpdateDifferences
 .text.CapSense_DpProcessCsxWidgetRawCounts
                0x100851f8       0x38 .\CortexM4\ARM_GCC_541\Debug\CapSense_Processing.o
                0x100851f8                CapSense_DpProcessCsxWidgetRawCounts
 .text.CapSense_DpProcessCsdWidgetRawCounts
                0x10085230       0x54 .\CortexM4\ARM_GCC_541\Debug\CapSense_Processing.o
                0x10085230                CapSense_DpProcessCsdWidgetRawCounts
 .text.CapSense_DpProcessButton
                0x10085284       0x64 .\CortexM4\ARM_GCC_541\Debug\CapSense_Processing.o
                0x10085284                CapSense_DpProcessButton
 .text.CapSense_DpProcessCsxWidgetStatus
                0x100852e8       0x64 .\CortexM4\ARM_GCC_541\Debug\CapSense_Processing.o
                0x100852e8                CapSense_DpProcessCsxWidgetStatus
 .text.CapSense_DpProcessSlider
                0x1008534c       0xcc .\CortexM4\ARM_GCC_541\Debug\CapSense_Processing.o
                0x1008534c                CapSense_DpProcessSlider
 .text.CapSense_DpProcessCsdWidgetStatus
                0x10085418       0x74 .\CortexM4\ARM_GCC_541\Debug\CapSense_Processing.o
                0x10085418                CapSense_DpProcessCsdWidgetStatus
 .text.CapSense_DsInitialize
                0x1008548c       0x98 .\CortexM4\ARM_GCC_541\Debug\CapSense_Structure.o
                0x1008548c                CapSense_DsInitialize
 .text.CapSense_IsWidgetActive
                0x10085524       0x28 .\CortexM4\ARM_GCC_541\Debug\CapSense_Structure.o
                0x10085524                CapSense_IsWidgetActive
 .text.CapSense_GetCentroidPos
                0x1008554c       0x38 .\CortexM4\ARM_GCC_541\Debug\CapSense_Structure.o
                0x1008554c                CapSense_GetCentroidPos
 .text.CapSense_TuInitialize
                0x10085584       0x14 .\CortexM4\ARM_GCC_541\Debug\CapSense_Tuner.o
                0x10085584                CapSense_TuInitialize
 .text.CapSense_FtInitializeBaselineChannel
                0x10085598       0x20 .\CortexM4\ARM_GCC_541\Debug\CapSense_Filter.o
                0x10085598                CapSense_FtInitializeBaselineChannel
 .text.CapSense_FtInitializeBaseline
                0x100855b8       0x20 .\CortexM4\ARM_GCC_541\Debug\CapSense_Filter.o
                0x100855b8                CapSense_FtInitializeBaseline
 .text.CapSense_InitializeSensorBaseline
                0x100855d8       0x20 .\CortexM4\ARM_GCC_541\Debug\CapSense_Filter.o
                0x100855d8                CapSense_InitializeSensorBaseline
 .text.CapSense_InitializeWidgetBaseline
                0x100855f8       0x28 .\CortexM4\ARM_GCC_541\Debug\CapSense_Filter.o
                0x100855f8                CapSense_InitializeWidgetBaseline
 .text.CapSense_InitializeAllBaselines
                0x10085620       0x18 .\CortexM4\ARM_GCC_541\Debug\CapSense_Filter.o
                0x10085620                CapSense_InitializeAllBaselines
 .text.CapSense_InitializeWidgetFilter
                0x10085638       0x48 .\CortexM4\ARM_GCC_541\Debug\CapSense_Filter.o
                0x10085638                CapSense_InitializeWidgetFilter
 .text.CapSense_InitializeAllFilters
                0x10085680       0x18 .\CortexM4\ARM_GCC_541\Debug\CapSense_Filter.o
                0x10085680                CapSense_InitializeAllFilters
 .text.CapSense_FtInitialize
                0x10085698        0x8 .\CortexM4\ARM_GCC_541\Debug\CapSense_Filter.o
                0x10085698                CapSense_FtInitialize
 .text.CapSense_FtIIR1stOrder
                0x100856a0       0x14 .\CortexM4\ARM_GCC_541\Debug\CapSense_Filter.o
                0x100856a0                CapSense_FtIIR1stOrder
 .text.CapSense_FtUpdateBaseline
                0x100856b4       0xa0 .\CortexM4\ARM_GCC_541\Debug\CapSense_Filter.o
                0x100856b4                CapSense_FtUpdateBaseline
 .text.CapSense_UpdateSensorBaseline
                0x10085754       0x24 .\CortexM4\ARM_GCC_541\Debug\CapSense_Filter.o
                0x10085754                CapSense_UpdateSensorBaseline
 .text.CapSense_UpdateWidgetBaseline
                0x10085778       0x2c .\CortexM4\ARM_GCC_541\Debug\CapSense_Filter.o
                0x10085778                CapSense_UpdateWidgetBaseline
 .text.CapSense_UpdateAllBaselines
                0x100857a4       0x1c .\CortexM4\ARM_GCC_541\Debug\CapSense_Filter.o
                0x100857a4                CapSense_UpdateAllBaselines
 .text.CapSense_SsCalcLfsrSize
                0x100857c0       0xb0 .\CortexM4\ARM_GCC_541\Debug\CapSense_Sensing.o
 .text.CapSense_SsCalcLfsrScale
                0x10085870       0x38 .\CortexM4\ARM_GCC_541\Debug\CapSense_Sensing.o
 .text.CapSense_SsCSDDisableMode
                0x100858a8       0x28 .\CortexM4\ARM_GCC_541\Debug\CapSense_Sensing.o
 .text.CapSense_SsDisableCSXMode
                0x100858d0        0x8 .\CortexM4\ARM_GCC_541\Debug\CapSense_Sensing.o
 .text.CapSense_IsBusy
                0x100858d8       0x10 .\CortexM4\ARM_GCC_541\Debug\CapSense_Sensing.o
                0x100858d8                CapSense_IsBusy
 .text.CapSense_SetupWidget
                0x100858e8       0x64 .\CortexM4\ARM_GCC_541\Debug\CapSense_Sensing.o
                0x100858e8                CapSense_SetupWidget
 .text.CapSense_Scan
                0x1008594c       0x3c .\CortexM4\ARM_GCC_541\Debug\CapSense_Sensing.o
                0x1008594c                CapSense_Scan
 .text.CapSense_ScanAllWidgets
                0x10085988       0x54 .\CortexM4\ARM_GCC_541\Debug\CapSense_Sensing.o
                0x10085988                CapSense_ScanAllWidgets
 .text.CapSense_SsSwitchSensingMode
                0x100859dc       0x50 .\CortexM4\ARM_GCC_541\Debug\CapSense_Sensing.o
                0x100859dc                CapSense_SsSwitchSensingMode
 .text.CapSense_SsSetIOsInDefaultState
                0x10085a2c       0x28 .\CortexM4\ARM_GCC_541\Debug\CapSense_Sensing.o
                0x10085a2c                CapSense_SsSetIOsInDefaultState
 .text.CapSense_SsPostAllWidgetsScan
                0x10085a54       0x7c .\CortexM4\ARM_GCC_541\Debug\CapSense_Sensing.o
                0x10085a54                CapSense_SsPostAllWidgetsScan
 .text.CapSense_SsIsrInitialize
                0x10085ad0       0x58 .\CortexM4\ARM_GCC_541\Debug\CapSense_Sensing.o
                0x10085ad0                CapSense_SsIsrInitialize
 .text.CapSense_CalibrateWidget
                0x10085b28       0x3c .\CortexM4\ARM_GCC_541\Debug\CapSense_Sensing.o
                0x10085b28                CapSense_CalibrateWidget
 .text.CapSense_CalibrateAllWidgets
                0x10085b64       0x1c .\CortexM4\ARM_GCC_541\Debug\CapSense_Sensing.o
                0x10085b64                CapSense_CalibrateAllWidgets
 .text.CapSense_SsClearCSDSensors
                0x10085b80       0x44 .\CortexM4\ARM_GCC_541\Debug\CapSense_Sensing.o
                0x10085b80                CapSense_SsClearCSDSensors
 .text.CapSense_SsCSDGetColSnsClkDivider
                0x10085bc4       0x14 .\CortexM4\ARM_GCC_541\Debug\CapSense_Sensing.o
                0x10085bc4                CapSense_SsCSDGetColSnsClkDivider
 .text.CapSense_SsCSDSetColSnsClkDivider
                0x10085bd8       0x14 .\CortexM4\ARM_GCC_541\Debug\CapSense_Sensing.o
                0x10085bd8                CapSense_SsCSDSetColSnsClkDivider
 .text.CapSense_SsCSDCalcPrsSize
                0x10085bec       0x24 .\CortexM4\ARM_GCC_541\Debug\CapSense_Sensing.o
                0x10085bec                CapSense_SsCSDCalcPrsSize
 .text.CapSense_SsSetWidgetSenseClkSrc
                0x10085c10       0x54 .\CortexM4\ARM_GCC_541\Debug\CapSense_Sensing.o
 .text.CapSense_SsAutoTune
                0x10085c64      0x18c .\CortexM4\ARM_GCC_541\Debug\CapSense_Sensing.o
                0x10085c64                CapSense_SsAutoTune
 .text.CapSense_SsInitializeSourceSenseClk
                0x10085df0       0x64 .\CortexM4\ARM_GCC_541\Debug\CapSense_Sensing.o
                0x10085df0                CapSense_SsInitializeSourceSenseClk
 .text.CapSense_SsInitialize
                0x10085e54       0x14 .\CortexM4\ARM_GCC_541\Debug\CapSense_Sensing.o
                0x10085e54                CapSense_SsInitialize
 .text.CapSense_BistDischargeExtCapacitors
                0x10085e68       0x78 .\CortexM4\ARM_GCC_541\Debug\CapSense_Sensing.o
                0x10085e68                CapSense_BistDischargeExtCapacitors
 .text.CapSense_SsCSDPostScan
                0x10085ee0       0x54 .\CortexM4\ARM_GCC_541\Debug\CapSense_INT.o
 .text.CapSense_SsCSDInitNextScan
                0x10085f34       0xa4 .\CortexM4\ARM_GCC_541\Debug\CapSense_INT.o
 .text.CapSense_CSDPostSingleScan
                0x10085fd8       0x30 .\CortexM4\ARM_GCC_541\Debug\CapSense_INT.o
                0x10085fd8                CapSense_CSDPostSingleScan
 .text.CapSense_CSDPostMultiScan
                0x10086008       0x44 .\CortexM4\ARM_GCC_541\Debug\CapSense_INT.o
                0x10086008                CapSense_CSDPostMultiScan
 .text.CapSense_SsCSDSetModeSnsClockDivider
                0x1008604c       0x10 .\CortexM4\ARM_GCC_541\Debug\CapSense_SensingCSD_LL.o
 .text.CapSense_SsCSDSetFilterDelay
                0x1008605c       0x50 .\CortexM4\ARM_GCC_541\Debug\CapSense_SensingCSD_LL.o
 .text.CapSense_SsCSDConfigIDACs
                0x100860ac       0x1c .\CortexM4\ARM_GCC_541\Debug\CapSense_SensingCSD_LL.o
 .text.CapSense_SsCSDSetSingleIdacMode
                0x100860c8       0x28 .\CortexM4\ARM_GCC_541\Debug\CapSense_SensingCSD_LL.o
 .text.CapSense_SsCSDRestoreIdacMode
                0x100860f0       0x2c .\CortexM4\ARM_GCC_541\Debug\CapSense_SensingCSD_LL.o
 .text.CapSense_SsCSDCalibrateCheck
                0x1008611c       0x4c .\CortexM4\ARM_GCC_541\Debug\CapSense_SensingCSD_LL.o
 .text.CapSense_SsCSDCmodPrecharge
                0x10086168       0x6c .\CortexM4\ARM_GCC_541\Debug\CapSense_SensingCSD_LL.o
 .text.CapSense_SsCSDTriggerScan
                0x100861d4       0x98 .\CortexM4\ARM_GCC_541\Debug\CapSense_SensingCSD_LL.o
 .text.CapSense_SsCSDInitialize
                0x1008626c      0x130 .\CortexM4\ARM_GCC_541\Debug\CapSense_SensingCSD_LL.o
                0x1008626c                CapSense_SsCSDInitialize
 .text.CapSense_SsCSDSetUpIdacs
                0x1008639c       0x50 .\CortexM4\ARM_GCC_541\Debug\CapSense_SensingCSD_LL.o
                0x1008639c                CapSense_SsCSDSetUpIdacs
 .text.CapSense_SsCSDGetNumberOfConversions
                0x100863ec       0x30 .\CortexM4\ARM_GCC_541\Debug\CapSense_SensingCSD_LL.o
                0x100863ec                CapSense_SsCSDGetNumberOfConversions
 .text.CapSense_SsCSDConfigClock
                0x1008641c       0x3c .\CortexM4\ARM_GCC_541\Debug\CapSense_SensingCSD_LL.o
                0x1008641c                CapSense_SsCSDConfigClock
 .text.CapSense_SsCSDCalculateScanDuration
                0x10086458       0x18 .\CortexM4\ARM_GCC_541\Debug\CapSense_SensingCSD_LL.o
                0x10086458                CapSense_SsCSDCalculateScanDuration
 .text.CapSense_SsCSDStartSample
                0x10086470       0x44 .\CortexM4\ARM_GCC_541\Debug\CapSense_SensingCSD_LL.o
                0x10086470                CapSense_SsCSDStartSample
 .text.CapSense_CSDScanExt
                0x100864b4       0x20 .\CortexM4\ARM_GCC_541\Debug\CapSense_SensingCSD_LL.o
                0x100864b4                CapSense_CSDScanExt
 .text.CapSense_CSDConnectSns
                0x100864d4       0x98 .\CortexM4\ARM_GCC_541\Debug\CapSense_SensingCSD_LL.o
                0x100864d4                CapSense_CSDConnectSns
 .text.CapSense_CSDScan
                0x1008656c       0x6c .\CortexM4\ARM_GCC_541\Debug\CapSense_SensingCSD_LL.o
                0x1008656c                CapSense_CSDScan
 .text.CapSense_SsCSDConnectSensorExt
                0x100865d8       0x24 .\CortexM4\ARM_GCC_541\Debug\CapSense_SensingCSD_LL.o
                0x100865d8                CapSense_SsCSDConnectSensorExt
 .text.CapSense_CSDDisconnectSns
                0x100865fc       0xa4 .\CortexM4\ARM_GCC_541\Debug\CapSense_SensingCSD_LL.o
                0x100865fc                CapSense_CSDDisconnectSns
 .text.CapSense_SsCSDElectrodeCheck
                0x100866a0       0x24 .\CortexM4\ARM_GCC_541\Debug\CapSense_SensingCSD_LL.o
                0x100866a0                CapSense_SsCSDElectrodeCheck
 .text.CapSense_CSDSetupWidget
                0x100866c4       0x58 .\CortexM4\ARM_GCC_541\Debug\CapSense_SensingCSD_LL.o
                0x100866c4                CapSense_CSDSetupWidget
 .text.CapSense_CSDSetupWidgetExt
                0x1008671c       0x64 .\CortexM4\ARM_GCC_541\Debug\CapSense_SensingCSD_LL.o
                0x1008671c                CapSense_CSDSetupWidgetExt
 .text.CapSense_SsCSDCalibrateOneSensor
                0x10086780       0xe4 .\CortexM4\ARM_GCC_541\Debug\CapSense_SensingCSD_LL.o
 .text.CapSense_CSDCalibrateWidget
                0x10086864      0x114 .\CortexM4\ARM_GCC_541\Debug\CapSense_SensingCSD_LL.o
                0x10086864                CapSense_CSDCalibrateWidget
 .text.CapSense_SsCalcCsxScanPeriod
                0x10086978       0x10 .\CortexM4\ARM_GCC_541\Debug\CapSense_SensingCSX_LL.o
 .text.CapSense_CSXScanISR
                0x10086988       0xd0 .\CortexM4\ARM_GCC_541\Debug\CapSense_SensingCSX_LL.o
                0x10086988                CapSense_CSXScanISR
 .text.CapSense_SsCSXStartSample
                0x10086a58      0x14c .\CortexM4\ARM_GCC_541\Debug\CapSense_SensingCSX_LL.o
 .text.CapSense_CSXInitialize
                0x10086ba4      0x150 .\CortexM4\ARM_GCC_541\Debug\CapSense_SensingCSX_LL.o
                0x10086ba4                CapSense_CSXInitialize
 .text.CapSense_CSXCalibrateWidget
                0x10086cf4       0xcc .\CortexM4\ARM_GCC_541\Debug\CapSense_SensingCSX_LL.o
                0x10086cf4                CapSense_CSXCalibrateWidget
 .text.CapSense_CSXConnectTx
                0x10086dc0       0x98 .\CortexM4\ARM_GCC_541\Debug\CapSense_SensingCSX_LL.o
                0x10086dc0                CapSense_CSXConnectTx
 .text.CapSense_CSXConnectRx
                0x10086e58       0x94 .\CortexM4\ARM_GCC_541\Debug\CapSense_SensingCSX_LL.o
                0x10086e58                CapSense_CSXConnectRx
 .text.CapSense_CSXScan
                0x10086eec       0x68 .\CortexM4\ARM_GCC_541\Debug\CapSense_SensingCSX_LL.o
                0x10086eec                CapSense_CSXScan
 .text.CapSense_CSXDisconnectTx
                0x10086f54       0x64 .\CortexM4\ARM_GCC_541\Debug\CapSense_SensingCSX_LL.o
                0x10086f54                CapSense_CSXDisconnectTx
 .text.CapSense_CSXDisconnectRx
                0x10086fb8       0xa4 .\CortexM4\ARM_GCC_541\Debug\CapSense_SensingCSX_LL.o
                0x10086fb8                CapSense_CSXDisconnectRx
 .text.CapSense_SsCSXPostMultiScan
                0x1008705c       0xd0 .\CortexM4\ARM_GCC_541\Debug\CapSense_SensingCSX_LL.o
 .text.CapSense_CSXElectrodeCheck
                0x1008712c       0x24 .\CortexM4\ARM_GCC_541\Debug\CapSense_SensingCSX_LL.o
                0x1008712c                CapSense_CSXElectrodeCheck
 .text.CapSense_CSXSetupWidget
                0x10087150       0x88 .\CortexM4\ARM_GCC_541\Debug\CapSense_SensingCSX_LL.o
                0x10087150                CapSense_CSXSetupWidget
 .text.CapSense_SsCSXGetTxClkDivider
                0x100871d8       0x14 .\CortexM4\ARM_GCC_541\Debug\CapSense_SensingCSX_LL.o
                0x100871d8                CapSense_SsCSXGetTxClkDivider
 .text.CapSense_DpFindLocalMaxSd
                0x100871ec       0xd8 .\CortexM4\ARM_GCC_541\Debug\CapSense_Centroid_LL.o
                0x100871ec                CapSense_DpFindLocalMaxSd
 .text.CapSense_DpCalcLinearCentroid
                0x100872c4       0x84 .\CortexM4\ARM_GCC_541\Debug\CapSense_Centroid_LL.o
                0x100872c4                CapSense_DpCalcLinearCentroid
 .text.CapSense_InitializeGestures
                0x10087348       0x30 .\CortexM4\ARM_GCC_541\Debug\CapSense_Gesture.o
                0x10087348                CapSense_InitializeGestures
 .text.Dimmer_Start
                0x10087378       0x30 .\CortexM4\ARM_GCC_541\Debug\Dimmer.o
                0x10087378                Dimmer_Start
 .text.I2C_ARD_Interrupt
                0x100873a8       0x14 .\CortexM4\ARM_GCC_541\Debug\I2C_ARD.o
 .text.I2C_ARD_Start
                0x100873bc       0x78 .\CortexM4\ARM_GCC_541\Debug\I2C_ARD.o
                0x100873bc                I2C_ARD_Start
 .text.Gesture_Init
                0x10087434       0x80 C:\Program Files (x86)\Cypress\PSoC Creator\4.2\PSoC Creator\psoc\content\CyComponentLibrary\CyComponentLibrary.cylib\CapSense_TMG_v2_0\Library\Gestures_GCC_M4.a(Gesture.o)
                0x10087434                Gesture_Init
 .text.SmartSense_TunePrescalers
                0x100874b4       0x4c C:\Program Files (x86)\Cypress\PSoC Creator\4.2\PSoC Creator\psoc\content\CyComponentLibrary\CyComponentLibrary.cylib\CapSense_v2_0\Library\CapSense_Library_GCC_M4.a(CapSense_SmartSense_LL.o)
                0x100874b4                SmartSense_TunePrescalers
 .text.SmartSense_TuneSensitivity
                0x10087500       0x64 C:\Program Files (x86)\Cypress\PSoC Creator\4.2\PSoC Creator\psoc\content\CyComponentLibrary\CyComponentLibrary.cylib\CapSense_v2_0\Library\CapSense_Library_GCC_M4.a(CapSense_SmartSense_LL.o)
                0x10087500                SmartSense_TuneSensitivity
 .text.SmartSense_UpdateThresholds
                0x10087564       0x38 C:\Program Files (x86)\Cypress\PSoC Creator\4.2\PSoC Creator\psoc\content\CyComponentLibrary\CyComponentLibrary.cylib\CapSense_v2_0\Library\CapSense_Library_GCC_M4.a(CapSense_SmartSense_SL.o)
                0x10087564                SmartSense_UpdateThresholds
 .text.SmartSense_InitializeNoiseEnvelope
                0x1008759c       0x18 C:\Program Files (x86)\Cypress\PSoC Creator\4.2\PSoC Creator\psoc\content\CyComponentLibrary\CyComponentLibrary.cylib\CapSense_v2_0\Library\CapSense_Library_GCC_M4.a(CapSense_SmartSense_SL.o)
                0x1008759c                SmartSense_InitializeNoiseEnvelope
 .text.SmartSense_RunNoiseEnvelope
                0x100875b4       0x8a C:\Program Files (x86)\Cypress\PSoC Creator\4.2\PSoC Creator\psoc\content\CyComponentLibrary\CyComponentLibrary.cylib\CapSense_v2_0\Library\CapSense_Library_GCC_M4.a(CapSense_SmartSense_SL.o)
                0x100875b4                SmartSense_RunNoiseEnvelope
 *fill*         0x1008763e        0x2 
 .text          0x10087640      0x370 c:/program files (x86)/cypress/psoc creator/4.2/psoc creator/import/gnu/arm/5.4.1/bin/../lib/gcc/arm-none-eabi/5.4.1/armv7e-m/softfp\libgcc.a(_arm_addsubdf3.o)
                0x10087640                __aeabi_drsub
                0x10087648                __aeabi_dsub
                0x10087648                __subdf3
                0x1008764c                __aeabi_dadd
                0x1008764c                __adddf3
                0x100878c4                __floatunsidf
                0x100878c4                __aeabi_ui2d
                0x100878e4                __floatsidf
                0x100878e4                __aeabi_i2d
                0x10087908                __aeabi_f2d
                0x10087908                __extendsfdf2
                0x10087944                __floatundidf
                0x10087944                __aeabi_ul2d
                0x10087954                __floatdidf
                0x10087954                __aeabi_l2d
 .text          0x100879b0      0x424 c:/program files (x86)/cypress/psoc creator/4.2/psoc creator/import/gnu/arm/5.4.1/bin/../lib/gcc/arm-none-eabi/5.4.1/armv7e-m/softfp\libgcc.a(_arm_muldivdf3.o)
                0x100879b0                __aeabi_dmul
                0x100879b0                __muldf3
                0x10087c04                __divdf3
                0x10087c04                __aeabi_ddiv
 .text.memcpy   0x10087dd4       0x16 c:/program files (x86)/cypress/psoc creator/4.2/psoc creator/import/gnu/arm/5.4.1/bin/../lib/gcc/arm-none-eabi/5.4.1/../../../../arm-none-eabi/lib/armv7e-m/softfp\libg_nano.a(lib_a-memcpy-stub.o)
                0x10087dd4                memcpy
 .text.memset   0x10087dea       0x10 c:/program files (x86)/cypress/psoc creator/4.2/psoc creator/import/gnu/arm/5.4.1/bin/../lib/gcc/arm-none-eabi/5.4.1/../../../../arm-none-eabi/lib/armv7e-m/softfp\libg_nano.a(lib_a-memset.o)
                0x10087dea                memset
 .text.__cvt    0x10087dfa       0xc2 c:/program files (x86)/cypress/psoc creator/4.2/psoc creator/import/gnu/arm/5.4.1/bin/../lib/gcc/arm-none-eabi/5.4.1/../../../../arm-none-eabi/lib/armv7e-m/softfp\libg_nano.a(lib_a-nano-vfprintf_float.o)
                0x10087dfa                __cvt
 .text.__exponent
                0x10087ebc       0x60 c:/program files (x86)/cypress/psoc creator/4.2/psoc creator/import/gnu/arm/5.4.1/bin/../lib/gcc/arm-none-eabi/5.4.1/../../../../arm-none-eabi/lib/armv7e-m/softfp\libg_nano.a(lib_a-nano-vfprintf_float.o)
                0x10087ebc                __exponent
 .text._printf_float
                0x10087f1c      0x488 c:/program files (x86)/cypress/psoc creator/4.2/psoc creator/import/gnu/arm/5.4.1/bin/../lib/gcc/arm-none-eabi/5.4.1/../../../../arm-none-eabi/lib/armv7e-m/softfp\libg_nano.a(lib_a-nano-vfprintf_float.o)
                0x10087f1c                _printf_float
 .text._printf_common
                0x100883a4       0xec c:/program files (x86)/cypress/psoc creator/4.2/psoc creator/import/gnu/arm/5.4.1/bin/../lib/gcc/arm-none-eabi/5.4.1/../../../../arm-none-eabi/lib/armv7e-m/softfp\libg_nano.a(lib_a-nano-vfprintf_i.o)
                0x100883a4                _printf_common
 .text._printf_i
                0x10088490      0x24c c:/program files (x86)/cypress/psoc creator/4.2/psoc creator/import/gnu/arm/5.4.1/bin/../lib/gcc/arm-none-eabi/5.4.1/../../../../arm-none-eabi/lib/armv7e-m/softfp\libg_nano.a(lib_a-nano-vfprintf_i.o)
                0x10088490                _printf_i
 .text.printf   0x100886dc       0x30 c:/program files (x86)/cypress/psoc creator/4.2/psoc creator/import/gnu/arm/5.4.1/bin/../lib/gcc/arm-none-eabi/5.4.1/../../../../arm-none-eabi/lib/armv7e-m/softfp\libg_nano.a(lib_a-printf.o)
                0x100886dc                iprintf
                0x100886dc                printf
 .text._puts_r  0x1008870c       0xb4 c:/program files (x86)/cypress/psoc creator/4.2/psoc creator/import/gnu/arm/5.4.1/bin/../lib/gcc/arm-none-eabi/5.4.1/../../../../arm-none-eabi/lib/armv7e-m/softfp\libg_nano.a(lib_a-puts.o)
                0x1008870c                _puts_r
 .text.puts     0x100887c0       0x10 c:/program files (x86)/cypress/psoc creator/4.2/psoc creator/import/gnu/arm/5.4.1/bin/../lib/gcc/arm-none-eabi/5.4.1/../../../../arm-none-eabi/lib/armv7e-m/softfp\libg_nano.a(lib_a-puts.o)
                0x100887c0                puts
 .text.__srget_r
                0x100887d0       0x58 c:/program files (x86)/cypress/psoc creator/4.2/psoc creator/import/gnu/arm/5.4.1/bin/../lib/gcc/arm-none-eabi/5.4.1/../../../../arm-none-eabi/lib/armv7e-m/softfp\libg_nano.a(lib_a-rget.o)
                0x100887d0                __srget_r
 .text.setvbuf  0x10088828      0x154 c:/program files (x86)/cypress/psoc creator/4.2/psoc creator/import/gnu/arm/5.4.1/bin/../lib/gcc/arm-none-eabi/5.4.1/../../../../arm-none-eabi/lib/armv7e-m/softfp\libg_nano.a(lib_a-setvbuf.o)
                0x10088828                setvbuf
 .text          0x1008897c       0x10 c:/program files (x86)/cypress/psoc creator/4.2/psoc creator/import/gnu/arm/5.4.1/bin/../lib/gcc/arm-none-eabi/5.4.1/../../../../arm-none-eabi/lib/armv7e-m/softfp\libg_nano.a(lib_a-strlen.o)
                0x1008897c                strlen
 .text.strncpy  0x1008898c       0x26 c:/program files (x86)/cypress/psoc creator/4.2/psoc creator/import/gnu/arm/5.4.1/bin/../lib/gcc/arm-none-eabi/5.4.1/../../../../arm-none-eabi/lib/armv7e-m/softfp\libg_nano.a(lib_a-strncpy.o)
                0x1008898c                strncpy
 *fill*         0x100889b2        0x2 
 .text.__swbuf_r
                0x100889b4       0xa8 c:/program files (x86)/cypress/psoc creator/4.2/psoc creator/import/gnu/arm/5.4.1/bin/../lib/gcc/arm-none-eabi/5.4.1/../../../../arm-none-eabi/lib/armv7e-m/softfp\libg_nano.a(lib_a-wbuf.o)
                0x100889b4                __swbuf_r
 .text.__swsetup_r
                0x10088a5c       0xdc c:/program files (x86)/cypress/psoc creator/4.2/psoc creator/import/gnu/arm/5.4.1/bin/../lib/gcc/arm-none-eabi/5.4.1/../../../../arm-none-eabi/lib/armv7e-m/softfp\libg_nano.a(lib_a-wsetup.o)
                0x10088a5c                __swsetup_r
 .text.quorem   0x10088b38      0x11e c:/program files (x86)/cypress/psoc creator/4.2/psoc creator/import/gnu/arm/5.4.1/bin/../lib/gcc/arm-none-eabi/5.4.1/../../../../arm-none-eabi/lib/armv7e-m/softfp\libg_nano.a(lib_a-dtoa.o)
 *fill*         0x10088c56        0x2 
 .text._dtoa_r  0x10088c58      0xb38 c:/program files (x86)/cypress/psoc creator/4.2/psoc creator/import/gnu/arm/5.4.1/bin/../lib/gcc/arm-none-eabi/5.4.1/../../../../arm-none-eabi/lib/armv7e-m/softfp\libg_nano.a(lib_a-dtoa.o)
                0x10088c58                _dtoa_r
 .text.__sflush_r
                0x10089790      0x110 c:/program files (x86)/cypress/psoc creator/4.2/psoc creator/import/gnu/arm/5.4.1/bin/../lib/gcc/arm-none-eabi/5.4.1/../../../../arm-none-eabi/lib/armv7e-m/softfp\libg_nano.a(lib_a-fflush.o)
                0x10089790                __sflush_r
 .text._fflush_r
                0x100898a0       0x54 c:/program files (x86)/cypress/psoc creator/4.2/psoc creator/import/gnu/arm/5.4.1/bin/../lib/gcc/arm-none-eabi/5.4.1/../../../../arm-none-eabi/lib/armv7e-m/softfp\libg_nano.a(lib_a-fflush.o)
                0x100898a0                _fflush_r
 .text.fflush   0x100898f4       0x24 c:/program files (x86)/cypress/psoc creator/4.2/psoc creator/import/gnu/arm/5.4.1/bin/../lib/gcc/arm-none-eabi/5.4.1/../../../../arm-none-eabi/lib/armv7e-m/softfp\libg_nano.a(lib_a-fflush.o)
                0x100898f4                fflush
 .text._cleanup_r
                0x10089918        0xc c:/program files (x86)/cypress/psoc creator/4.2/psoc creator/import/gnu/arm/5.4.1/bin/../lib/gcc/arm-none-eabi/5.4.1/../../../../arm-none-eabi/lib/armv7e-m/softfp\libg_nano.a(lib_a-findfp.o)
                0x10089918                _cleanup_r
 .text.std.isra.0
                0x10089924       0x48 c:/program files (x86)/cypress/psoc creator/4.2/psoc creator/import/gnu/arm/5.4.1/bin/../lib/gcc/arm-none-eabi/5.4.1/../../../../arm-none-eabi/lib/armv7e-m/softfp\libg_nano.a(lib_a-findfp.o)
 .text.__sfmoreglue
                0x1008996c       0x2c c:/program files (x86)/cypress/psoc creator/4.2/psoc creator/import/gnu/arm/5.4.1/bin/../lib/gcc/arm-none-eabi/5.4.1/../../../../arm-none-eabi/lib/armv7e-m/softfp\libg_nano.a(lib_a-findfp.o)
                0x1008996c                __sfmoreglue
 .text.__sinit  0x10089998       0x60 c:/program files (x86)/cypress/psoc creator/4.2/psoc creator/import/gnu/arm/5.4.1/bin/../lib/gcc/arm-none-eabi/5.4.1/../../../../arm-none-eabi/lib/armv7e-m/softfp\libg_nano.a(lib_a-findfp.o)
                0x10089998                __sinit
 .text.__sfp    0x100899f8       0x78 c:/program files (x86)/cypress/psoc creator/4.2/psoc creator/import/gnu/arm/5.4.1/bin/../lib/gcc/arm-none-eabi/5.4.1/../../../../arm-none-eabi/lib/armv7e-m/softfp\libg_nano.a(lib_a-findfp.o)
                0x100899f8                __sfp
 .text._fwalk   0x10089a70       0x38 c:/program files (x86)/cypress/psoc creator/4.2/psoc creator/import/gnu/arm/5.4.1/bin/../lib/gcc/arm-none-eabi/5.4.1/../../../../arm-none-eabi/lib/armv7e-m/softfp\libg_nano.a(lib_a-fwalk.o)
                0x10089a70                _fwalk
 .text._fwalk_reent
                0x10089aa8       0x3c c:/program files (x86)/cypress/psoc creator/4.2/psoc creator/import/gnu/arm/5.4.1/bin/../lib/gcc/arm-none-eabi/5.4.1/../../../../arm-none-eabi/lib/armv7e-m/softfp\libg_nano.a(lib_a-fwalk.o)
                0x10089aa8                _fwalk_reent
 .text._localeconv_r
                0x10089ae4        0x8 c:/program files (x86)/cypress/psoc creator/4.2/psoc creator/import/gnu/arm/5.4.1/bin/../lib/gcc/arm-none-eabi/5.4.1/../../../../arm-none-eabi/lib/armv7e-m/softfp\libg_nano.a(lib_a-locale.o)
                0x10089ae4                _localeconv_r
 .text.__swhatbuf_r
                0x10089aec       0x46 c:/program files (x86)/cypress/psoc creator/4.2/psoc creator/import/gnu/arm/5.4.1/bin/../lib/gcc/arm-none-eabi/5.4.1/../../../../arm-none-eabi/lib/armv7e-m/softfp\libg_nano.a(lib_a-makebuf.o)
                0x10089aec                __swhatbuf_r
 *fill*         0x10089b32        0x2 
 .text.__smakebuf_r
                0x10089b34       0x78 c:/program files (x86)/cypress/psoc creator/4.2/psoc creator/import/gnu/arm/5.4.1/bin/../lib/gcc/arm-none-eabi/5.4.1/../../../../arm-none-eabi/lib/armv7e-m/softfp\libg_nano.a(lib_a-makebuf.o)
                0x10089b34                __smakebuf_r
 .text.malloc   0x10089bac       0x10 c:/program files (x86)/cypress/psoc creator/4.2/psoc creator/import/gnu/arm/5.4.1/bin/../lib/gcc/arm-none-eabi/5.4.1/../../../../arm-none-eabi/lib/armv7e-m/softfp\libg_nano.a(lib_a-malloc.o)
                0x10089bac                malloc
 *fill*         0x10089bbc        0x4 
 .text          0x10089bc0       0xa0 c:/program files (x86)/cypress/psoc creator/4.2/psoc creator/import/gnu/arm/5.4.1/bin/../lib/gcc/arm-none-eabi/5.4.1/../../../../arm-none-eabi/lib/armv7e-m/softfp\libg_nano.a(lib_a-memchr.o)
                0x10089bc0                memchr
 .text._Balloc  0x10089c60       0x6a c:/program files (x86)/cypress/psoc creator/4.2/psoc creator/import/gnu/arm/5.4.1/bin/../lib/gcc/arm-none-eabi/5.4.1/../../../../arm-none-eabi/lib/armv7e-m/softfp\libg_nano.a(lib_a-mprec.o)
                0x10089c60                _Balloc
 .text._Bfree   0x10089cca       0x2e c:/program files (x86)/cypress/psoc creator/4.2/psoc creator/import/gnu/arm/5.4.1/bin/../lib/gcc/arm-none-eabi/5.4.1/../../../../arm-none-eabi/lib/armv7e-m/softfp\libg_nano.a(lib_a-mprec.o)
                0x10089cca                _Bfree
 .text.__multadd
                0x10089cf8       0x76 c:/program files (x86)/cypress/psoc creator/4.2/psoc creator/import/gnu/arm/5.4.1/bin/../lib/gcc/arm-none-eabi/5.4.1/../../../../arm-none-eabi/lib/armv7e-m/softfp\libg_nano.a(lib_a-mprec.o)
                0x10089cf8                __multadd
 .text.__hi0bits
                0x10089d6e       0x40 c:/program files (x86)/cypress/psoc creator/4.2/psoc creator/import/gnu/arm/5.4.1/bin/../lib/gcc/arm-none-eabi/5.4.1/../../../../arm-none-eabi/lib/armv7e-m/softfp\libg_nano.a(lib_a-mprec.o)
                0x10089d6e                __hi0bits
 .text.__lo0bits
                0x10089dae       0x5a c:/program files (x86)/cypress/psoc creator/4.2/psoc creator/import/gnu/arm/5.4.1/bin/../lib/gcc/arm-none-eabi/5.4.1/../../../../arm-none-eabi/lib/armv7e-m/softfp\libg_nano.a(lib_a-mprec.o)
                0x10089dae                __lo0bits
 .text.__i2b    0x10089e08       0x12 c:/program files (x86)/cypress/psoc creator/4.2/psoc creator/import/gnu/arm/5.4.1/bin/../lib/gcc/arm-none-eabi/5.4.1/../../../../arm-none-eabi/lib/armv7e-m/softfp\libg_nano.a(lib_a-mprec.o)
                0x10089e08                __i2b
 .text.__multiply
                0x10089e1a      0x122 c:/program files (x86)/cypress/psoc creator/4.2/psoc creator/import/gnu/arm/5.4.1/bin/../lib/gcc/arm-none-eabi/5.4.1/../../../../arm-none-eabi/lib/armv7e-m/softfp\libg_nano.a(lib_a-mprec.o)
                0x10089e1a                __multiply
 .text.__pow5mult
                0x10089f3c       0x9c c:/program files (x86)/cypress/psoc creator/4.2/psoc creator/import/gnu/arm/5.4.1/bin/../lib/gcc/arm-none-eabi/5.4.1/../../../../arm-none-eabi/lib/armv7e-m/softfp\libg_nano.a(lib_a-mprec.o)
                0x10089f3c                __pow5mult
 .text.__lshift
                0x10089fd8       0xa2 c:/program files (x86)/cypress/psoc creator/4.2/psoc creator/import/gnu/arm/5.4.1/bin/../lib/gcc/arm-none-eabi/5.4.1/../../../../arm-none-eabi/lib/armv7e-m/softfp\libg_nano.a(lib_a-mprec.o)
                0x10089fd8                __lshift
 .text.__mcmp   0x1008a07a       0x38 c:/program files (x86)/cypress/psoc creator/4.2/psoc creator/import/gnu/arm/5.4.1/bin/../lib/gcc/arm-none-eabi/5.4.1/../../../../arm-none-eabi/lib/armv7e-m/softfp\libg_nano.a(lib_a-mprec.o)
                0x1008a07a                __mcmp
 .text.__mdiff  0x1008a0b2       0xbe c:/program files (x86)/cypress/psoc creator/4.2/psoc creator/import/gnu/arm/5.4.1/bin/../lib/gcc/arm-none-eabi/5.4.1/../../../../arm-none-eabi/lib/armv7e-m/softfp\libg_nano.a(lib_a-mprec.o)
                0x1008a0b2                __mdiff
 .text.__d2b    0x1008a170       0x9c c:/program files (x86)/cypress/psoc creator/4.2/psoc creator/import/gnu/arm/5.4.1/bin/../lib/gcc/arm-none-eabi/5.4.1/../../../../arm-none-eabi/lib/armv7e-m/softfp\libg_nano.a(lib_a-mprec.o)
                0x1008a170                __d2b
 .text._calloc_r
                0x1008a20c       0x1c c:/program files (x86)/cypress/psoc creator/4.2/psoc creator/import/gnu/arm/5.4.1/bin/../lib/gcc/arm-none-eabi/5.4.1/../../../../arm-none-eabi/lib/armv7e-m/softfp\libg_nano.a(lib_a-nano-callocr.o)
                0x1008a20c                _calloc_r
 .text._free_r  0x1008a228       0x9c c:/program files (x86)/cypress/psoc creator/4.2/psoc creator/import/gnu/arm/5.4.1/bin/../lib/gcc/arm-none-eabi/5.4.1/../../../../arm-none-eabi/lib/armv7e-m/softfp\libg_nano.a(lib_a-nano-freer.o)
                0x1008a228                _free_r
 .text._malloc_r
                0x1008a2c4       0xbc c:/program files (x86)/cypress/psoc creator/4.2/psoc creator/import/gnu/arm/5.4.1/bin/../lib/gcc/arm-none-eabi/5.4.1/../../../../arm-none-eabi/lib/armv7e-m/softfp\libg_nano.a(lib_a-nano-mallocr.o)
                0x1008a2c4                _malloc_r
 .text.__sfputc_r
                0x1008a380       0x30 c:/program files (x86)/cypress/psoc creator/4.2/psoc creator/import/gnu/arm/5.4.1/bin/../lib/gcc/arm-none-eabi/5.4.1/../../../../arm-none-eabi/lib/armv7e-m/softfp\libg_nano.a(lib_a-nano-vfprintf.o)
 .text.__sfputs_r
                0x1008a3b0       0x24 c:/program files (x86)/cypress/psoc creator/4.2/psoc creator/import/gnu/arm/5.4.1/bin/../lib/gcc/arm-none-eabi/5.4.1/../../../../arm-none-eabi/lib/armv7e-m/softfp\libg_nano.a(lib_a-nano-vfprintf.o)
                0x1008a3b0                __sfputs_r
 .text._vfprintf_r
                0x1008a3d4      0x238 c:/program files (x86)/cypress/psoc creator/4.2/psoc creator/import/gnu/arm/5.4.1/bin/../lib/gcc/arm-none-eabi/5.4.1/../../../../arm-none-eabi/lib/armv7e-m/softfp\libg_nano.a(lib_a-nano-vfprintf.o)
                0x1008a3d4                _vfprintf_r
                0x1008a3d4                _vfiprintf_r
 .text.lflush   0x1008a60c       0x12 c:/program files (x86)/cypress/psoc creator/4.2/psoc creator/import/gnu/arm/5.4.1/bin/../lib/gcc/arm-none-eabi/5.4.1/../../../../arm-none-eabi/lib/armv7e-m/softfp\libg_nano.a(lib_a-refill.o)
 *fill*         0x1008a61e        0x2 
 .text.__srefill_r
                0x1008a620      0x110 c:/program files (x86)/cypress/psoc creator/4.2/psoc creator/import/gnu/arm/5.4.1/bin/../lib/gcc/arm-none-eabi/5.4.1/../../../../arm-none-eabi/lib/armv7e-m/softfp\libg_nano.a(lib_a-refill.o)
                0x1008a620                __srefill_r
 .text._sbrk_r  0x1008a730       0x20 c:/program files (x86)/cypress/psoc creator/4.2/psoc creator/import/gnu/arm/5.4.1/bin/../lib/gcc/arm-none-eabi/5.4.1/../../../../arm-none-eabi/lib/armv7e-m/softfp\libg_nano.a(lib_a-sbrkr.o)
                0x1008a730                _sbrk_r
 .text.__sread  0x1008a750       0x22 c:/program files (x86)/cypress/psoc creator/4.2/psoc creator/import/gnu/arm/5.4.1/bin/../lib/gcc/arm-none-eabi/5.4.1/../../../../arm-none-eabi/lib/armv7e-m/softfp\libg_nano.a(lib_a-stdio.o)
                0x1008a750                __sread
 .text.__swrite
                0x1008a772       0x38 c:/program files (x86)/cypress/psoc creator/4.2/psoc creator/import/gnu/arm/5.4.1/bin/../lib/gcc/arm-none-eabi/5.4.1/../../../../arm-none-eabi/lib/armv7e-m/softfp\libg_nano.a(lib_a-stdio.o)
                0x1008a772                __swrite
 .text.__sseek  0x1008a7aa       0x24 c:/program files (x86)/cypress/psoc creator/4.2/psoc creator/import/gnu/arm/5.4.1/bin/../lib/gcc/arm-none-eabi/5.4.1/../../../../arm-none-eabi/lib/armv7e-m/softfp\libg_nano.a(lib_a-stdio.o)
                0x1008a7aa                __sseek
 .text.__sclose
                0x1008a7ce        0x8 c:/program files (x86)/cypress/psoc creator/4.2/psoc creator/import/gnu/arm/5.4.1/bin/../lib/gcc/arm-none-eabi/5.4.1/../../../../arm-none-eabi/lib/armv7e-m/softfp\libg_nano.a(lib_a-stdio.o)
                0x1008a7ce                __sclose
 *fill*         0x1008a7d6        0x2 
 .text._write_r
                0x1008a7d8       0x24 c:/program files (x86)/cypress/psoc creator/4.2/psoc creator/import/gnu/arm/5.4.1/bin/../lib/gcc/arm-none-eabi/5.4.1/../../../../arm-none-eabi/lib/armv7e-m/softfp\libg_nano.a(lib_a-writer.o)
                0x1008a7d8                _write_r
 .text._close_r
                0x1008a7fc       0x20 c:/program files (x86)/cypress/psoc creator/4.2/psoc creator/import/gnu/arm/5.4.1/bin/../lib/gcc/arm-none-eabi/5.4.1/../../../../arm-none-eabi/lib/armv7e-m/softfp\libg_nano.a(lib_a-closer.o)
                0x1008a7fc                _close_r
 .text._fstat_r
                0x1008a81c       0x24 c:/program files (x86)/cypress/psoc creator/4.2/psoc creator/import/gnu/arm/5.4.1/bin/../lib/gcc/arm-none-eabi/5.4.1/../../../../arm-none-eabi/lib/armv7e-m/softfp\libg_nano.a(lib_a-fstatr.o)
                0x1008a81c                _fstat_r
 .text._isatty_r
                0x1008a840       0x20 c:/program files (x86)/cypress/psoc creator/4.2/psoc creator/import/gnu/arm/5.4.1/bin/../lib/gcc/arm-none-eabi/5.4.1/../../../../arm-none-eabi/lib/armv7e-m/softfp\libg_nano.a(lib_a-isattyr.o)
                0x1008a840                _isatty_r
 .text._lseek_r
                0x1008a860       0x24 c:/program files (x86)/cypress/psoc creator/4.2/psoc creator/import/gnu/arm/5.4.1/bin/../lib/gcc/arm-none-eabi/5.4.1/../../../../arm-none-eabi/lib/armv7e-m/softfp\libg_nano.a(lib_a-lseekr.o)
                0x1008a860                _lseek_r
 .text.__malloc_lock
                0x1008a884        0x2 c:/program files (x86)/cypress/psoc creator/4.2/psoc creator/import/gnu/arm/5.4.1/bin/../lib/gcc/arm-none-eabi/5.4.1/../../../../arm-none-eabi/lib/armv7e-m/softfp\libg_nano.a(lib_a-mlock.o)
                0x1008a884                __malloc_lock
 .text.__malloc_unlock
                0x1008a886        0x2 c:/program files (x86)/cypress/psoc creator/4.2/psoc creator/import/gnu/arm/5.4.1/bin/../lib/gcc/arm-none-eabi/5.4.1/../../../../arm-none-eabi/lib/armv7e-m/softfp\libg_nano.a(lib_a-mlock.o)
                0x1008a886                __malloc_unlock
 .text._read_r  0x1008a888       0x24 c:/program files (x86)/cypress/psoc creator/4.2/psoc creator/import/gnu/arm/5.4.1/bin/../lib/gcc/arm-none-eabi/5.4.1/../../../../arm-none-eabi/lib/armv7e-m/softfp\libg_nano.a(lib_a-readr.o)
                0x1008a888                _read_r
 .text          0x1008a8ac      0x110 c:/program files (x86)/cypress/psoc creator/4.2/psoc creator/import/gnu/arm/5.4.1/bin/../lib/gcc/arm-none-eabi/5.4.1/armv7e-m/softfp\libgcc.a(_arm_cmpdf2.o)
                0x1008a8ac                __gtdf2
                0x1008a8ac                __gedf2
                0x1008a8b4                __ltdf2
                0x1008a8b4                __ledf2
                0x1008a8bc                __nedf2
                0x1008a8bc                __eqdf2
                0x1008a8bc                __cmpdf2
                0x1008a938                __aeabi_cdrcmple
                0x1008a948                __aeabi_cdcmpeq
                0x1008a948                __aeabi_cdcmple
                0x1008a958                __aeabi_dcmpeq
                0x1008a96c                __aeabi_dcmplt
                0x1008a980                __aeabi_dcmple
                0x1008a994                __aeabi_dcmpge
                0x1008a9a8                __aeabi_dcmpgt
 .text          0x1008a9bc       0x2c c:/program files (x86)/cypress/psoc creator/4.2/psoc creator/import/gnu/arm/5.4.1/bin/../lib/gcc/arm-none-eabi/5.4.1/armv7e-m/softfp\libgcc.a(_arm_unorddf2.o)
                0x1008a9bc                __unorddf2
                0x1008a9bc                __aeabi_dcmpun
 .text          0x1008a9e8       0x50 c:/program files (x86)/cypress/psoc creator/4.2/psoc creator/import/gnu/arm/5.4.1/bin/../lib/gcc/arm-none-eabi/5.4.1/armv7e-m/softfp\libgcc.a(_arm_fixdfsi.o)
                0x1008a9e8                __aeabi_d2iz
                0x1008a9e8                __fixdfsi
 .text._close   0x1008aa38       0x10 c:/program files (x86)/cypress/psoc creator/4.2/psoc creator/import/gnu/arm/5.4.1/bin/../lib/gcc/arm-none-eabi/5.4.1/../../../../arm-none-eabi/lib/armv7e-m/softfp\libnosys.a(close.o)
                0x1008aa38                _close
 .text._fstat   0x1008aa48       0x10 c:/program files (x86)/cypress/psoc creator/4.2/psoc creator/import/gnu/arm/5.4.1/bin/../lib/gcc/arm-none-eabi/5.4.1/../../../../arm-none-eabi/lib/armv7e-m/softfp\libnosys.a(fstat.o)
                0x1008aa48                _fstat
 .text._isatty  0x1008aa58       0x10 c:/program files (x86)/cypress/psoc creator/4.2/psoc creator/import/gnu/arm/5.4.1/bin/../lib/gcc/arm-none-eabi/5.4.1/../../../../arm-none-eabi/lib/armv7e-m/softfp\libnosys.a(isatty.o)
                0x1008aa58                _isatty
 .text._lseek   0x1008aa68       0x10 c:/program files (x86)/cypress/psoc creator/4.2/psoc creator/import/gnu/arm/5.4.1/bin/../lib/gcc/arm-none-eabi/5.4.1/../../../../arm-none-eabi/lib/armv7e-m/softfp\libnosys.a(lseek.o)
                0x1008aa68                _lseek
 .text._sbrk    0x1008aa78       0x1c c:/program files (x86)/cypress/psoc creator/4.2/psoc creator/import/gnu/arm/5.4.1/bin/../lib/gcc/arm-none-eabi/5.4.1/../../../../arm-none-eabi/lib/armv7e-m/softfp\libnosys.a(sbrk.o)
                0x1008aa78                _sbrk
 *(.init)
 .init          0x1008aa94        0x4 c:/program files (x86)/cypress/psoc creator/4.2/psoc creator/import/gnu/arm/5.4.1/bin/../lib/gcc/arm-none-eabi/5.4.1/armv7e-m/softfp/crti.o
                0x1008aa94                _init
 .init          0x1008aa98        0x8 c:/program files (x86)/cypress/psoc creator/4.2/psoc creator/import/gnu/arm/5.4.1/bin/../lib/gcc/arm-none-eabi/5.4.1/armv7e-m/softfp/crtn.o
 *(.fini)
 .fini          0x1008aaa0        0x4 c:/program files (x86)/cypress/psoc creator/4.2/psoc creator/import/gnu/arm/5.4.1/bin/../lib/gcc/arm-none-eabi/5.4.1/armv7e-m/softfp/crti.o
                0x1008aaa0                _fini
 .fini          0x1008aaa4        0x8 c:/program files (x86)/cypress/psoc creator/4.2/psoc creator/import/gnu/arm/5.4.1/bin/../lib/gcc/arm-none-eabi/5.4.1/armv7e-m/softfp/crtn.o
 *crtbegin.o(.ctors)
 *crtbegin?.o(.ctors)
 *(EXCLUDE_FILE(*crtend.o *crtend?.o) .ctors)
 *(SORT(.ctors.*))
 *(.ctors)
 *crtbegin.o(.dtors)
 *crtbegin?.o(.dtors)
 *(EXCLUDE_FILE(*crtend.o *crtend?.o) .dtors)
 *(SORT(.dtors.*))
 *(.dtors)
 *(.rodata .rodata.* .constdata .constdata.* .conststring .conststring.*)
 .rodata.str1.4
                0x1008aaac       0x52 .\CortexM4\ARM_GCC_541\Debug\main_cm4.o
 *fill*         0x1008aafe        0x2 
 .rodata.str1.4
                0x1008ab00       0xad .\CortexM4\ARM_GCC_541\Debug\uartTask.o
 *fill*         0x1008abad        0x3 
 .rodata.str1.4
                0x1008abb0       0xb3 .\CortexM4\ARM_GCC_541\Debug\pwmTask.o
                                 0xc3 (size before relaxing)
 *fill*         0x1008ac63        0x1 
 .rodata.str1.4
                0x1008ac64       0x3d .\CortexM4\ARM_GCC_541\Debug\motorTask.o
                                 0x41 (size before relaxing)
 *fill*         0x1008aca1        0x3 
 .rodata.str1.4
                0x1008aca4       0x27 .\CortexM4\ARM_GCC_541\Debug\ezI2CTask.o
                                 0x2a (size before relaxing)
 *fill*         0x1008accb        0x1 
 .rodata.str1.4
                0x1008accc       0x5e .\CortexM4\ARM_GCC_541\Debug\capSenseTask.o
                                 0x62 (size before relaxing)
 *fill*         0x1008ad2a        0x2 
 .rodata.str1.4
                0x1008ad2c       0xb8 .\CortexM4\ARM_GCC_541\Debug\servoSlaveCommTask.o
                                 0xbc (size before relaxing)
 .rodata        0x1008ade4       0x34 .\CortexM4\ARM_GCC_541\Debug\cy_ipc_config.o
 .rodata        0x1008ae18       0x20 .\CortexM4\ARM_GCC_541\Debug\cyfitter_sysint_cfg.o
                0x1008ae18                CapSense_ISR_cfg
                0x1008ae20                UART_SCB_IRQ_cfg
                0x1008ae28                EZI2C_SCB_IRQ_cfg
                0x1008ae30                I2C_ARD_SCB_IRQ_cfg
 .rodata        0x1008ae38       0x40 .\CortexM4\ARM_GCC_541\Debug\UART.o
                0x1008ae38                UART_config
 .rodata        0x1008ae78       0x64 .\CortexM4\ARM_GCC_541\Debug\PWM_1.o
                0x1008ae78                PWM_1_config
 .rodata        0x1008aedc       0x64 .\CortexM4\ARM_GCC_541\Debug\PWM_RED.o
                0x1008aedc                PWM_RED_config
 .rodata        0x1008af40        0x5 .\CortexM4\ARM_GCC_541\Debug\EZI2C.o
                0x1008af40                EZI2C_config
 *fill*         0x1008af45        0x3 
 .rodata        0x1008af48       0x64 .\CortexM4\ARM_GCC_541\Debug\LEDBlink.o
                0x1008af48                LEDBlink_config
 .rodata        0x1008afac       0x64 .\CortexM4\ARM_GCC_541\Debug\PWM_2.o
                0x1008afac                PWM_2_config
 .rodata.str1.4
                0x1008b010       0x41 .\CortexM4\ARM_GCC_541\Debug\cy_sysint.o
 *fill*         0x1008b051        0x3 
 .rodata.str1.4
                0x1008b054       0x7f .\CortexM4\ARM_GCC_541\Debug\cy_ipc_drv.o
 *fill*         0x1008b0d3        0x1 
 .rodata.str1.4
                0x1008b0d4       0x3f .\CortexM4\ARM_GCC_541\Debug\cy_ipc_sema.o
 *fill*         0x1008b113        0x1 
 .rodata.str1.4
                0x1008b114       0x40 .\CortexM4\ARM_GCC_541\Debug\cy_ipc_pipe.o
                                 0x7f (size before relaxing)
 .rodata.str1.4
                0x1008b154       0xc3 .\CortexM4\ARM_GCC_541\Debug\cy_scb_i2c.o
 *fill*         0x1008b217        0x1 
 .rodata.str1.4
                0x1008b218       0x41 .\CortexM4\ARM_GCC_541\Debug\cy_scb_ezi2c.o
                                 0x85 (size before relaxing)
 *fill*         0x1008b259        0x3 
 .rodata.str1.4
                0x1008b25c       0x80 .\CortexM4\ARM_GCC_541\Debug\cy_scb_uart.o
                                 0xc4 (size before relaxing)
 .rodata.str1.4
                0x1008b2dc       0x7d .\CortexM4\ARM_GCC_541\Debug\cy_gpio.o
 *fill*         0x1008b359        0x3 
 .rodata.str1.4
                0x1008b35c        0x5 .\CortexM4\ARM_GCC_541\Debug\tasks.o
 *fill*         0x1008b361        0x3 
 .rodata.str1.4
                0x1008b364       0x10 .\CortexM4\ARM_GCC_541\Debug\timers.o
 .rodata.str1.4
                0x1008b374       0x4f .\CortexM4\ARM_GCC_541\Debug\port.o
 *fill*         0x1008b3c3        0x1 
 .rodata.str1.4
                0x1008b3c4       0x2a .\CortexM4\ARM_GCC_541\Debug\CapSense_Control.o
 *fill*         0x1008b3ee        0x2 
 .rodata.str1.4