ARM GAS  C:\Users\Austina\AppData\Local\Temp\ccfD6dce.s 			page 1


   1              		.syntax unified
   2              		.cpu cortex-m4
   3              		.eabi_attribute 27, 1
   4              		.fpu fpv4-sp-d16
   5              		.eabi_attribute 20, 1
   6              		.eabi_attribute 21, 1
   7              		.eabi_attribute 23, 3
   8              		.eabi_attribute 24, 1
   9              		.eabi_attribute 25, 1
  10              		.eabi_attribute 26, 1
  11              		.eabi_attribute 30, 1
  12              		.eabi_attribute 34, 1
  13              		.eabi_attribute 18, 4
  14              		.thumb
  15              		.syntax unified
  16              		.file	"CapSense_TMG.c"
  17              		.text
  18              	.Ltext0:
  19              		.cfi_sections	.debug_frame
  20              		.section	.text.CapSense_TMG_DecodeAllGestures,"ax",%progbits
  21              		.align	2
  22              		.global	CapSense_TMG_DecodeAllGestures
  23              		.thumb
  24              		.thumb_func
  25              		.type	CapSense_TMG_DecodeAllGestures, %function
  26              	CapSense_TMG_DecodeAllGestures:
  27              	.LFB0:
  28              		.file 1 "Generated_Source\\PSoC6\\CapSense_TMG.c"
   1:Generated_Source\PSoC6/CapSense_TMG.c **** /*******************************************************************************
   2:Generated_Source\PSoC6/CapSense_TMG.c **** * File Name: CapSense_TMG.c
   3:Generated_Source\PSoC6/CapSense_TMG.c **** * Version 2.0
   4:Generated_Source\PSoC6/CapSense_TMG.c **** *
   5:Generated_Source\PSoC6/CapSense_TMG.c **** * Description:
   6:Generated_Source\PSoC6/CapSense_TMG.c **** *  This file provides the source code of the API for the CapSense TMG component.
   7:Generated_Source\PSoC6/CapSense_TMG.c **** *
   8:Generated_Source\PSoC6/CapSense_TMG.c **** ********************************************************************************
   9:Generated_Source\PSoC6/CapSense_TMG.c **** * Copyright 2014, Cypress Semiconductor Corporation.  All rights reserved.
  10:Generated_Source\PSoC6/CapSense_TMG.c **** * You may use this file only in accordance with the license, terms, conditions,
  11:Generated_Source\PSoC6/CapSense_TMG.c **** * disclaimers, and limitations in the end user license agreement accompanying
  12:Generated_Source\PSoC6/CapSense_TMG.c **** * the software package with which this file was provided.
  13:Generated_Source\PSoC6/CapSense_TMG.c **** *******************************************************************************/
  14:Generated_Source\PSoC6/CapSense_TMG.c **** 
  15:Generated_Source\PSoC6/CapSense_TMG.c **** #include "CapSense_TMG.h"
  16:Generated_Source\PSoC6/CapSense_TMG.c **** 
  17:Generated_Source\PSoC6/CapSense_TMG.c **** 
  18:Generated_Source\PSoC6/CapSense_TMG.c **** /*******************************************************************************
  19:Generated_Source\PSoC6/CapSense_TMG.c **** * Function Name: CapSense_TMG_DecodeAllGestures
  20:Generated_Source\PSoC6/CapSense_TMG.c **** ********************************************************************************
  21:Generated_Source\PSoC6/CapSense_TMG.c **** *
  22:Generated_Source\PSoC6/CapSense_TMG.c **** * Summary:
  23:Generated_Source\PSoC6/CapSense_TMG.c **** *  Decodes all enabled gestures in the customizer and returns the detected
  24:Generated_Source\PSoC6/CapSense_TMG.c **** *  gesture code.
  25:Generated_Source\PSoC6/CapSense_TMG.c **** *  CapSense_TMG_InitGestures and CapSense_TMG_TimerEnableInt has to be
  26:Generated_Source\PSoC6/CapSense_TMG.c **** *  called once prior calling this or any other API for gesture decoding.
  27:Generated_Source\PSoC6/CapSense_TMG.c **** *
  28:Generated_Source\PSoC6/CapSense_TMG.c **** * Parameters:
  29:Generated_Source\PSoC6/CapSense_TMG.c **** *  touchNumber: Number of fingers on the trackpad. Valid range 0-2.
ARM GAS  C:\Users\Austina\AppData\Local\Temp\ccfD6dce.s 			page 2


  30:Generated_Source\PSoC6/CapSense_TMG.c **** *  currentTimestamp : Current timestamp value.
  31:Generated_Source\PSoC6/CapSense_TMG.c **** *  pos: Pointer to structure with coordinates of touches.
  32:Generated_Source\PSoC6/CapSense_TMG.c **** *
  33:Generated_Source\PSoC6/CapSense_TMG.c **** * Return:
  34:Generated_Source\PSoC6/CapSense_TMG.c **** *  Detected gesture code.
  35:Generated_Source\PSoC6/CapSense_TMG.c **** *
  36:Generated_Source\PSoC6/CapSense_TMG.c **** *******************************************************************************/
  37:Generated_Source\PSoC6/CapSense_TMG.c **** uint32_t CapSense_TMG_DecodeAllGestures(uint32_t touchNumber, uint32_t currentTimestamp, const CapS
  38:Generated_Source\PSoC6/CapSense_TMG.c **** {
  29              		.loc 1 38 0
  30              		.cfi_startproc
  31              		@ args = 0, pretend = 0, frame = 0
  32              		@ frame_needed = 0, uses_anonymous_args = 0
  33              	.LVL0:
  34 0000 F8B5     		push	{r3, r4, r5, r6, r7, lr}
  35              		.cfi_def_cfa_offset 24
  36              		.cfi_offset 3, -24
  37              		.cfi_offset 4, -20
  38              		.cfi_offset 5, -16
  39              		.cfi_offset 6, -12
  40              		.cfi_offset 7, -8
  41              		.cfi_offset 14, -4
  42 0002 0E46     		mov	r6, r1
  43 0004 1746     		mov	r7, r2
  44              	.LVL1:
  39:Generated_Source\PSoC6/CapSense_TMG.c ****     uint32_t gestureID = CapSense_TMG_NO_GESTURE;
  40:Generated_Source\PSoC6/CapSense_TMG.c ****     #if(0u != CapSense_TMG_GESTURES_ENABLED)
  41:Generated_Source\PSoC6/CapSense_TMG.c ****         /* Variable for detected click gestures */
  42:Generated_Source\PSoC6/CapSense_TMG.c ****         uint32_t clickGesture = CapSense_TMG_NO_GESTURE;
  43:Generated_Source\PSoC6/CapSense_TMG.c **** 
  44:Generated_Source\PSoC6/CapSense_TMG.c ****         /* Variable for detected single touch gestures */
  45:Generated_Source\PSoC6/CapSense_TMG.c ****         uint32_t stGesture = CapSense_TMG_NO_GESTURE;
  46:Generated_Source\PSoC6/CapSense_TMG.c **** 
  47:Generated_Source\PSoC6/CapSense_TMG.c ****         /* Variable for detected double touch gestures */
  48:Generated_Source\PSoC6/CapSense_TMG.c ****         uint32_t dtGesture = CapSense_TMG_NO_GESTURE;
  49:Generated_Source\PSoC6/CapSense_TMG.c **** 
  50:Generated_Source\PSoC6/CapSense_TMG.c ****         #if (CapSense_TMG_ROTATE_ENABLED != 0u)
  51:Generated_Source\PSoC6/CapSense_TMG.c ****             static uint32_t rotationActive = 0u;
  52:Generated_Source\PSoC6/CapSense_TMG.c ****         #endif /* (CapSense_TMG_ROTATE_ENABLED != 0u) */
  53:Generated_Source\PSoC6/CapSense_TMG.c **** 
  54:Generated_Source\PSoC6/CapSense_TMG.c ****         #if (CapSense_TMG_EDGE_SWIPE_ENABLED != 0u)
  55:Generated_Source\PSoC6/CapSense_TMG.c ****             static uint32_t edgeTimeoutStamp = 0u;
  56:Generated_Source\PSoC6/CapSense_TMG.c ****             uint32_t deltaTimeoutStamp = 0u;
  57:Generated_Source\PSoC6/CapSense_TMG.c ****         #endif /* (CapSense_TMG_EDGE_SWIPE_ENABLED != 0u) */
  58:Generated_Source\PSoC6/CapSense_TMG.c **** 
  59:Generated_Source\PSoC6/CapSense_TMG.c ****         #if ((CapSense_TMG_EDGE_SWIPE_ENABLED == 1u) && ((CapSense_TMG_CLICKS_ENABLED == 1u) ||\
  60:Generated_Source\PSoC6/CapSense_TMG.c ****                                                              (CapSense_TMG_ST_SCROLLS_ENABLED == 1u
  61:Generated_Source\PSoC6/CapSense_TMG.c ****                                                              (CapSense_TMG_ROTATE_ENABLED == 1u)))
  62:Generated_Source\PSoC6/CapSense_TMG.c ****             static uint32_t edgeSwipeActive = 0u;
  63:Generated_Source\PSoC6/CapSense_TMG.c ****         #endif /* ((CapSense_TMG_EDGE_SWIPE_ENABLED == 1u) && ((CapSense_TMG_CLICKS_ENABLED == 1u) 
  64:Generated_Source\PSoC6/CapSense_TMG.c ****                                                                    (CapSense_TMG_ST_SCROLLS_ENABLED
  65:Generated_Source\PSoC6/CapSense_TMG.c ****                                                                    (CapSense_TMG_ROTATE_ENABLED == 
  66:Generated_Source\PSoC6/CapSense_TMG.c **** 
  67:Generated_Source\PSoC6/CapSense_TMG.c ****         #if ((CapSense_TMG_CLICKS_ENABLED == 1u) && ((CapSense_TMG_EDGE_SWIPE_ENABLED == 1u) ||\
  68:Generated_Source\PSoC6/CapSense_TMG.c ****                                                          (CapSense_TMG_ST_SCROLLS_ENABLED == 1u) ||
  69:Generated_Source\PSoC6/CapSense_TMG.c ****                                                          (CapSense_TMG_ROTATE_ENABLED == 1u)))
  70:Generated_Source\PSoC6/CapSense_TMG.c ****             static uint32_t clickAndDragActive = 0u;
ARM GAS  C:\Users\Austina\AppData\Local\Temp\ccfD6dce.s 			page 3


  71:Generated_Source\PSoC6/CapSense_TMG.c ****         #endif /* ((CapSense_TMG_CLICKS_ENABLED == 1u) && ((CapSense_TMG_EDGE_SWIPE_ENABLED == 1u) 
  72:Generated_Source\PSoC6/CapSense_TMG.c ****                                                                (CapSense_TMG_ST_SCROLLS_ENABLED == 
  73:Generated_Source\PSoC6/CapSense_TMG.c ****                                                                (CapSense_TMG_ROTATE_ENABLED == 1u))
  74:Generated_Source\PSoC6/CapSense_TMG.c **** 
  75:Generated_Source\PSoC6/CapSense_TMG.c ****         #if (CapSense_TMG_EDGE_SWIPE_ENABLED == 1u)
  76:Generated_Source\PSoC6/CapSense_TMG.c ****             uint32_t edgeSwipeGesture = CapSense_TMG_NO_GESTURE;
  77:Generated_Source\PSoC6/CapSense_TMG.c ****         #endif /* (CapSense_TMG_EDGE_SWIPE_ENABLED == 1u) */
  78:Generated_Source\PSoC6/CapSense_TMG.c **** 
  79:Generated_Source\PSoC6/CapSense_TMG.c ****         #if ((CapSense_TMG_CLICKS_ENABLED != 0u) || (CapSense_TMG_EDGE_SWIPE_ENABLED != 0u))
  80:Generated_Source\PSoC6/CapSense_TMG.c ****             clickGesture = Gesture_DecodeAllClickGestures((uint8_t)touchNumber, currentTimestamp, p
  45              		.loc 1 80 0
  46 0006 C4B2     		uxtb	r4, r0
  47 0008 2046     		mov	r0, r4
  48              	.LVL2:
  49 000a FFF7FEFF 		bl	Gesture_DecodeAllClickGestures
  50              	.LVL3:
  51 000e 0546     		mov	r5, r0
  52              	.LVL4:
  81:Generated_Source\PSoC6/CapSense_TMG.c ****         #endif /* ((CapSense_TMG_CLICKS_ENABLED != 0u) || (CapSense_TMG_EDGE_SWIPE_ENABLED != 0u)) 
  82:Generated_Source\PSoC6/CapSense_TMG.c **** 
  83:Generated_Source\PSoC6/CapSense_TMG.c ****         #if (CapSense_TMG_CLICKS_ENABLED != 0u)
  84:Generated_Source\PSoC6/CapSense_TMG.c ****             gestureID = clickGesture;
  85:Generated_Source\PSoC6/CapSense_TMG.c ****             #if ((CapSense_TMG_EDGE_SWIPE_ENABLED == 1u) || (CapSense_TMG_ST_SCROLLS_ENABLED == 1u)
  86:Generated_Source\PSoC6/CapSense_TMG.c ****             if (clickGesture == CapSense_TMG_CLICK_AND_DRAG)
  87:Generated_Source\PSoC6/CapSense_TMG.c ****             {
  88:Generated_Source\PSoC6/CapSense_TMG.c ****                 clickAndDragActive = 1u;
  89:Generated_Source\PSoC6/CapSense_TMG.c ****             }
  90:Generated_Source\PSoC6/CapSense_TMG.c ****             #endif /* ((CapSense_TMG_CLICKS_ENABLED == 1u) || (CapSense_TMG_ST_SCROLLS_ENABLED == 1
  91:Generated_Source\PSoC6/CapSense_TMG.c ****         #endif /* (CapSense_TMG_CLICKS_ENABLED != 0u) */
  92:Generated_Source\PSoC6/CapSense_TMG.c **** 
  93:Generated_Source\PSoC6/CapSense_TMG.c ****         #if (CapSense_TMG_ROTATE_ENABLED == 1u)
  94:Generated_Source\PSoC6/CapSense_TMG.c ****             stGesture = Gesture_DecodeSTRotateGestures((uint8_t)touchNumber, currentTimestamp, pos)
  95:Generated_Source\PSoC6/CapSense_TMG.c **** 
  96:Generated_Source\PSoC6/CapSense_TMG.c ****             #if ((CapSense_TMG_EDGE_SWIPE_ENABLED == 1u) || (CapSense_TMG_CLICKS_ENABLED == 1u))
  97:Generated_Source\PSoC6/CapSense_TMG.c ****                 #if ((CapSense_TMG_EDGE_SWIPE_ENABLED == 1u) && (CapSense_TMG_CLICKS_ENABLED == 1u)
  98:Generated_Source\PSoC6/CapSense_TMG.c ****                     if ((clickAndDragActive == 1u) || (edgeSwipeActive == 1u))
  99:Generated_Source\PSoC6/CapSense_TMG.c ****                 #elif (CapSense_TMG_CLICKS_ENABLED == 1u)
 100:Generated_Source\PSoC6/CapSense_TMG.c ****                     if (clickAndDragActive == 1u)
 101:Generated_Source\PSoC6/CapSense_TMG.c ****                 #elif (CapSense_TMG_EDGE_SWIPE_ENABLED == 1u)
 102:Generated_Source\PSoC6/CapSense_TMG.c ****                     if (edgeSwipeActive == 1u)
 103:Generated_Source\PSoC6/CapSense_TMG.c ****                 #endif /* ((CapSense_TMG_EDGE_SWIPE_ENABLED == 1u) && (CapSense_TMG_CLICKS_ENABLED 
 104:Generated_Source\PSoC6/CapSense_TMG.c ****                 {
 105:Generated_Source\PSoC6/CapSense_TMG.c ****                     stGesture = CapSense_TMG_NO_GESTURE;
 106:Generated_Source\PSoC6/CapSense_TMG.c ****                 }
 107:Generated_Source\PSoC6/CapSense_TMG.c ****             #endif /* ((CapSense_TMG_EDGE_SWIPE_ENABLED == 1u) || (CapSense_TMG_CLICKS_ENABLED == 1
 108:Generated_Source\PSoC6/CapSense_TMG.c ****             if ((stGesture == CapSense_TMG_ROTATE_CW) || (stGesture == CapSense_TMG_ROTATE_CCW))
 109:Generated_Source\PSoC6/CapSense_TMG.c ****             {
 110:Generated_Source\PSoC6/CapSense_TMG.c ****                 rotationActive = CapSense_TMG_ROTATE_TO_OTHER_DEBOUNCE;
 111:Generated_Source\PSoC6/CapSense_TMG.c ****             }
 112:Generated_Source\PSoC6/CapSense_TMG.c ****             else
 113:Generated_Source\PSoC6/CapSense_TMG.c ****             {
 114:Generated_Source\PSoC6/CapSense_TMG.c ****                 if (rotationActive > 0u)
 115:Generated_Source\PSoC6/CapSense_TMG.c ****                 {
 116:Generated_Source\PSoC6/CapSense_TMG.c ****                     rotationActive--;
 117:Generated_Source\PSoC6/CapSense_TMG.c ****                 }
 118:Generated_Source\PSoC6/CapSense_TMG.c ****             }
 119:Generated_Source\PSoC6/CapSense_TMG.c **** 
ARM GAS  C:\Users\Austina\AppData\Local\Temp\ccfD6dce.s 			page 4


 120:Generated_Source\PSoC6/CapSense_TMG.c ****             if (((stGesture == CapSense_TMG_NO_GESTURE)||(stGesture == CapSense_TMG_TOUCHDOWN) \
 121:Generated_Source\PSoC6/CapSense_TMG.c ****                                             ||(stGesture == CapSense_TMG_LIFT_OFF))&&(rotationActiv
 122:Generated_Source\PSoC6/CapSense_TMG.c ****         #else
 123:Generated_Source\PSoC6/CapSense_TMG.c ****             if ((stGesture == CapSense_TMG_NO_GESTURE)||(stGesture == CapSense_TMG_TOUCHDOWN) \
 124:Generated_Source\PSoC6/CapSense_TMG.c ****                                             ||(stGesture == CapSense_TMG_LIFT_OFF))
 125:Generated_Source\PSoC6/CapSense_TMG.c ****         #endif /* (CapSense_TMG_ROTATE_ENABLED == 1u) */
 126:Generated_Source\PSoC6/CapSense_TMG.c ****         {
 127:Generated_Source\PSoC6/CapSense_TMG.c ****             #if (CapSense_TMG_ST_SCROLLS_ENABLED == 1u)
 128:Generated_Source\PSoC6/CapSense_TMG.c ****                 #if ((CapSense_TMG_EDGE_SWIPE_ENABLED == 1u) && (CapSense_TMG_CLICKS_ENABLED == 1u)
 129:Generated_Source\PSoC6/CapSense_TMG.c ****                     if ((clickAndDragActive == 0u)&&(edgeSwipeActive == 0u))
 130:Generated_Source\PSoC6/CapSense_TMG.c ****                 #elif (CapSense_TMG_CLICKS_ENABLED == 1u)
 131:Generated_Source\PSoC6/CapSense_TMG.c ****                     if (clickAndDragActive == 0u)
 132:Generated_Source\PSoC6/CapSense_TMG.c ****                 #elif (CapSense_TMG_EDGE_SWIPE_ENABLED == 1u)
 133:Generated_Source\PSoC6/CapSense_TMG.c ****                     if (edgeSwipeActive == 0u)
 134:Generated_Source\PSoC6/CapSense_TMG.c ****                 #else
 135:Generated_Source\PSoC6/CapSense_TMG.c ****                     if (1u == 1u)
 136:Generated_Source\PSoC6/CapSense_TMG.c ****                 #endif /* ((CapSense_TMG_EDGE_SWIPE_ENABLED == 1u) && (CapSense_TMG_CLICKS_ENABLED 
 137:Generated_Source\PSoC6/CapSense_TMG.c ****                 {
 138:Generated_Source\PSoC6/CapSense_TMG.c ****                     stGesture = Gesture_DecodeSTScrollGestures((uint8_t)touchNumber, currentTimesta
 139:Generated_Source\PSoC6/CapSense_TMG.c ****                 }
 140:Generated_Source\PSoC6/CapSense_TMG.c ****             #elif (CapSense_TMG_FLICKS_ENABLED == 1u)
 141:Generated_Source\PSoC6/CapSense_TMG.c ****                 stGesture = Gesture_DecodeFlickGestures((uint8_t)touchNumber, currentTimestamp, pos
  53              		.loc 1 141 0
  54 0010 3A46     		mov	r2, r7
  55 0012 3146     		mov	r1, r6
  56 0014 2046     		mov	r0, r4
  57              	.LVL5:
  58 0016 FFF7FEFF 		bl	Gesture_DecodeFlickGestures
  59              	.LVL6:
 142:Generated_Source\PSoC6/CapSense_TMG.c ****             #endif /* (CapSense_TMG_ST_SCROLLS_ENABLED == 1u) */
 143:Generated_Source\PSoC6/CapSense_TMG.c ****         }
 144:Generated_Source\PSoC6/CapSense_TMG.c **** 
 145:Generated_Source\PSoC6/CapSense_TMG.c ****         #if (CapSense_TMG_EDGE_SWIPE_ENABLED == 1u)
 146:Generated_Source\PSoC6/CapSense_TMG.c ****             edgeSwipeGesture = Gesture_DecodeEdgeSwipeGestures((uint8_t)touchNumber, currentTimesta
 147:Generated_Source\PSoC6/CapSense_TMG.c **** 
 148:Generated_Source\PSoC6/CapSense_TMG.c ****             #if (CapSense_TMG_ROTATE_ENABLED == 1u)
 149:Generated_Source\PSoC6/CapSense_TMG.c ****                 if (((edgeSwipeGesture != CapSense_TMG_NO_GESTURE) && \
 150:Generated_Source\PSoC6/CapSense_TMG.c ****                     (edgeSwipeGesture != CapSense_TMG_TOUCHDOWN) && (edgeSwipeGesture != CapSense_T
 151:Generated_Source\PSoC6/CapSense_TMG.c ****                                                                                             && (rot
 152:Generated_Source\PSoC6/CapSense_TMG.c ****             #else
 153:Generated_Source\PSoC6/CapSense_TMG.c ****                 if ((edgeSwipeGesture != CapSense_TMG_NO_GESTURE) && \
 154:Generated_Source\PSoC6/CapSense_TMG.c ****                     (edgeSwipeGesture != CapSense_TMG_TOUCHDOWN) && (edgeSwipeGesture != CapSense_T
 155:Generated_Source\PSoC6/CapSense_TMG.c ****             #endif /* (CapSense_TMG_ROTATE_ENABLED == 1u) */
 156:Generated_Source\PSoC6/CapSense_TMG.c ****             {
 157:Generated_Source\PSoC6/CapSense_TMG.c ****                 stGesture = edgeSwipeGesture;
 158:Generated_Source\PSoC6/CapSense_TMG.c ****                 #if ((CapSense_TMG_EDGE_SWIPE_ENABLED == 1u) && ((CapSense_TMG_CLICKS_ENABLED == 1u
 159:Generated_Source\PSoC6/CapSense_TMG.c ****                                                                      (CapSense_TMG_ST_SCROLLS_ENABL
 160:Generated_Source\PSoC6/CapSense_TMG.c ****                                                                      (CapSense_TMG_ROTATE_ENABLED =
 161:Generated_Source\PSoC6/CapSense_TMG.c ****                     edgeSwipeActive = 1u;
 162:Generated_Source\PSoC6/CapSense_TMG.c ****                 #endif /* ((CapSense_TMG_EDGE_SWIPE_ENABLED == 1u) && ((CapSense_TMG_CLICKS_ENABLED
 163:Generated_Source\PSoC6/CapSense_TMG.c ****                                                                            (CapSense_TMG_ST_SCROLLS
 164:Generated_Source\PSoC6/CapSense_TMG.c ****                                                                            (CapSense_TMG_ROTATE_ENA
 165:Generated_Source\PSoC6/CapSense_TMG.c ****             }
 166:Generated_Source\PSoC6/CapSense_TMG.c ****         #endif /* (CapSense_TMG_EDGE_SWIPE_ENABLED == 1u) */
 167:Generated_Source\PSoC6/CapSense_TMG.c **** 
 168:Generated_Source\PSoC6/CapSense_TMG.c ****         if ((stGesture != CapSense_TMG_NO_GESTURE)&&(stGesture != CapSense_TMG_TOUCHDOWN) \
  60              		.loc 1 168 0
ARM GAS  C:\Users\Austina\AppData\Local\Temp\ccfD6dce.s 			page 5


  61 001a 20B1     		cbz	r0, .L2
  62              		.loc 1 168 0 is_stmt 0 discriminator 1
  63 001c 2F28     		cmp	r0, #47
  64 001e 02D0     		beq	.L2
 169:Generated_Source\PSoC6/CapSense_TMG.c ****                                             &&(stGesture != CapSense_TMG_LIFT_OFF))
  65              		.loc 1 169 0 is_stmt 1
  66 0020 4F28     		cmp	r0, #79
  67 0022 00D0     		beq	.L2
 170:Generated_Source\PSoC6/CapSense_TMG.c ****         {
 171:Generated_Source\PSoC6/CapSense_TMG.c ****             gestureID = stGesture;
  68              		.loc 1 171 0
  69 0024 0546     		mov	r5, r0
  70              	.LVL7:
  71              	.L2:
 172:Generated_Source\PSoC6/CapSense_TMG.c ****         }
 173:Generated_Source\PSoC6/CapSense_TMG.c ****         else if ((clickGesture == CapSense_TMG_TOUCHDOWN) || (clickGesture == CapSense_TMG_LIFT_OFF
 174:Generated_Source\PSoC6/CapSense_TMG.c ****         {
 175:Generated_Source\PSoC6/CapSense_TMG.c ****             #if(CapSense_TMG_CLICKS_ENABLED != 0u)
 176:Generated_Source\PSoC6/CapSense_TMG.c ****                 gestureID = clickGesture;
 177:Generated_Source\PSoC6/CapSense_TMG.c ****             #else
 178:Generated_Source\PSoC6/CapSense_TMG.c ****                 gestureID = CapSense_TMG_NO_GESTURE;
 179:Generated_Source\PSoC6/CapSense_TMG.c ****             #endif /* (CapSense_TMG_CLICKS_ENABLED != 0u) */
 180:Generated_Source\PSoC6/CapSense_TMG.c ****         }
 181:Generated_Source\PSoC6/CapSense_TMG.c ****         else
 182:Generated_Source\PSoC6/CapSense_TMG.c ****         {
 183:Generated_Source\PSoC6/CapSense_TMG.c ****             /* Do not change gestureID */
 184:Generated_Source\PSoC6/CapSense_TMG.c ****         }
 185:Generated_Source\PSoC6/CapSense_TMG.c **** 
 186:Generated_Source\PSoC6/CapSense_TMG.c ****         dtGesture = CapSense_TMG_DecodeZoomGestures(touchNumber, currentTimestamp, pos);
 187:Generated_Source\PSoC6/CapSense_TMG.c ****         if ((dtGesture == CapSense_TMG_NO_GESTURE) || (dtGesture == CapSense_TMG_TOUCHDOWN) \
 188:Generated_Source\PSoC6/CapSense_TMG.c ****                                             || (dtGesture == CapSense_TMG_LIFT_OFF))
 189:Generated_Source\PSoC6/CapSense_TMG.c ****         {
 190:Generated_Source\PSoC6/CapSense_TMG.c ****             dtGesture = CapSense_TMG_DecodeDTScrollGestures(touchNumber, currentTimestamp, pos);
 191:Generated_Source\PSoC6/CapSense_TMG.c ****         }
 192:Generated_Source\PSoC6/CapSense_TMG.c ****         else
 193:Generated_Source\PSoC6/CapSense_TMG.c ****         {
 194:Generated_Source\PSoC6/CapSense_TMG.c ****             (void)CapSense_TMG_DecodeDTScrollGestures(touchNumber, currentTimestamp, pos);
 195:Generated_Source\PSoC6/CapSense_TMG.c ****         }
 196:Generated_Source\PSoC6/CapSense_TMG.c **** 
 197:Generated_Source\PSoC6/CapSense_TMG.c ****         if ((dtGesture != CapSense_TMG_NO_GESTURE) && (dtGesture != CapSense_TMG_TOUCHDOWN) \
 198:Generated_Source\PSoC6/CapSense_TMG.c ****                                             && (dtGesture != CapSense_TMG_LIFT_OFF))
 199:Generated_Source\PSoC6/CapSense_TMG.c ****         {
 200:Generated_Source\PSoC6/CapSense_TMG.c ****             gestureID = dtGesture;
 201:Generated_Source\PSoC6/CapSense_TMG.c ****         }
 202:Generated_Source\PSoC6/CapSense_TMG.c **** 
 203:Generated_Source\PSoC6/CapSense_TMG.c ****         #if (CapSense_TMG_EDGE_SWIPE_ENABLED != 0u)
 204:Generated_Source\PSoC6/CapSense_TMG.c ****             if((gestureID >= CapSense_TMG_EDGE_SWIPE_LEFT)&&(gestureID <= CapSense_TMG_EDGE_SWIPE_B
 205:Generated_Source\PSoC6/CapSense_TMG.c ****             {
 206:Generated_Source\PSoC6/CapSense_TMG.c ****                 edgeTimeoutStamp = currentTimestamp;
 207:Generated_Source\PSoC6/CapSense_TMG.c ****             }
 208:Generated_Source\PSoC6/CapSense_TMG.c ****         #endif /* (CapSense_TMG_EDGE_SWIPE_ENABLED != 0u) */
 209:Generated_Source\PSoC6/CapSense_TMG.c **** 
 210:Generated_Source\PSoC6/CapSense_TMG.c ****         if ((clickGesture == CapSense_TMG_LIFT_OFF) || (clickGesture == CapSense_TMG_TOUCHDOWN) || 
 211:Generated_Source\PSoC6/CapSense_TMG.c ****                 (gestureID == CapSense_TMG_NO_GESTURE))
 212:Generated_Source\PSoC6/CapSense_TMG.c ****         {
 213:Generated_Source\PSoC6/CapSense_TMG.c ****             #if ((CapSense_TMG_CLICKS_ENABLED == 1u) && ((CapSense_TMG_EDGE_SWIPE_ENABLED == 1u) ||
 214:Generated_Source\PSoC6/CapSense_TMG.c ****                                                              (CapSense_TMG_ST_SCROLLS_ENABLED == 1u
ARM GAS  C:\Users\Austina\AppData\Local\Temp\ccfD6dce.s 			page 6


 215:Generated_Source\PSoC6/CapSense_TMG.c ****                                                              (CapSense_TMG_ROTATE_ENABLED == 1u)))
 216:Generated_Source\PSoC6/CapSense_TMG.c ****                 if(0u != clickAndDragActive)
 217:Generated_Source\PSoC6/CapSense_TMG.c ****                 {
 218:Generated_Source\PSoC6/CapSense_TMG.c ****                     clickAndDragActive = 0u;
 219:Generated_Source\PSoC6/CapSense_TMG.c ****                 }
 220:Generated_Source\PSoC6/CapSense_TMG.c ****             #endif /* ((CapSense_TMG_CLICKS_ENABLED == 1u) && ((CapSense_TMG_EDGE_SWIPE_ENABLED == 
 221:Generated_Source\PSoC6/CapSense_TMG.c ****                                                                    (CapSense_TMG_ST_SCROLLS_ENABLED
 222:Generated_Source\PSoC6/CapSense_TMG.c ****                                                                    (CapSense_TMG_ROTATE_ENABLED == 
 223:Generated_Source\PSoC6/CapSense_TMG.c **** 
 224:Generated_Source\PSoC6/CapSense_TMG.c ****             #if (CapSense_TMG_EDGE_SWIPE_ENABLED != 0u)
 225:Generated_Source\PSoC6/CapSense_TMG.c ****             deltaTimeoutStamp = currentTimestamp - edgeTimeoutStamp;
 226:Generated_Source\PSoC6/CapSense_TMG.c ****             if ((clickGesture == CapSense_TMG_LIFT_OFF) || (deltaTimeoutStamp >= CapSense_TMG_EDGE_
 227:Generated_Source\PSoC6/CapSense_TMG.c ****             {
 228:Generated_Source\PSoC6/CapSense_TMG.c ****                 edgeTimeoutStamp = 0u;
 229:Generated_Source\PSoC6/CapSense_TMG.c ****                 #if ((CapSense_TMG_EDGE_SWIPE_ENABLED == 1u) && ((CapSense_TMG_CLICKS_ENABLED == 1u
 230:Generated_Source\PSoC6/CapSense_TMG.c ****                                                                             (CapSense_TMG_ST_SCROLL
 231:Generated_Source\PSoC6/CapSense_TMG.c ****                     if(0u != edgeSwipeActive)
 232:Generated_Source\PSoC6/CapSense_TMG.c ****                     {
 233:Generated_Source\PSoC6/CapSense_TMG.c ****                         edgeSwipeActive = 0u;
 234:Generated_Source\PSoC6/CapSense_TMG.c ****                     }
 235:Generated_Source\PSoC6/CapSense_TMG.c **** 
 236:Generated_Source\PSoC6/CapSense_TMG.c ****                 #endif /* ((CapSense_TMG_EDGE_SWIPE_ENABLED == 1u) && ((CapSense_TMG_CLICKS_ENABLED
 237:Generated_Source\PSoC6/CapSense_TMG.c ****                                                                             (CapSense_TMG_ST_SCROLL
 238:Generated_Source\PSoC6/CapSense_TMG.c ****             }
 239:Generated_Source\PSoC6/CapSense_TMG.c ****             #endif /* (CapSense_TMG_EDGE_SWIPE_ENABLED != 0u) */
 240:Generated_Source\PSoC6/CapSense_TMG.c ****         }
 241:Generated_Source\PSoC6/CapSense_TMG.c ****     #endif /* (0u != CapSense_TMG_GESTURES_ENABLED) */
 242:Generated_Source\PSoC6/CapSense_TMG.c **** 
 243:Generated_Source\PSoC6/CapSense_TMG.c ****     return (gestureID);
 244:Generated_Source\PSoC6/CapSense_TMG.c **** }
  72              		.loc 1 244 0
  73 0026 2846     		mov	r0, r5
  74              	.LVL8:
  75 0028 F8BD     		pop	{r3, r4, r5, r6, r7, pc}
  76              		.cfi_endproc
  77              	.LFE0:
  78              		.size	CapSense_TMG_DecodeAllGestures, .-CapSense_TMG_DecodeAllGestures
  79 002a 00BF     		.section	.text.CapSense_TMG_BallisticsMultiplier,"ax",%progbits
  80              		.align	2
  81              		.global	CapSense_TMG_BallisticsMultiplier
  82              		.thumb
  83              		.thumb_func
  84              		.type	CapSense_TMG_BallisticsMultiplier, %function
  85              	CapSense_TMG_BallisticsMultiplier:
  86              	.LFB1:
 245:Generated_Source\PSoC6/CapSense_TMG.c **** 
 246:Generated_Source\PSoC6/CapSense_TMG.c **** 
 247:Generated_Source\PSoC6/CapSense_TMG.c **** /*******************************************************************************
 248:Generated_Source\PSoC6/CapSense_TMG.c **** * Function Name: CapSense_TMG_ballisticsMultiplier
 249:Generated_Source\PSoC6/CapSense_TMG.c **** ********************************************************************************
 250:Generated_Source\PSoC6/CapSense_TMG.c **** *
 251:Generated_Source\PSoC6/CapSense_TMG.c **** * Summary:
 252:Generated_Source\PSoC6/CapSense_TMG.c **** *  This API is to run the ballistic Multiplier.
 253:Generated_Source\PSoC6/CapSense_TMG.c **** *  CapSense_TMG_TimerEnableInt has to be called once prior calling this API.
 254:Generated_Source\PSoC6/CapSense_TMG.c **** *
 255:Generated_Source\PSoC6/CapSense_TMG.c **** * Parameters:
 256:Generated_Source\PSoC6/CapSense_TMG.c **** *   ballisticMultiplier: Pointer to the structure which contains API parameters.
ARM GAS  C:\Users\Austina\AppData\Local\Temp\ccfD6dce.s 			page 7


 257:Generated_Source\PSoC6/CapSense_TMG.c **** *   currentTimestamp : Current timestamp value.
 258:Generated_Source\PSoC6/CapSense_TMG.c **** *   pos: Pointer to dX and dY coordinates.
 259:Generated_Source\PSoC6/CapSense_TMG.c **** *
 260:Generated_Source\PSoC6/CapSense_TMG.c **** * Return:
 261:Generated_Source\PSoC6/CapSense_TMG.c **** *  None
 262:Generated_Source\PSoC6/CapSense_TMG.c **** *
 263:Generated_Source\PSoC6/CapSense_TMG.c **** * Global Variables:
 264:Generated_Source\PSoC6/CapSense_TMG.c **** *  None
 265:Generated_Source\PSoC6/CapSense_TMG.c **** *
 266:Generated_Source\PSoC6/CapSense_TMG.c **** *******************************************************************************/
 267:Generated_Source\PSoC6/CapSense_TMG.c **** void CapSense_TMG_BallisticsMultiplier(const CapSense_TMG_BALLISTIC_MULT * ballisticMultiplier, uin
 268:Generated_Source\PSoC6/CapSense_TMG.c **** {
  87              		.loc 1 268 0
  88              		.cfi_startproc
  89              		@ args = 0, pretend = 0, frame = 0
  90              		@ frame_needed = 0, uses_anonymous_args = 0
  91              		@ link register save eliminated.
  92              	.LVL9:
  93 0000 7047     		bx	lr
  94              		.cfi_endproc
  95              	.LFE1:
  96              		.size	CapSense_TMG_BallisticsMultiplier, .-CapSense_TMG_BallisticsMultiplier
  97 0002 00BF     		.text
  98              	.Letext0:
  99              		.file 2 "c:\\program files (x86)\\cypress\\psoc creator\\4.2\\psoc creator\\import\\gnu\\arm\\5.4.
 100              		.file 3 "c:\\program files (x86)\\cypress\\psoc creator\\4.2\\psoc creator\\import\\gnu\\arm\\5.4.
 101              		.file 4 "Generated_Source\\PSoC6\\CapSense_TMG.h"
 102              		.section	.debug_info,"",%progbits
 103              	.Ldebug_info0:
 104 0000 81020000 		.4byte	0x281
 105 0004 0400     		.2byte	0x4
 106 0006 00000000 		.4byte	.Ldebug_abbrev0
 107 000a 04       		.byte	0x4
 108 000b 01       		.uleb128 0x1
 109 000c 21000000 		.4byte	.LASF33
 110 0010 0C       		.byte	0xc
 111 0011 53010000 		.4byte	.LASF34
 112 0015 F2000000 		.4byte	.LASF35
 113 0019 00000000 		.4byte	.Ldebug_ranges0+0
 114 001d 00000000 		.4byte	0
 115 0021 00000000 		.4byte	.Ldebug_line0
 116 0025 02       		.uleb128 0x2
 117 0026 01       		.byte	0x1
 118 0027 06       		.byte	0x6
 119 0028 E3010000 		.4byte	.LASF0
 120 002c 03       		.uleb128 0x3
 121 002d AF010000 		.4byte	.LASF2
 122 0031 02       		.byte	0x2
 123 0032 1D       		.byte	0x1d
 124 0033 37000000 		.4byte	0x37
 125 0037 02       		.uleb128 0x2
 126 0038 01       		.byte	0x1
 127 0039 08       		.byte	0x8
 128 003a D5010000 		.4byte	.LASF1
 129 003e 03       		.uleb128 0x3
 130 003f F6020000 		.4byte	.LASF3
 131 0043 02       		.byte	0x2
ARM GAS  C:\Users\Austina\AppData\Local\Temp\ccfD6dce.s 			page 8


 132 0044 29       		.byte	0x29
 133 0045 49000000 		.4byte	0x49
 134 0049 02       		.uleb128 0x2
 135 004a 02       		.byte	0x2
 136 004b 05       		.byte	0x5
 137 004c 00000000 		.4byte	.LASF4
 138 0050 03       		.uleb128 0x3
 139 0051 DF000000 		.4byte	.LASF5
 140 0055 02       		.byte	0x2
 141 0056 2B       		.byte	0x2b
 142 0057 5B000000 		.4byte	0x5b
 143 005b 02       		.uleb128 0x2
 144 005c 02       		.byte	0x2
 145 005d 07       		.byte	0x7
 146 005e 6E020000 		.4byte	.LASF6
 147 0062 02       		.uleb128 0x2
 148 0063 04       		.byte	0x4
 149 0064 05       		.byte	0x5
 150 0065 87010000 		.4byte	.LASF7
 151 0069 03       		.uleb128 0x3
 152 006a D4000000 		.4byte	.LASF8
 153 006e 02       		.byte	0x2
 154 006f 41       		.byte	0x41
 155 0070 74000000 		.4byte	0x74
 156 0074 02       		.uleb128 0x2
 157 0075 04       		.byte	0x4
 158 0076 07       		.byte	0x7
 159 0077 B0020000 		.4byte	.LASF9
 160 007b 02       		.uleb128 0x2
 161 007c 08       		.byte	0x8
 162 007d 05       		.byte	0x5
 163 007e 79010000 		.4byte	.LASF10
 164 0082 02       		.uleb128 0x2
 165 0083 08       		.byte	0x8
 166 0084 07       		.byte	0x7
 167 0085 EF010000 		.4byte	.LASF11
 168 0089 04       		.uleb128 0x4
 169 008a 04       		.byte	0x4
 170 008b 05       		.byte	0x5
 171 008c 696E7400 		.ascii	"int\000"
 172 0090 02       		.uleb128 0x2
 173 0091 04       		.byte	0x4
 174 0092 07       		.byte	0x7
 175 0093 1A020000 		.4byte	.LASF12
 176 0097 03       		.uleb128 0x3
 177 0098 EA000000 		.4byte	.LASF13
 178 009c 03       		.byte	0x3
 179 009d 18       		.byte	0x18
 180 009e 2C000000 		.4byte	0x2c
 181 00a2 03       		.uleb128 0x3
 182 00a3 8B020000 		.4byte	.LASF14
 183 00a7 03       		.byte	0x3
 184 00a8 20       		.byte	0x20
 185 00a9 3E000000 		.4byte	0x3e
 186 00ad 03       		.uleb128 0x3
 187 00ae 27020000 		.4byte	.LASF15
 188 00b2 03       		.byte	0x3
ARM GAS  C:\Users\Austina\AppData\Local\Temp\ccfD6dce.s 			page 9


 189 00b3 24       		.byte	0x24
 190 00b4 50000000 		.4byte	0x50
 191 00b8 03       		.uleb128 0x3
 192 00b9 06020000 		.4byte	.LASF16
 193 00bd 03       		.byte	0x3
 194 00be 30       		.byte	0x30
 195 00bf 69000000 		.4byte	0x69
 196 00c3 05       		.uleb128 0x5
 197 00c4 06       		.byte	0x6
 198 00c5 04       		.byte	0x4
 199 00c6 F801     		.2byte	0x1f8
 200 00c8 1B010000 		.4byte	0x11b
 201 00cc 06       		.uleb128 0x6
 202 00cd D9020000 		.4byte	.LASF17
 203 00d1 04       		.byte	0x4
 204 00d2 FB01     		.2byte	0x1fb
 205 00d4 97000000 		.4byte	0x97
 206 00d8 00       		.byte	0
 207 00d9 06       		.uleb128 0x6
 208 00da 0F020000 		.4byte	.LASF18
 209 00de 04       		.byte	0x4
 210 00df FD01     		.2byte	0x1fd
 211 00e1 97000000 		.4byte	0x97
 212 00e5 01       		.byte	0x1
 213 00e6 06       		.uleb128 0x6
 214 00e7 33030000 		.4byte	.LASF19
 215 00eb 04       		.byte	0x4
 216 00ec FF01     		.2byte	0x1ff
 217 00ee 97000000 		.4byte	0x97
 218 00f2 02       		.byte	0x2
 219 00f3 06       		.uleb128 0x6
 220 00f4 14000000 		.4byte	.LASF20
 221 00f8 04       		.byte	0x4
 222 00f9 0102     		.2byte	0x201
 223 00fb 97000000 		.4byte	0x97
 224 00ff 03       		.byte	0x3
 225 0100 06       		.uleb128 0x6
 226 0101 3E030000 		.4byte	.LASF21
 227 0105 04       		.byte	0x4
 228 0106 0302     		.2byte	0x203
 229 0108 97000000 		.4byte	0x97
 230 010c 04       		.byte	0x4
 231 010d 06       		.uleb128 0x6
 232 010e 4E030000 		.4byte	.LASF22
 233 0112 04       		.byte	0x4
 234 0113 0502     		.2byte	0x205
 235 0115 97000000 		.4byte	0x97
 236 0119 05       		.byte	0x5
 237 011a 00       		.byte	0
 238 011b 07       		.uleb128 0x7
 239 011c B9010000 		.4byte	.LASF23
 240 0120 04       		.byte	0x4
 241 0121 0602     		.2byte	0x206
 242 0123 C3000000 		.4byte	0xc3
 243 0127 05       		.uleb128 0x5
 244 0128 04       		.byte	0x4
 245 0129 04       		.byte	0x4
ARM GAS  C:\Users\Austina\AppData\Local\Temp\ccfD6dce.s 			page 10


 246 012a 0C02     		.2byte	0x20c
 247 012c 47010000 		.4byte	0x147
 248 0130 08       		.uleb128 0x8
 249 0131 7800     		.ascii	"x\000"
 250 0133 04       		.byte	0x4
 251 0134 0D02     		.2byte	0x20d
 252 0136 AD000000 		.4byte	0xad
 253 013a 00       		.byte	0
 254 013b 08       		.uleb128 0x8
 255 013c 7900     		.ascii	"y\000"
 256 013e 04       		.byte	0x4
 257 013f 0E02     		.2byte	0x20e
 258 0141 AD000000 		.4byte	0xad
 259 0145 02       		.byte	0x2
 260 0146 00       		.byte	0
 261 0147 07       		.uleb128 0x7
 262 0148 93020000 		.4byte	.LASF24
 263 014c 04       		.byte	0x4
 264 014d 0F02     		.2byte	0x20f
 265 014f 27010000 		.4byte	0x127
 266 0153 09       		.uleb128 0x9
 267 0154 90010000 		.4byte	.LASF36
 268 0158 01       		.byte	0x1
 269 0159 25       		.byte	0x25
 270 015a B8000000 		.4byte	0xb8
 271 015e 00000000 		.4byte	.LFB0
 272 0162 2A000000 		.4byte	.LFE0-.LFB0
 273 0166 01       		.uleb128 0x1
 274 0167 9C       		.byte	0x9c
 275 0168 0F020000 		.4byte	0x20f
 276 016c 0A       		.uleb128 0xa
 277 016d D9020000 		.4byte	.LASF17
 278 0171 01       		.byte	0x1
 279 0172 25       		.byte	0x25
 280 0173 B8000000 		.4byte	0xb8
 281 0177 00000000 		.4byte	.LLST0
 282 017b 0A       		.uleb128 0xa
 283 017c E5020000 		.4byte	.LASF25
 284 0180 01       		.byte	0x1
 285 0181 25       		.byte	0x25
 286 0182 B8000000 		.4byte	0xb8
 287 0186 21000000 		.4byte	.LLST1
 288 018a 0B       		.uleb128 0xb
 289 018b 706F7300 		.ascii	"pos\000"
 290 018f 01       		.byte	0x1
 291 0190 25       		.byte	0x25
 292 0191 0F020000 		.4byte	0x20f
 293 0195 3F000000 		.4byte	.LLST2
 294 0199 0C       		.uleb128 0xc
 295 019a CF020000 		.4byte	.LASF26
 296 019e 01       		.byte	0x1
 297 019f 27       		.byte	0x27
 298 01a0 B8000000 		.4byte	0xb8
 299 01a4 5D000000 		.4byte	.LLST3
 300 01a8 0C       		.uleb128 0xc
 301 01a9 C2020000 		.4byte	.LASF27
 302 01ad 01       		.byte	0x1
ARM GAS  C:\Users\Austina\AppData\Local\Temp\ccfD6dce.s 			page 11


 303 01ae 2A       		.byte	0x2a
 304 01af B8000000 		.4byte	0xb8
 305 01b3 87000000 		.4byte	.LLST4
 306 01b7 0C       		.uleb128 0xc
 307 01b8 81020000 		.4byte	.LASF28
 308 01bc 01       		.byte	0x1
 309 01bd 2D       		.byte	0x2d
 310 01be B8000000 		.4byte	0xb8
 311 01c2 B1000000 		.4byte	.LLST5
 312 01c6 0D       		.uleb128 0xd
 313 01c7 0A000000 		.4byte	.LASF29
 314 01cb 01       		.byte	0x1
 315 01cc 30       		.byte	0x30
 316 01cd B8000000 		.4byte	0xb8
 317 01d1 00       		.byte	0
 318 01d2 0E       		.uleb128 0xe
 319 01d3 0E000000 		.4byte	.LVL3
 320 01d7 6C020000 		.4byte	0x26c
 321 01db F2010000 		.4byte	0x1f2
 322 01df 0F       		.uleb128 0xf
 323 01e0 01       		.uleb128 0x1
 324 01e1 50       		.byte	0x50
 325 01e2 02       		.uleb128 0x2
 326 01e3 74       		.byte	0x74
 327 01e4 00       		.sleb128 0
 328 01e5 0F       		.uleb128 0xf
 329 01e6 01       		.uleb128 0x1
 330 01e7 51       		.byte	0x51
 331 01e8 02       		.uleb128 0x2
 332 01e9 76       		.byte	0x76
 333 01ea 00       		.sleb128 0
 334 01eb 0F       		.uleb128 0xf
 335 01ec 01       		.uleb128 0x1
 336 01ed 52       		.byte	0x52
 337 01ee 02       		.uleb128 0x2
 338 01ef 77       		.byte	0x77
 339 01f0 00       		.sleb128 0
 340 01f1 00       		.byte	0
 341 01f2 10       		.uleb128 0x10
 342 01f3 1A000000 		.4byte	.LVL6
 343 01f7 78020000 		.4byte	0x278
 344 01fb 0F       		.uleb128 0xf
 345 01fc 01       		.uleb128 0x1
 346 01fd 50       		.byte	0x50
 347 01fe 02       		.uleb128 0x2
 348 01ff 74       		.byte	0x74
 349 0200 00       		.sleb128 0
 350 0201 0F       		.uleb128 0xf
 351 0202 01       		.uleb128 0x1
 352 0203 51       		.byte	0x51
 353 0204 02       		.uleb128 0x2
 354 0205 76       		.byte	0x76
 355 0206 00       		.sleb128 0
 356 0207 0F       		.uleb128 0xf
 357 0208 01       		.uleb128 0x1
 358 0209 52       		.byte	0x52
 359 020a 02       		.uleb128 0x2
ARM GAS  C:\Users\Austina\AppData\Local\Temp\ccfD6dce.s 			page 12


 360 020b 77       		.byte	0x77
 361 020c 00       		.sleb128 0
 362 020d 00       		.byte	0
 363 020e 00       		.byte	0
 364 020f 11       		.uleb128 0x11
 365 0210 04       		.byte	0x4
 366 0211 15020000 		.4byte	0x215
 367 0215 12       		.uleb128 0x12
 368 0216 47010000 		.4byte	0x147
 369 021a 13       		.uleb128 0x13
 370 021b 4C020000 		.4byte	.LASF37
 371 021f 01       		.byte	0x1
 372 0220 0B01     		.2byte	0x10b
 373 0222 00000000 		.4byte	.LFB1
 374 0226 02000000 		.4byte	.LFE1-.LFB1
 375 022a 01       		.uleb128 0x1
 376 022b 9C       		.byte	0x9c
 377 022c 5B020000 		.4byte	0x25b
 378 0230 14       		.uleb128 0x14
 379 0231 00030000 		.4byte	.LASF30
 380 0235 01       		.byte	0x1
 381 0236 0B01     		.2byte	0x10b
 382 0238 5B020000 		.4byte	0x25b
 383 023c 01       		.uleb128 0x1
 384 023d 50       		.byte	0x50
 385 023e 14       		.uleb128 0x14
 386 023f E5020000 		.4byte	.LASF25
 387 0243 01       		.byte	0x1
 388 0244 0B01     		.2byte	0x10b
 389 0246 B8000000 		.4byte	0xb8
 390 024a 01       		.uleb128 0x1
 391 024b 51       		.byte	0x51
 392 024c 15       		.uleb128 0x15
 393 024d 706F7300 		.ascii	"pos\000"
 394 0251 01       		.byte	0x1
 395 0252 0B01     		.2byte	0x10b
 396 0254 66020000 		.4byte	0x266
 397 0258 01       		.uleb128 0x1
 398 0259 52       		.byte	0x52
 399 025a 00       		.byte	0
 400 025b 11       		.uleb128 0x11
 401 025c 04       		.byte	0x4
 402 025d 61020000 		.4byte	0x261
 403 0261 12       		.uleb128 0x12
 404 0262 1B010000 		.4byte	0x11b
 405 0266 11       		.uleb128 0x11
 406 0267 04       		.byte	0x4
 407 0268 A2000000 		.4byte	0xa2
 408 026c 16       		.uleb128 0x16
 409 026d 14030000 		.4byte	.LASF31
 410 0271 14030000 		.4byte	.LASF31
 411 0275 04       		.byte	0x4
 412 0276 9002     		.2byte	0x290
 413 0278 16       		.uleb128 0x16
 414 0279 30020000 		.4byte	.LASF32
 415 027d 30020000 		.4byte	.LASF32
 416 0281 04       		.byte	0x4
ARM GAS  C:\Users\Austina\AppData\Local\Temp\ccfD6dce.s 			page 13


 417 0282 A502     		.2byte	0x2a5
 418 0284 00       		.byte	0
 419              		.section	.debug_abbrev,"",%progbits
 420              	.Ldebug_abbrev0:
 421 0000 01       		.uleb128 0x1
 422 0001 11       		.uleb128 0x11
 423 0002 01       		.byte	0x1
 424 0003 25       		.uleb128 0x25
 425 0004 0E       		.uleb128 0xe
 426 0005 13       		.uleb128 0x13
 427 0006 0B       		.uleb128 0xb
 428 0007 03       		.uleb128 0x3
 429 0008 0E       		.uleb128 0xe
 430 0009 1B       		.uleb128 0x1b
 431 000a 0E       		.uleb128 0xe
 432 000b 55       		.uleb128 0x55
 433 000c 17       		.uleb128 0x17
 434 000d 11       		.uleb128 0x11
 435 000e 01       		.uleb128 0x1
 436 000f 10       		.uleb128 0x10
 437 0010 17       		.uleb128 0x17
 438 0011 00       		.byte	0
 439 0012 00       		.byte	0
 440 0013 02       		.uleb128 0x2
 441 0014 24       		.uleb128 0x24
 442 0015 00       		.byte	0
 443 0016 0B       		.uleb128 0xb
 444 0017 0B       		.uleb128 0xb
 445 0018 3E       		.uleb128 0x3e
 446 0019 0B       		.uleb128 0xb
 447 001a 03       		.uleb128 0x3
 448 001b 0E       		.uleb128 0xe
 449 001c 00       		.byte	0
 450 001d 00       		.byte	0
 451 001e 03       		.uleb128 0x3
 452 001f 16       		.uleb128 0x16
 453 0020 00       		.byte	0
 454 0021 03       		.uleb128 0x3
 455 0022 0E       		.uleb128 0xe
 456 0023 3A       		.uleb128 0x3a
 457 0024 0B       		.uleb128 0xb
 458 0025 3B       		.uleb128 0x3b
 459 0026 0B       		.uleb128 0xb
 460 0027 49       		.uleb128 0x49
 461 0028 13       		.uleb128 0x13
 462 0029 00       		.byte	0
 463 002a 00       		.byte	0
 464 002b 04       		.uleb128 0x4
 465 002c 24       		.uleb128 0x24
 466 002d 00       		.byte	0
 467 002e 0B       		.uleb128 0xb
 468 002f 0B       		.uleb128 0xb
 469 0030 3E       		.uleb128 0x3e
 470 0031 0B       		.uleb128 0xb
 471 0032 03       		.uleb128 0x3
 472 0033 08       		.uleb128 0x8
 473 0034 00       		.byte	0
ARM GAS  C:\Users\Austina\AppData\Local\Temp\ccfD6dce.s 			page 14


 474 0035 00       		.byte	0
 475 0036 05       		.uleb128 0x5
 476 0037 13       		.uleb128 0x13
 477 0038 01       		.byte	0x1
 478 0039 0B       		.uleb128 0xb
 479 003a 0B       		.uleb128 0xb
 480 003b 3A       		.uleb128 0x3a
 481 003c 0B       		.uleb128 0xb
 482 003d 3B       		.uleb128 0x3b
 483 003e 05       		.uleb128 0x5
 484 003f 01       		.uleb128 0x1
 485 0040 13       		.uleb128 0x13
 486 0041 00       		.byte	0
 487 0042 00       		.byte	0
 488 0043 06       		.uleb128 0x6
 489 0044 0D       		.uleb128 0xd
 490 0045 00       		.byte	0
 491 0046 03       		.uleb128 0x3
 492 0047 0E       		.uleb128 0xe
 493 0048 3A       		.uleb128 0x3a
 494 0049 0B       		.uleb128 0xb
 495 004a 3B       		.uleb128 0x3b
 496 004b 05       		.uleb128 0x5
 497 004c 49       		.uleb128 0x49
 498 004d 13       		.uleb128 0x13
 499 004e 38       		.uleb128 0x38
 500 004f 0B       		.uleb128 0xb
 501 0050 00       		.byte	0
 502 0051 00       		.byte	0
 503 0052 07       		.uleb128 0x7
 504 0053 16       		.uleb128 0x16
 505 0054 00       		.byte	0
 506 0055 03       		.uleb128 0x3
 507 0056 0E       		.uleb128 0xe
 508 0057 3A       		.uleb128 0x3a
 509 0058 0B       		.uleb128 0xb
 510 0059 3B       		.uleb128 0x3b
 511 005a 05       		.uleb128 0x5
 512 005b 49       		.uleb128 0x49
 513 005c 13       		.uleb128 0x13
 514 005d 00       		.byte	0
 515 005e 00       		.byte	0
 516 005f 08       		.uleb128 0x8
 517 0060 0D       		.uleb128 0xd
 518 0061 00       		.byte	0
 519 0062 03       		.uleb128 0x3
 520 0063 08       		.uleb128 0x8
 521 0064 3A       		.uleb128 0x3a
 522 0065 0B       		.uleb128 0xb
 523 0066 3B       		.uleb128 0x3b
 524 0067 05       		.uleb128 0x5
 525 0068 49       		.uleb128 0x49
 526 0069 13       		.uleb128 0x13
 527 006a 38       		.uleb128 0x38
 528 006b 0B       		.uleb128 0xb
 529 006c 00       		.byte	0
 530 006d 00       		.byte	0
ARM GAS  C:\Users\Austina\AppData\Local\Temp\ccfD6dce.s 			page 15


 531 006e 09       		.uleb128 0x9
 532 006f 2E       		.uleb128 0x2e
 533 0070 01       		.byte	0x1
 534 0071 3F       		.uleb128 0x3f
 535 0072 19       		.uleb128 0x19
 536 0073 03       		.uleb128 0x3
 537 0074 0E       		.uleb128 0xe
 538 0075 3A       		.uleb128 0x3a
 539 0076 0B       		.uleb128 0xb
 540 0077 3B       		.uleb128 0x3b
 541 0078 0B       		.uleb128 0xb
 542 0079 27       		.uleb128 0x27
 543 007a 19       		.uleb128 0x19
 544 007b 49       		.uleb128 0x49
 545 007c 13       		.uleb128 0x13
 546 007d 11       		.uleb128 0x11
 547 007e 01       		.uleb128 0x1
 548 007f 12       		.uleb128 0x12
 549 0080 06       		.uleb128 0x6
 550 0081 40       		.uleb128 0x40
 551 0082 18       		.uleb128 0x18
 552 0083 9742     		.uleb128 0x2117
 553 0085 19       		.uleb128 0x19
 554 0086 01       		.uleb128 0x1
 555 0087 13       		.uleb128 0x13
 556 0088 00       		.byte	0
 557 0089 00       		.byte	0
 558 008a 0A       		.uleb128 0xa
 559 008b 05       		.uleb128 0x5
 560 008c 00       		.byte	0
 561 008d 03       		.uleb128 0x3
 562 008e 0E       		.uleb128 0xe
 563 008f 3A       		.uleb128 0x3a
 564 0090 0B       		.uleb128 0xb
 565 0091 3B       		.uleb128 0x3b
 566 0092 0B       		.uleb128 0xb
 567 0093 49       		.uleb128 0x49
 568 0094 13       		.uleb128 0x13
 569 0095 02       		.uleb128 0x2
 570 0096 17       		.uleb128 0x17
 571 0097 00       		.byte	0
 572 0098 00       		.byte	0
 573 0099 0B       		.uleb128 0xb
 574 009a 05       		.uleb128 0x5
 575 009b 00       		.byte	0
 576 009c 03       		.uleb128 0x3
 577 009d 08       		.uleb128 0x8
 578 009e 3A       		.uleb128 0x3a
 579 009f 0B       		.uleb128 0xb
 580 00a0 3B       		.uleb128 0x3b
 581 00a1 0B       		.uleb128 0xb
 582 00a2 49       		.uleb128 0x49
 583 00a3 13       		.uleb128 0x13
 584 00a4 02       		.uleb128 0x2
 585 00a5 17       		.uleb128 0x17
 586 00a6 00       		.byte	0
 587 00a7 00       		.byte	0
ARM GAS  C:\Users\Austina\AppData\Local\Temp\ccfD6dce.s 			page 16


 588 00a8 0C       		.uleb128 0xc
 589 00a9 34       		.uleb128 0x34
 590 00aa 00       		.byte	0
 591 00ab 03       		.uleb128 0x3
 592 00ac 0E       		.uleb128 0xe
 593 00ad 3A       		.uleb128 0x3a
 594 00ae 0B       		.uleb128 0xb
 595 00af 3B       		.uleb128 0x3b
 596 00b0 0B       		.uleb128 0xb
 597 00b1 49       		.uleb128 0x49
 598 00b2 13       		.uleb128 0x13
 599 00b3 02       		.uleb128 0x2
 600 00b4 17       		.uleb128 0x17
 601 00b5 00       		.byte	0
 602 00b6 00       		.byte	0
 603 00b7 0D       		.uleb128 0xd
 604 00b8 34       		.uleb128 0x34
 605 00b9 00       		.byte	0
 606 00ba 03       		.uleb128 0x3
 607 00bb 0E       		.uleb128 0xe
 608 00bc 3A       		.uleb128 0x3a
 609 00bd 0B       		.uleb128 0xb
 610 00be 3B       		.uleb128 0x3b
 611 00bf 0B       		.uleb128 0xb
 612 00c0 49       		.uleb128 0x49
 613 00c1 13       		.uleb128 0x13
 614 00c2 1C       		.uleb128 0x1c
 615 00c3 0B       		.uleb128 0xb
 616 00c4 00       		.byte	0
 617 00c5 00       		.byte	0
 618 00c6 0E       		.uleb128 0xe
 619 00c7 898201   		.uleb128 0x4109
 620 00ca 01       		.byte	0x1
 621 00cb 11       		.uleb128 0x11
 622 00cc 01       		.uleb128 0x1
 623 00cd 31       		.uleb128 0x31
 624 00ce 13       		.uleb128 0x13
 625 00cf 01       		.uleb128 0x1
 626 00d0 13       		.uleb128 0x13
 627 00d1 00       		.byte	0
 628 00d2 00       		.byte	0
 629 00d3 0F       		.uleb128 0xf
 630 00d4 8A8201   		.uleb128 0x410a
 631 00d7 00       		.byte	0
 632 00d8 02       		.uleb128 0x2
 633 00d9 18       		.uleb128 0x18
 634 00da 9142     		.uleb128 0x2111
 635 00dc 18       		.uleb128 0x18
 636 00dd 00       		.byte	0
 637 00de 00       		.byte	0
 638 00df 10       		.uleb128 0x10
 639 00e0 898201   		.uleb128 0x4109
 640 00e3 01       		.byte	0x1
 641 00e4 11       		.uleb128 0x11
 642 00e5 01       		.uleb128 0x1
 643 00e6 31       		.uleb128 0x31
 644 00e7 13       		.uleb128 0x13
ARM GAS  C:\Users\Austina\AppData\Local\Temp\ccfD6dce.s 			page 17


 645 00e8 00       		.byte	0
 646 00e9 00       		.byte	0
 647 00ea 11       		.uleb128 0x11
 648 00eb 0F       		.uleb128 0xf
 649 00ec 00       		.byte	0
 650 00ed 0B       		.uleb128 0xb
 651 00ee 0B       		.uleb128 0xb
 652 00ef 49       		.uleb128 0x49
 653 00f0 13       		.uleb128 0x13
 654 00f1 00       		.byte	0
 655 00f2 00       		.byte	0
 656 00f3 12       		.uleb128 0x12
 657 00f4 26       		.uleb128 0x26
 658 00f5 00       		.byte	0
 659 00f6 49       		.uleb128 0x49
 660 00f7 13       		.uleb128 0x13
 661 00f8 00       		.byte	0
 662 00f9 00       		.byte	0
 663 00fa 13       		.uleb128 0x13
 664 00fb 2E       		.uleb128 0x2e
 665 00fc 01       		.byte	0x1
 666 00fd 3F       		.uleb128 0x3f
 667 00fe 19       		.uleb128 0x19
 668 00ff 03       		.uleb128 0x3
 669 0100 0E       		.uleb128 0xe
 670 0101 3A       		.uleb128 0x3a
 671 0102 0B       		.uleb128 0xb
 672 0103 3B       		.uleb128 0x3b
 673 0104 05       		.uleb128 0x5
 674 0105 27       		.uleb128 0x27
 675 0106 19       		.uleb128 0x19
 676 0107 11       		.uleb128 0x11
 677 0108 01       		.uleb128 0x1
 678 0109 12       		.uleb128 0x12
 679 010a 06       		.uleb128 0x6
 680 010b 40       		.uleb128 0x40
 681 010c 18       		.uleb128 0x18
 682 010d 9742     		.uleb128 0x2117
 683 010f 19       		.uleb128 0x19
 684 0110 01       		.uleb128 0x1
 685 0111 13       		.uleb128 0x13
 686 0112 00       		.byte	0
 687 0113 00       		.byte	0
 688 0114 14       		.uleb128 0x14
 689 0115 05       		.uleb128 0x5
 690 0116 00       		.byte	0
 691 0117 03       		.uleb128 0x3
 692 0118 0E       		.uleb128 0xe
 693 0119 3A       		.uleb128 0x3a
 694 011a 0B       		.uleb128 0xb
 695 011b 3B       		.uleb128 0x3b
 696 011c 05       		.uleb128 0x5
 697 011d 49       		.uleb128 0x49
 698 011e 13       		.uleb128 0x13
 699 011f 02       		.uleb128 0x2
 700 0120 18       		.uleb128 0x18
 701 0121 00       		.byte	0
ARM GAS  C:\Users\Austina\AppData\Local\Temp\ccfD6dce.s 			page 18


 702 0122 00       		.byte	0
 703 0123 15       		.uleb128 0x15
 704 0124 05       		.uleb128 0x5
 705 0125 00       		.byte	0
 706 0126 03       		.uleb128 0x3
 707 0127 08       		.uleb128 0x8
 708 0128 3A       		.uleb128 0x3a
 709 0129 0B       		.uleb128 0xb
 710 012a 3B       		.uleb128 0x3b
 711 012b 05       		.uleb128 0x5
 712 012c 49       		.uleb128 0x49
 713 012d 13       		.uleb128 0x13
 714 012e 02       		.uleb128 0x2
 715 012f 18       		.uleb128 0x18
 716 0130 00       		.byte	0
 717 0131 00       		.byte	0
 718 0132 16       		.uleb128 0x16
 719 0133 2E       		.uleb128 0x2e
 720 0134 00       		.byte	0
 721 0135 3F       		.uleb128 0x3f
 722 0136 19       		.uleb128 0x19
 723 0137 3C       		.uleb128 0x3c
 724 0138 19       		.uleb128 0x19
 725 0139 6E       		.uleb128 0x6e
 726 013a 0E       		.uleb128 0xe
 727 013b 03       		.uleb128 0x3
 728 013c 0E       		.uleb128 0xe
 729 013d 3A       		.uleb128 0x3a
 730 013e 0B       		.uleb128 0xb
 731 013f 3B       		.uleb128 0x3b
 732 0140 05       		.uleb128 0x5
 733 0141 00       		.byte	0
 734 0142 00       		.byte	0
 735 0143 00       		.byte	0
 736              		.section	.debug_loc,"",%progbits
 737              	.Ldebug_loc0:
 738              	.LLST0:
 739 0000 00000000 		.4byte	.LVL0
 740 0004 0A000000 		.4byte	.LVL2
 741 0008 0100     		.2byte	0x1
 742 000a 50       		.byte	0x50
 743 000b 0A000000 		.4byte	.LVL2
 744 000f 2A000000 		.4byte	.LFE0
 745 0013 0400     		.2byte	0x4
 746 0015 F3       		.byte	0xf3
 747 0016 01       		.uleb128 0x1
 748 0017 50       		.byte	0x50
 749 0018 9F       		.byte	0x9f
 750 0019 00000000 		.4byte	0
 751 001d 00000000 		.4byte	0
 752              	.LLST1:
 753 0021 00000000 		.4byte	.LVL0
 754 0025 0D000000 		.4byte	.LVL3-1
 755 0029 0100     		.2byte	0x1
 756 002b 51       		.byte	0x51
 757 002c 0D000000 		.4byte	.LVL3-1
 758 0030 2A000000 		.4byte	.LFE0
ARM GAS  C:\Users\Austina\AppData\Local\Temp\ccfD6dce.s 			page 19


 759 0034 0100     		.2byte	0x1
 760 0036 56       		.byte	0x56
 761 0037 00000000 		.4byte	0
 762 003b 00000000 		.4byte	0
 763              	.LLST2:
 764 003f 00000000 		.4byte	.LVL0
 765 0043 0D000000 		.4byte	.LVL3-1
 766 0047 0100     		.2byte	0x1
 767 0049 52       		.byte	0x52
 768 004a 0D000000 		.4byte	.LVL3-1
 769 004e 2A000000 		.4byte	.LFE0
 770 0052 0100     		.2byte	0x1
 771 0054 57       		.byte	0x57
 772 0055 00000000 		.4byte	0
 773 0059 00000000 		.4byte	0
 774              	.LLST3:
 775 005d 06000000 		.4byte	.LVL1
 776 0061 10000000 		.4byte	.LVL4
 777 0065 0200     		.2byte	0x2
 778 0067 30       		.byte	0x30
 779 0068 9F       		.byte	0x9f
 780 0069 10000000 		.4byte	.LVL4
 781 006d 16000000 		.4byte	.LVL5
 782 0071 0100     		.2byte	0x1
 783 0073 50       		.byte	0x50
 784 0074 16000000 		.4byte	.LVL5
 785 0078 2A000000 		.4byte	.LFE0
 786 007c 0100     		.2byte	0x1
 787 007e 55       		.byte	0x55
 788 007f 00000000 		.4byte	0
 789 0083 00000000 		.4byte	0
 790              	.LLST4:
 791 0087 06000000 		.4byte	.LVL1
 792 008b 10000000 		.4byte	.LVL4
 793 008f 0200     		.2byte	0x2
 794 0091 30       		.byte	0x30
 795 0092 9F       		.byte	0x9f
 796 0093 10000000 		.4byte	.LVL4
 797 0097 16000000 		.4byte	.LVL5
 798 009b 0100     		.2byte	0x1
 799 009d 50       		.byte	0x50
 800 009e 16000000 		.4byte	.LVL5
 801 00a2 26000000 		.4byte	.LVL7
 802 00a6 0100     		.2byte	0x1
 803 00a8 55       		.byte	0x55
 804 00a9 00000000 		.4byte	0
 805 00ad 00000000 		.4byte	0
 806              	.LLST5:
 807 00b1 06000000 		.4byte	.LVL1
 808 00b5 1A000000 		.4byte	.LVL6
 809 00b9 0200     		.2byte	0x2
 810 00bb 30       		.byte	0x30
 811 00bc 9F       		.byte	0x9f
 812 00bd 1A000000 		.4byte	.LVL6
 813 00c1 28000000 		.4byte	.LVL8
 814 00c5 0100     		.2byte	0x1
 815 00c7 50       		.byte	0x50
ARM GAS  C:\Users\Austina\AppData\Local\Temp\ccfD6dce.s 			page 20


 816 00c8 00000000 		.4byte	0
 817 00cc 00000000 		.4byte	0
 818              		.section	.debug_aranges,"",%progbits
 819 0000 24000000 		.4byte	0x24
 820 0004 0200     		.2byte	0x2
 821 0006 00000000 		.4byte	.Ldebug_info0
 822 000a 04       		.byte	0x4
 823 000b 00       		.byte	0
 824 000c 0000     		.2byte	0
 825 000e 0000     		.2byte	0
 826 0010 00000000 		.4byte	.LFB0
 827 0014 2A000000 		.4byte	.LFE0-.LFB0
 828 0018 00000000 		.4byte	.LFB1
 829 001c 02000000 		.4byte	.LFE1-.LFB1
 830 0020 00000000 		.4byte	0
 831 0024 00000000 		.4byte	0
 832              		.section	.debug_ranges,"",%progbits
 833              	.Ldebug_ranges0:
 834 0000 00000000 		.4byte	.LFB0
 835 0004 2A000000 		.4byte	.LFE0
 836 0008 00000000 		.4byte	.LFB1
 837 000c 02000000 		.4byte	.LFE1
 838 0010 00000000 		.4byte	0
 839 0014 00000000 		.4byte	0
 840              		.section	.debug_line,"",%progbits
 841              	.Ldebug_line0:
 842 0000 86010000 		.section	.debug_str,"MS",%progbits,1
 842      02004B01 
 842      00000201 
 842      FB0E0D00 
 842      01010101 
 843              	.LASF4:
 844 0000 73686F72 		.ascii	"short int\000"
 844      7420696E 
 844      7400
 845              	.LASF29:
 846 000a 64744765 		.ascii	"dtGesture\000"
 846      73747572 
 846      6500
 847              	.LASF20:
 848 0014 64697669 		.ascii	"divisorValue\000"
 848      736F7256 
 848      616C7565 
 848      00
 849              	.LASF33:
 850 0021 474E5520 		.ascii	"GNU C11 5.4.1 20160609 (release) [ARM/embedded-5-br"
 850      43313120 
 850      352E342E 
 850      31203230 
 850      31363036 
 851 0054 616E6368 		.ascii	"anch revision 237715] -mcpu=cortex-m4 -mfloat-abi=s"
 851      20726576 
 851      6973696F 
 851      6E203233 
 851      37373135 
 852 0087 6F667466 		.ascii	"oftfp -mfpu=fpv4-sp-d16 -mthumb -g -Og -ffunction-s"
 852      70202D6D 
ARM GAS  C:\Users\Austina\AppData\Local\Temp\ccfD6dce.s 			page 21


 852      6670753D 
 852      66707634 
 852      2D73702D 
 853 00ba 65637469 		.ascii	"ections -ffat-lto-objects\000"
 853      6F6E7320 
 853      2D666661 
 853      742D6C74 
 853      6F2D6F62 
 854              	.LASF8:
 855 00d4 5F5F7569 		.ascii	"__uint32_t\000"
 855      6E743332 
 855      5F7400
 856              	.LASF5:
 857 00df 5F5F7569 		.ascii	"__uint16_t\000"
 857      6E743136 
 857      5F7400
 858              	.LASF13:
 859 00ea 75696E74 		.ascii	"uint8_t\000"
 859      385F7400 
 860              	.LASF35:
 861 00f2 433A5C41 		.ascii	"C:\\Alen\\GitHub_Denzerek\\BLEControlledArm\\BLECon"
 861      6C656E5C 
 861      47697448 
 861      75625F44 
 861      656E7A65 
 862 0121 74726F6C 		.ascii	"trolledArm\\BLE_ARM_Workspace\\CapSense_Basic.cydsn"
 862      6C656441 
 862      726D5C42 
 862      4C455F41 
 862      524D5F57 
 863 0152 00       		.ascii	"\000"
 864              	.LASF34:
 865 0153 47656E65 		.ascii	"Generated_Source\\PSoC6\\CapSense_TMG.c\000"
 865      72617465 
 865      645F536F 
 865      75726365 
 865      5C50536F 
 866              	.LASF10:
 867 0179 6C6F6E67 		.ascii	"long long int\000"
 867      206C6F6E 
 867      6720696E 
 867      7400
 868              	.LASF7:
 869 0187 6C6F6E67 		.ascii	"long int\000"
 869      20696E74 
 869      00
 870              	.LASF36:
 871 0190 43617053 		.ascii	"CapSense_TMG_DecodeAllGestures\000"
 871      656E7365 
 871      5F544D47 
 871      5F446563 
 871      6F646541 
 872              	.LASF2:
 873 01af 5F5F7569 		.ascii	"__uint8_t\000"
 873      6E74385F 
 873      7400
 874              	.LASF23:
ARM GAS  C:\Users\Austina\AppData\Local\Temp\ccfD6dce.s 			page 22


 875 01b9 43617053 		.ascii	"CapSense_TMG_BALLISTIC_MULT\000"
 875      656E7365 
 875      5F544D47 
 875      5F42414C 
 875      4C495354 
 876              	.LASF1:
 877 01d5 756E7369 		.ascii	"unsigned char\000"
 877      676E6564 
 877      20636861 
 877      7200
 878              	.LASF0:
 879 01e3 7369676E 		.ascii	"signed char\000"
 879      65642063 
 879      68617200 
 880              	.LASF11:
 881 01ef 6C6F6E67 		.ascii	"long long unsigned int\000"
 881      206C6F6E 
 881      6720756E 
 881      7369676E 
 881      65642069 
 882              	.LASF16:
 883 0206 75696E74 		.ascii	"uint32_t\000"
 883      33325F74 
 883      00
 884              	.LASF18:
 885 020f 61636365 		.ascii	"accelCoeff\000"
 885      6C436F65 
 885      666600
 886              	.LASF12:
 887 021a 756E7369 		.ascii	"unsigned int\000"
 887      676E6564 
 887      20696E74 
 887      00
 888              	.LASF15:
 889 0227 75696E74 		.ascii	"uint16_t\000"
 889      31365F74 
 889      00
 890              	.LASF32:
 891 0230 47657374 		.ascii	"Gesture_DecodeFlickGestures\000"
 891      7572655F 
 891      4465636F 
 891      6465466C 
 891      69636B47 
 892              	.LASF37:
 893 024c 43617053 		.ascii	"CapSense_TMG_BallisticsMultiplier\000"
 893      656E7365 
 893      5F544D47 
 893      5F42616C 
 893      6C697374 
 894              	.LASF6:
 895 026e 73686F72 		.ascii	"short unsigned int\000"
 895      7420756E 
 895      7369676E 
 895      65642069 
 895      6E7400
 896              	.LASF28:
 897 0281 73744765 		.ascii	"stGesture\000"
ARM GAS  C:\Users\Austina\AppData\Local\Temp\ccfD6dce.s 			page 23


 897      73747572 
 897      6500
 898              	.LASF14:
 899 028b 696E7431 		.ascii	"int16_t\000"
 899      365F7400 
 900              	.LASF24:
 901 0293 43617053 		.ascii	"CapSense_TMG_POSITION_STRUCT\000"
 901      656E7365 
 901      5F544D47 
 901      5F504F53 
 901      4954494F 
 902              	.LASF9:
 903 02b0 6C6F6E67 		.ascii	"long unsigned int\000"
 903      20756E73 
 903      69676E65 
 903      6420696E 
 903      7400
 904              	.LASF27:
 905 02c2 636C6963 		.ascii	"clickGesture\000"
 905      6B476573 
 905      74757265 
 905      00
 906              	.LASF26:
 907 02cf 67657374 		.ascii	"gestureID\000"
 907      75726549 
 907      4400
 908              	.LASF17:
 909 02d9 746F7563 		.ascii	"touchNumber\000"
 909      684E756D 
 909      62657200 
 910              	.LASF25:
 911 02e5 63757272 		.ascii	"currentTimestamp\000"
 911      656E7454 
 911      696D6573 
 911      74616D70 
 911      00
 912              	.LASF3:
 913 02f6 5F5F696E 		.ascii	"__int16_t\000"
 913      7431365F 
 913      7400
 914              	.LASF30:
 915 0300 62616C6C 		.ascii	"ballisticMultiplier\000"
 915      69737469 
 915      634D756C 
 915      7469706C 
 915      69657200 
 916              	.LASF31:
 917 0314 47657374 		.ascii	"Gesture_DecodeAllClickGestures\000"
 917      7572655F 
 917      4465636F 
 917      6465416C 
 917      6C436C69 
 918              	.LASF19:
 919 0333 73706565 		.ascii	"speedCoeff\000"
 919      64436F65 
 919      666600
 920              	.LASF21:
ARM GAS  C:\Users\Austina\AppData\Local\Temp\ccfD6dce.s 			page 24


 921 033e 73706565 		.ascii	"speedThresholdX\000"
 921      64546872 
 921      6573686F 
 921      6C645800 
 922              	.LASF22:
 923 034e 73706565 		.ascii	"speedThresholdY\000"
 923      64546872 
 923      6573686F 
 923      6C645900 
 924              		.ident	"GCC: (GNU Tools for ARM Embedded Processors) 5.4.1 20160609 (release) [ARM/embedded-5-bran
